******************************************************************************
                  TI ARM Linker PC v5.1.6                      
******************************************************************************
>> Linked Tue Oct 21 10:36:49 2014

OUTPUT FILE NAME:   <Bluetooth_Echo_Test.out>
ENTRY POINT SYMBOL: "_c_int00"  address: 00000879


MEMORY CONFIGURATION

         name            origin    length      used     unused   attr    fill
----------------------  --------  ---------  --------  --------  ----  --------
  FLASH                 00000000   00040000  00000b52  0003f4ae  R  X
  SRAM                  20000000   00008000  00000214  00007dec  RW X


SEGMENT ALLOCATION MAP

run origin  load origin   length   init length attrs members
----------  ----------- ---------- ----------- ----- -------
00000000    00000000    00000b58   00000b58    r-x
  00000000    00000000    0000026c   0000026c    r-- .intvecs
  0000026c    0000026c    00000836   00000836    r-x .text
  00000aa4    00000aa4    00000090   00000090    r-- .const
  00000b38    00000b38    00000020   00000020    r-- .cinit
20000000    20000000    00000214   00000000    rw-
  20000000    20000000    00000200   00000000    rw- .stack
  20000200    20000200    00000014   00000000    rw- .data


SECTION ALLOCATION MAP

 output                                  attributes/
section   page    origin      length       input sections
--------  ----  ----------  ----------   ----------------
.intvecs   0    00000000    0000026c     
                  00000000    0000026c     tm4c123gh6pm_startup_ccs.obj (.intvecs)

.init_array 
*          0    00000000    00000000     UNINITIALIZED

.text      0    0000026c    00000836     
                  0000026c    00000214     main.obj (.text)
                  00000480    00000130     driverlib.lib : gpio.obj (.text:GPIOPadConfigSet)
                  000005b0    000000f0                   : sysctl.obj (.text:SysCtlClockSet)
                  000006a0    0000009c     rtsv7M4_T_le_v4SPD16_eabi.lib : memcpy_t2.obj (.text)
                  0000073c    00000094                                   : auto_init.obj (.text)
                  000007d0    0000005e                                   : copy_decompress_rle.obj (.text)
                  0000082e    00000002     --HOLE-- [fill = 0]
                  00000830    00000048     driverlib.lib : gpio.obj (.text:GPIOPinConfigure)
                  00000878    00000048     rtsv7M4_T_le_v4SPD16_eabi.lib : boot.obj (.text)
                  000008c0    00000044                                   : cpy_tbl.obj (.text)
                  00000904    00000044                                   : exit.obj (.text)
                  00000948    00000040     driverlib.lib : uart.obj (.text:UARTConfigSetExpClk)
                  00000988    00000034                   : sysctl.obj (.text:SysCtlPeripheralEnable)
                  000009bc    0000002a                   : gpio.obj (.text:GPIODirModeSet)
                  000009e6    00000002     --HOLE-- [fill = 0]
                  000009e8    0000001c                   : uart.obj (.text:UARTDisable)
                  00000a04    00000018     rtsv7M4_T_le_v4SPD16_eabi.lib : args_main.obj (.text)
                  00000a1c    00000014     driverlib.lib : uart.obj (.text:UARTEnable)
                  00000a30    00000014     rtsv7M4_T_le_v4SPD16_eabi.lib : _lock.obj (.text)
                  00000a44    00000012     driverlib.lib : gpio.obj (.text:GPIOPinTypeUART)
                  00000a56    0000000e     rtsv7M4_T_le_v4SPD16_eabi.lib : copy_decompress_none.obj (.text:decompress:none)
                  00000a64    0000000c     driverlib.lib : uart.obj (.text:UARTFlowControlSet)
                  00000a70    0000000c     tm4c123gh6pm_startup_ccs.obj (.text)
                  00000a7c    0000000a     driverlib.lib : uart.obj (.text:UARTCharGet)
                  00000a86    0000000a                   : uart.obj (.text:UARTCharPut)
                  00000a90    00000006                   : sysctl.obj (.text:SysCtlDelay)
                  00000a96    00000006                   : uart.obj (.text:UARTClockSourceSet)
                  00000a9c    00000006     rtsv7M4_T_le_v4SPD16_eabi.lib : copy_decompress_rle.obj (.text:decompress:rle24)

.const     0    00000aa4    00000090     
                  00000aa4    00000090     driverlib.lib : gpio.obj (.const:g_pui32GPIOBaseAddrs)

.cinit     0    00000b38    00000020     
                  00000b38    0000000f     (.cinit..data.load) [load image, compression = rle]
                  00000b47    00000001     --HOLE-- [fill = 0]
                  00000b48    00000008     (__TI_handler_table)
                  00000b50    00000008     (__TI_cinit_table)

.stack     0    20000000    00000200     UNINITIALIZED
                  20000000    00000200     --HOLE--

.data      0    20000200    00000014     UNINITIALIZED
                  20000200    00000008     rtsv7M4_T_le_v4SPD16_eabi.lib : _lock.obj (.data)
                  20000208    00000008                                   : exit.obj (.data)
                  20000210    00000004                                   : stkdepth_vars.obj (.data)


LINKER GENERATED COPY TABLES

__TI_cinit_table @ 00000b50 records: 1, size/record: 8, table size: 8
	.data: load addr=00000b38, load size=0000000f bytes, run addr=20000200, run size=00000014 bytes, compression=rle


LINKER GENERATED HANDLER TABLE

__TI_handler_table @ 00000b48 records: 2, size/record: 4, table size: 8
	index: 0, handler: __TI_decompress_rle24
	index: 1, handler: __TI_decompress_none


GLOBAL SYMBOLS: SORTED ALPHABETICALLY BY Name 

address    name
--------   ----
00000905   C$$EXIT
0000026d   ConfigureUARTs
000009bd   GPIODirModeSet
00000481   GPIOPadConfigSet
00000831   GPIOPinConfigure
00000a45   GPIOPinTypeUART
00000a71   ResetISR
UNDEFED    SHT$$INIT_ARRAY$$Base
UNDEFED    SHT$$INIT_ARRAY$$Limit
000005b1   SysCtlClockSet
00000a91   SysCtlDelay
00000989   SysCtlPeripheralEnable
000002ff   UART1Println
00000a7d   UARTCharGet
00000a87   UARTCharPut
00000a97   UARTClockSourceSet
00000949   UARTConfigSetExpClk
000009e9   UARTDisable
00000a1d   UARTEnable
00000a65   UARTFlowControlSet
20000200   __STACK_END
00000200   __STACK_SIZE
20000200   __STACK_TOP
00000b50   __TI_CINIT_Base
00000b58   __TI_CINIT_Limit
00000b48   __TI_Handler_Table_Base
00000b50   __TI_Handler_Table_Limit
00000001   __TI_args_main
0000073d   __TI_auto_init
20000208   __TI_cleanup_ptr
00000a57   __TI_decompress_none
00000a9d   __TI_decompress_rle24
2000020c   __TI_dtors_ptr
00000000   __TI_static_base__
000006a1   __aeabi_memcpy
000006a1   __aeabi_memcpy4
000006a1   __aeabi_memcpy8
ffffffff   __binit__
ffffffff   __c_args__
20000000   __stack
00000a05   _args_main
00000879   _c_int00
20000200   _lock
00000a3f   _nop
00000a37   _register_lock
00000a31   _register_unlock
20000204   _unlock
00000909   abort
ffffffff   binit
000008c1   copy_in
00000911   exit
00000000   g_pfnVectors
0000032d   main
20000210   main_func_sp
000006a1   memcpy


GLOBAL SYMBOLS: SORTED BY Symbol Address 

address    name
--------   ----
00000000   __TI_static_base__
00000000   g_pfnVectors
00000001   __TI_args_main
00000200   __STACK_SIZE
0000026d   ConfigureUARTs
000002ff   UART1Println
0000032d   main
00000481   GPIOPadConfigSet
000005b1   SysCtlClockSet
000006a1   __aeabi_memcpy
000006a1   __aeabi_memcpy4
000006a1   __aeabi_memcpy8
000006a1   memcpy
0000073d   __TI_auto_init
00000831   GPIOPinConfigure
00000879   _c_int00
000008c1   copy_in
00000905   C$$EXIT
00000909   abort
00000911   exit
00000949   UARTConfigSetExpClk
00000989   SysCtlPeripheralEnable
000009bd   GPIODirModeSet
000009e9   UARTDisable
00000a05   _args_main
00000a1d   UARTEnable
00000a31   _register_unlock
00000a37   _register_lock
00000a3f   _nop
00000a45   GPIOPinTypeUART
00000a57   __TI_decompress_none
00000a65   UARTFlowControlSet
00000a71   ResetISR
00000a7d   UARTCharGet
00000a87   UARTCharPut
00000a91   SysCtlDelay
00000a97   UARTClockSourceSet
00000a9d   __TI_decompress_rle24
00000b48   __TI_Handler_Table_Base
00000b50   __TI_CINIT_Base
00000b50   __TI_Handler_Table_Limit
00000b58   __TI_CINIT_Limit
20000000   __stack
20000200   __STACK_END
20000200   __STACK_TOP
20000200   _lock
20000204   _unlock
20000208   __TI_cleanup_ptr
2000020c   __TI_dtors_ptr
20000210   main_func_sp
ffffffff   __binit__
ffffffff   __c_args__
ffffffff   binit
UNDEFED    SHT$$INIT_ARRAY$$Base
UNDEFED    SHT$$INIT_ARRAY$$Limit

[55 symbols]
