<?xml version="1.0"?>
<link_info>
   <banner>TI ARM Linker PC v5.1.6</banner>
   <copyright>Copyright (c) 1996-2014 Texas Instruments Incorporated</copyright>
   <link_time>0x545f053d</link_time>
   <link_errors>0x0</link_errors>
   <output_file>Integration_Test.out</output_file>
   <entry_point>
      <name>_c_int00</name>
      <address>0x34a1</address>
   </entry_point>
   <input_file_list>
      <input_file id="fl-2">
         <path>.\</path>
         <kind>object</kind>
         <file>main.obj</file>
         <name>main.obj</name>
      </input_file>
      <input_file id="fl-3">
         <path>.\</path>
         <kind>object</kind>
         <file>tm4c123gh6pm_startup_ccs.obj</file>
         <name>tm4c123gh6pm_startup_ccs.obj</name>
      </input_file>
      <input_file id="fl-4">
         <path>.\user_libs\</path>
         <kind>object</kind>
         <file>adc.obj</file>
         <name>adc.obj</name>
      </input_file>
      <input_file id="fl-5">
         <path>.\user_libs\</path>
         <kind>object</kind>
         <file>lcd.obj</file>
         <name>lcd.obj</name>
      </input_file>
      <input_file id="fl-6">
         <path>.\user_libs\</path>
         <kind>object</kind>
         <file>pwm.obj</file>
         <name>pwm.obj</name>
      </input_file>
      <input_file id="fl-7">
         <path>.\user_libs\</path>
         <kind>object</kind>
         <file>spi.obj</file>
         <name>spi.obj</name>
      </input_file>
      <input_file id="fl-8">
         <path>.\user_libs\</path>
         <kind>object</kind>
         <file>uart.obj</file>
         <name>uart.obj</name>
      </input_file>
      <input_file id="fl-d">
         <path>C:\ti\TivaWare_C_Series-2.1.0.12573\driverlib\ccs\Debug\</path>
         <kind>archive</kind>
         <file>driverlib.lib</file>
         <name>uart.obj</name>
      </input_file>
      <input_file id="fl-e">
         <path>C:\ti\TivaWare_C_Series-2.1.0.12573\driverlib\ccs\Debug\</path>
         <kind>archive</kind>
         <file>driverlib.lib</file>
         <name>timer.obj</name>
      </input_file>
      <input_file id="fl-f">
         <path>C:\ti\TivaWare_C_Series-2.1.0.12573\driverlib\ccs\Debug\</path>
         <kind>archive</kind>
         <file>driverlib.lib</file>
         <name>sysctl.obj</name>
      </input_file>
      <input_file id="fl-10">
         <path>C:\ti\TivaWare_C_Series-2.1.0.12573\driverlib\ccs\Debug\</path>
         <kind>archive</kind>
         <file>driverlib.lib</file>
         <name>ssi.obj</name>
      </input_file>
      <input_file id="fl-11">
         <path>C:\ti\TivaWare_C_Series-2.1.0.12573\driverlib\ccs\Debug\</path>
         <kind>archive</kind>
         <file>driverlib.lib</file>
         <name>pwm.obj</name>
      </input_file>
      <input_file id="fl-12">
         <path>C:\ti\TivaWare_C_Series-2.1.0.12573\driverlib\ccs\Debug\</path>
         <kind>archive</kind>
         <file>driverlib.lib</file>
         <name>interrupt.obj</name>
      </input_file>
      <input_file id="fl-13">
         <path>C:\ti\TivaWare_C_Series-2.1.0.12573\driverlib\ccs\Debug\</path>
         <kind>archive</kind>
         <file>driverlib.lib</file>
         <name>gpio.obj</name>
      </input_file>
      <input_file id="fl-14">
         <path>C:\ti\TivaWare_C_Series-2.1.0.12573\driverlib\ccs\Debug\</path>
         <kind>archive</kind>
         <file>driverlib.lib</file>
         <name>cpu.obj</name>
      </input_file>
      <input_file id="fl-15">
         <path>C:\ti\TivaWare_C_Series-2.1.0.12573\driverlib\ccs\Debug\</path>
         <kind>archive</kind>
         <file>driverlib.lib</file>
         <name>adc.obj</name>
      </input_file>
      <input_file id="fl-13f">
         <path>c:\ti\ccsv6\tools\compiler\arm_5.1.6\lib\</path>
         <kind>archive</kind>
         <file>rtsv7M4_T_le_v4SPD16_eabi.lib</file>
         <name>boot.obj</name>
      </input_file>
      <input_file id="fl-140">
         <path>c:\ti\ccsv6\tools\compiler\arm_5.1.6\lib\</path>
         <kind>archive</kind>
         <file>rtsv7M4_T_le_v4SPD16_eabi.lib</file>
         <name>copy_decompress_none.obj</name>
      </input_file>
      <input_file id="fl-141">
         <path>c:\ti\ccsv6\tools\compiler\arm_5.1.6\lib\</path>
         <kind>archive</kind>
         <file>rtsv7M4_T_le_v4SPD16_eabi.lib</file>
         <name>copy_decompress_rle.obj</name>
      </input_file>
      <input_file id="fl-142">
         <path>c:\ti\ccsv6\tools\compiler\arm_5.1.6\lib\</path>
         <kind>archive</kind>
         <file>rtsv7M4_T_le_v4SPD16_eabi.lib</file>
         <name>copy_zero_init.obj</name>
      </input_file>
      <input_file id="fl-143">
         <path>c:\ti\ccsv6\tools\compiler\arm_5.1.6\lib\</path>
         <kind>archive</kind>
         <file>rtsv7M4_T_le_v4SPD16_eabi.lib</file>
         <name>exit.obj</name>
      </input_file>
      <input_file id="fl-144">
         <path>c:\ti\ccsv6\tools\compiler\arm_5.1.6\lib\</path>
         <kind>archive</kind>
         <file>rtsv7M4_T_le_v4SPD16_eabi.lib</file>
         <name>fd_add_t2.obj</name>
      </input_file>
      <input_file id="fl-145">
         <path>c:\ti\ccsv6\tools\compiler\arm_5.1.6\lib\</path>
         <kind>archive</kind>
         <file>rtsv7M4_T_le_v4SPD16_eabi.lib</file>
         <name>fd_cmp_t2.obj</name>
      </input_file>
      <input_file id="fl-146">
         <path>c:\ti\ccsv6\tools\compiler\arm_5.1.6\lib\</path>
         <kind>archive</kind>
         <file>rtsv7M4_T_le_v4SPD16_eabi.lib</file>
         <name>fd_div_t2.obj</name>
      </input_file>
      <input_file id="fl-147">
         <path>c:\ti\ccsv6\tools\compiler\arm_5.1.6\lib\</path>
         <kind>archive</kind>
         <file>rtsv7M4_T_le_v4SPD16_eabi.lib</file>
         <name>fd_mul_t2.obj</name>
      </input_file>
      <input_file id="fl-148">
         <path>c:\ti\ccsv6\tools\compiler\arm_5.1.6\lib\</path>
         <kind>archive</kind>
         <file>rtsv7M4_T_le_v4SPD16_eabi.lib</file>
         <name>fd_tos_t2.obj</name>
      </input_file>
      <input_file id="fl-149">
         <path>c:\ti\ccsv6\tools\compiler\arm_5.1.6\lib\</path>
         <kind>archive</kind>
         <file>rtsv7M4_T_le_v4SPD16_eabi.lib</file>
         <name>fd_tou_t2.obj</name>
      </input_file>
      <input_file id="fl-14a">
         <path>c:\ti\ccsv6\tools\compiler\arm_5.1.6\lib\</path>
         <kind>archive</kind>
         <file>rtsv7M4_T_le_v4SPD16_eabi.lib</file>
         <name>fs_tod_t2.obj</name>
      </input_file>
      <input_file id="fl-14b">
         <path>c:\ti\ccsv6\tools\compiler\arm_5.1.6\lib\</path>
         <kind>archive</kind>
         <file>rtsv7M4_T_le_v4SPD16_eabi.lib</file>
         <name>i_tofd_t2.obj</name>
      </input_file>
      <input_file id="fl-14c">
         <path>c:\ti\ccsv6\tools\compiler\arm_5.1.6\lib\</path>
         <kind>archive</kind>
         <file>rtsv7M4_T_le_v4SPD16_eabi.lib</file>
         <name>memcpy_t2.obj</name>
      </input_file>
      <input_file id="fl-14d">
         <path>c:\ti\ccsv6\tools\compiler\arm_5.1.6\lib\</path>
         <kind>archive</kind>
         <file>rtsv7M4_T_le_v4SPD16_eabi.lib</file>
         <name>round.obj</name>
      </input_file>
      <input_file id="fl-14e">
         <path>c:\ti\ccsv6\tools\compiler\arm_5.1.6\lib\</path>
         <kind>archive</kind>
         <file>rtsv7M4_T_le_v4SPD16_eabi.lib</file>
         <name>sprintf.obj</name>
      </input_file>
      <input_file id="fl-14f">
         <path>c:\ti\ccsv6\tools\compiler\arm_5.1.6\lib\</path>
         <kind>archive</kind>
         <file>rtsv7M4_T_le_v4SPD16_eabi.lib</file>
         <name>stkdepth_vars.obj</name>
      </input_file>
      <input_file id="fl-150">
         <path>c:\ti\ccsv6\tools\compiler\arm_5.1.6\lib\</path>
         <kind>archive</kind>
         <file>rtsv7M4_T_le_v4SPD16_eabi.lib</file>
         <name>u_tofd_t2.obj</name>
      </input_file>
      <input_file id="fl-151">
         <path>c:\ti\ccsv6\tools\compiler\arm_5.1.6\lib\</path>
         <kind>archive</kind>
         <file>rtsv7M4_T_le_v4SPD16_eabi.lib</file>
         <name>xdint.obj</name>
      </input_file>
      <input_file id="fl-152">
         <path>c:\ti\ccsv6\tools\compiler\arm_5.1.6\lib\</path>
         <kind>archive</kind>
         <file>rtsv7M4_T_le_v4SPD16_eabi.lib</file>
         <name>xdtest.obj</name>
      </input_file>
      <input_file id="fl-153">
         <path>c:\ti\ccsv6\tools\compiler\arm_5.1.6\lib\</path>
         <kind>archive</kind>
         <file>rtsv7M4_T_le_v4SPD16_eabi.lib</file>
         <name>_lock.obj</name>
      </input_file>
      <input_file id="fl-154">
         <path>c:\ti\ccsv6\tools\compiler\arm_5.1.6\lib\</path>
         <kind>archive</kind>
         <file>rtsv7M4_T_le_v4SPD16_eabi.lib</file>
         <name>_printfi.obj</name>
      </input_file>
      <input_file id="fl-155">
         <path>c:\ti\ccsv6\tools\compiler\arm_5.1.6\lib\</path>
         <kind>archive</kind>
         <file>rtsv7M4_T_le_v4SPD16_eabi.lib</file>
         <name>args_main.obj</name>
      </input_file>
      <input_file id="fl-156">
         <path>c:\ti\ccsv6\tools\compiler\arm_5.1.6\lib\</path>
         <kind>archive</kind>
         <file>rtsv7M4_T_le_v4SPD16_eabi.lib</file>
         <name>atoi.obj</name>
      </input_file>
      <input_file id="fl-157">
         <path>c:\ti\ccsv6\tools\compiler\arm_5.1.6\lib\</path>
         <kind>archive</kind>
         <file>rtsv7M4_T_le_v4SPD16_eabi.lib</file>
         <name>auto_init.obj</name>
      </input_file>
      <input_file id="fl-158">
         <path>c:\ti\ccsv6\tools\compiler\arm_5.1.6\lib\</path>
         <kind>archive</kind>
         <file>rtsv7M4_T_le_v4SPD16_eabi.lib</file>
         <name>cpy_tbl.obj</name>
      </input_file>
      <input_file id="fl-159">
         <path>c:\ti\ccsv6\tools\compiler\arm_5.1.6\lib\</path>
         <kind>archive</kind>
         <file>rtsv7M4_T_le_v4SPD16_eabi.lib</file>
         <name>ctype.obj</name>
      </input_file>
      <input_file id="fl-15a">
         <path>c:\ti\ccsv6\tools\compiler\arm_5.1.6\lib\</path>
         <kind>archive</kind>
         <file>rtsv7M4_T_le_v4SPD16_eabi.lib</file>
         <name>fd_toi_t2.obj</name>
      </input_file>
      <input_file id="fl-15b">
         <path>c:\ti\ccsv6\tools\compiler\arm_5.1.6\lib\</path>
         <kind>archive</kind>
         <file>rtsv7M4_T_le_v4SPD16_eabi.lib</file>
         <name>ll_mul_t2.obj</name>
      </input_file>
      <input_file id="fl-15c">
         <path>c:\ti\ccsv6\tools\compiler\arm_5.1.6\lib\</path>
         <kind>archive</kind>
         <file>rtsv7M4_T_le_v4SPD16_eabi.lib</file>
         <name>ltoa.obj</name>
      </input_file>
      <input_file id="fl-15d">
         <path>c:\ti\ccsv6\tools\compiler\arm_5.1.6\lib\</path>
         <kind>archive</kind>
         <file>rtsv7M4_T_le_v4SPD16_eabi.lib</file>
         <name>memccpy.obj</name>
      </input_file>
      <input_file id="fl-15e">
         <path>c:\ti\ccsv6\tools\compiler\arm_5.1.6\lib\</path>
         <kind>archive</kind>
         <file>rtsv7M4_T_le_v4SPD16_eabi.lib</file>
         <name>memset_t2.obj</name>
      </input_file>
      <input_file id="fl-15f">
         <path>c:\ti\ccsv6\tools\compiler\arm_5.1.6\lib\</path>
         <kind>archive</kind>
         <file>rtsv7M4_T_le_v4SPD16_eabi.lib</file>
         <name>strlen.obj</name>
      </input_file>
      <input_file id="fl-160">
         <path>c:\ti\ccsv6\tools\compiler\arm_5.1.6\lib\</path>
         <kind>archive</kind>
         <file>rtsv7M4_T_le_v4SPD16_eabi.lib</file>
         <name>ull_div_t2.obj</name>
      </input_file>
      <input_file id="fl-161">
         <path>c:\ti\ccsv6\tools\compiler\arm_5.1.6\lib\</path>
         <kind>archive</kind>
         <file>rtsv7M4_T_le_v4SPD16_eabi.lib</file>
         <name>xdclass.obj</name>
      </input_file>
   </input_file_list>
   <object_component_list>
      <object_component id="oc-e">
         <name>.intvecs</name>
         <load_address>0x0</load_address>
         <run_address>0x0</run_address>
         <size>0x26c</size>
         <input_file_ref idref="fl-3"/>
      </object_component>
      <object_component id="oc-237">
         <name>.text</name>
         <load_address>0x26c</load_address>
         <run_address>0x26c</run_address>
         <size>0xec0</size>
         <input_file_ref idref="fl-154"/>
      </object_component>
      <object_component id="oc-2f">
         <name>.text</name>
         <load_address>0x112c</load_address>
         <run_address>0x112c</run_address>
         <size>0xa84</size>
         <input_file_ref idref="fl-2"/>
      </object_component>
      <object_component id="oc-b3">
         <name>.text</name>
         <load_address>0x1bb0</load_address>
         <run_address>0x1bb0</run_address>
         <size>0x270</size>
         <input_file_ref idref="fl-4"/>
      </object_component>
      <object_component id="oc-c5">
         <name>.text</name>
         <load_address>0x1e20</load_address>
         <run_address>0x1e20</run_address>
         <size>0x240</size>
         <input_file_ref idref="fl-6"/>
      </object_component>
      <object_component id="oc-2c8">
         <name>.text</name>
         <load_address>0x2060</load_address>
         <run_address>0x2060</run_address>
         <size>0x1f4</size>
         <input_file_ref idref="fl-160"/>
      </object_component>
      <object_component id="oc-bf">
         <name>.text</name>
         <load_address>0x2254</load_address>
         <run_address>0x2254</run_address>
         <size>0x1ec</size>
         <input_file_ref idref="fl-5"/>
      </object_component>
      <object_component id="oc-ec">
         <name>.text</name>
         <load_address>0x2440</load_address>
         <run_address>0x2440</run_address>
         <size>0x1b6</size>
         <input_file_ref idref="fl-144"/>
      </object_component>
      <object_component id="oc-ad">
         <name>.text</name>
         <load_address>0x25f8</load_address>
         <run_address>0x25f8</run_address>
         <size>0x170</size>
         <input_file_ref idref="fl-7"/>
      </object_component>
      <object_component id="oc-106">
         <name>.text</name>
         <load_address>0x2768</load_address>
         <run_address>0x2768</run_address>
         <size>0x136</size>
         <input_file_ref idref="fl-146"/>
      </object_component>
      <object_component id="oc-284">
         <name>.text:GPIOPadConfigSet</name>
         <load_address>0x289e</load_address>
         <run_address>0x289e</run_address>
         <size>0x130</size>
         <input_file_ref idref="fl-13"/>
      </object_component>
      <object_component id="oc-89">
         <name>.text:SysCtlClockGet</name>
         <load_address>0x29d0</load_address>
         <run_address>0x29d0</run_address>
         <size>0x118</size>
         <input_file_ref idref="fl-f"/>
      </object_component>
      <object_component id="oc-e7">
         <name>.text</name>
         <load_address>0x2ae8</load_address>
         <run_address>0x2ae8</run_address>
         <size>0xfc</size>
         <input_file_ref idref="fl-147"/>
      </object_component>
      <object_component id="oc-77">
         <name>.text:SysCtlClockSet</name>
         <load_address>0x2be4</load_address>
         <run_address>0x2be4</run_address>
         <size>0xf0</size>
         <input_file_ref idref="fl-f"/>
      </object_component>
      <object_component id="oc-253">
         <name>.text</name>
         <load_address>0x2cd4</load_address>
         <run_address>0x2cd4</run_address>
         <size>0xc4</size>
         <input_file_ref idref="fl-151"/>
      </object_component>
      <object_component id="oc-b9">
         <name>.text</name>
         <load_address>0x2d98</load_address>
         <run_address>0x2d98</run_address>
         <size>0xb4</size>
         <input_file_ref idref="fl-8"/>
      </object_component>
      <object_component id="oc-4d">
         <name>.text</name>
         <load_address>0x2e4c</load_address>
         <run_address>0x2e4c</run_address>
         <size>0x9c</size>
         <input_file_ref idref="fl-14c"/>
      </object_component>
      <object_component id="oc-38">
         <name>.text</name>
         <load_address>0x2ee8</load_address>
         <run_address>0x2ee8</run_address>
         <size>0x94</size>
         <input_file_ref idref="fl-157"/>
      </object_component>
      <object_component id="oc-fc">
         <name>.text:__aeabi_cdcmple</name>
         <load_address>0x2f7c</load_address>
         <run_address>0x2f7c</run_address>
         <size>0x86</size>
         <input_file_ref idref="fl-145"/>
      </object_component>
      <object_component id="oc-2d8">
         <name>.text:__aeabi_cdrcmple</name>
         <load_address>0x3002</load_address>
         <run_address>0x3002</run_address>
         <size>0x86</size>
         <input_file_ref idref="fl-145"/>
      </object_component>
      <object_component id="oc-1b3">
         <name>.text:ADCSequenceStepConfigure</name>
         <load_address>0x3088</load_address>
         <run_address>0x3088</run_address>
         <size>0x80</size>
         <input_file_ref idref="fl-15"/>
      </object_component>
      <object_component id="oc-2e8">
         <name>.text</name>
         <load_address>0x3108</load_address>
         <run_address>0x3108</run_address>
         <size>0x78</size>
         <input_file_ref idref="fl-15e"/>
      </object_component>
      <object_component id="oc-f6">
         <name>.text</name>
         <load_address>0x3180</load_address>
         <run_address>0x3180</run_address>
         <size>0x68</size>
         <input_file_ref idref="fl-14d"/>
      </object_component>
      <object_component id="oc-95">
         <name>.text:IntEnable</name>
         <load_address>0x31e8</load_address>
         <run_address>0x31e8</run_address>
         <size>0x60</size>
         <input_file_ref idref="fl-12"/>
      </object_component>
      <object_component id="oc-d1">
         <name>.text</name>
         <load_address>0x3248</load_address>
         <run_address>0x3248</run_address>
         <size>0x60</size>
         <input_file_ref idref="fl-14e"/>
      </object_component>
      <object_component id="oc-60">
         <name>.text</name>
         <load_address>0x32a8</load_address>
         <run_address>0x32a8</run_address>
         <size>0x5e</size>
         <input_file_ref idref="fl-141"/>
      </object_component>
      <object_component id="oc-83">
         <name>.text:TimerConfigure</name>
         <load_address>0x3308</load_address>
         <run_address>0x3308</run_address>
         <size>0x5c</size>
         <input_file_ref idref="fl-e"/>
      </object_component>
      <object_component id="oc-2e2">
         <name>.text</name>
         <load_address>0x3364</load_address>
         <run_address>0x3364</run_address>
         <size>0x5a</size>
         <input_file_ref idref="fl-15c"/>
      </object_component>
      <object_component id="oc-2f9">
         <name>.text</name>
         <load_address>0x33c0</load_address>
         <run_address>0x33c0</run_address>
         <size>0x4c</size>
         <input_file_ref idref="fl-156"/>
      </object_component>
      <object_component id="oc-f1">
         <name>.text</name>
         <load_address>0x340c</load_address>
         <run_address>0x340c</run_address>
         <size>0x4a</size>
         <input_file_ref idref="fl-148"/>
      </object_component>
      <object_component id="oc-17b">
         <name>.text:GPIOPinConfigure</name>
         <load_address>0x3458</load_address>
         <run_address>0x3458</run_address>
         <size>0x48</size>
         <input_file_ref idref="fl-13"/>
      </object_component>
      <object_component id="oc-11">
         <name>.text</name>
         <load_address>0x34a0</load_address>
         <run_address>0x34a0</run_address>
         <size>0x48</size>
         <input_file_ref idref="fl-13f"/>
      </object_component>
      <object_component id="oc-2dd">
         <name>.text</name>
         <load_address>0x34e8</load_address>
         <run_address>0x34e8</run_address>
         <size>0x48</size>
         <input_file_ref idref="fl-15a"/>
      </object_component>
      <object_component id="oc-123">
         <name>.text</name>
         <load_address>0x3530</load_address>
         <run_address>0x3530</run_address>
         <size>0x44</size>
         <input_file_ref idref="fl-158"/>
      </object_component>
      <object_component id="oc-43">
         <name>.text</name>
         <load_address>0x3574</load_address>
         <run_address>0x3574</run_address>
         <size>0x44</size>
         <input_file_ref idref="fl-143"/>
      </object_component>
      <object_component id="oc-1d7">
         <name>.text</name>
         <load_address>0x35b8</load_address>
         <run_address>0x35b8</run_address>
         <size>0x44</size>
         <input_file_ref idref="fl-149"/>
      </object_component>
      <object_component id="oc-24d">
         <name>.text</name>
         <load_address>0x35fc</load_address>
         <run_address>0x35fc</run_address>
         <size>0x44</size>
         <input_file_ref idref="fl-152"/>
      </object_component>
      <object_component id="oc-187">
         <name>.text:SSIConfigSetExpClk</name>
         <load_address>0x3640</load_address>
         <run_address>0x3640</run_address>
         <size>0x42</size>
         <input_file_ref idref="fl-10"/>
      </object_component>
      <object_component id="oc-1ed">
         <name>.text:UARTConfigSetExpClk</name>
         <load_address>0x3682</load_address>
         <run_address>0x3682</run_address>
         <size>0x40</size>
         <input_file_ref idref="fl-d"/>
      </object_component>
      <object_component id="oc-1ad">
         <name>.text:ADCSequenceConfigure</name>
         <load_address>0x36c2</load_address>
         <run_address>0x36c2</run_address>
         <size>0x3e</size>
         <input_file_ref idref="fl-15"/>
      </object_component>
      <object_component id="oc-d7">
         <name>.text</name>
         <load_address>0x3700</load_address>
         <run_address>0x3700</run_address>
         <size>0x38</size>
         <input_file_ref idref="fl-14a"/>
      </object_component>
      <object_component id="oc-7d">
         <name>.text:SysCtlPeripheralEnable</name>
         <load_address>0x3738</load_address>
         <run_address>0x3738</run_address>
         <size>0x34</size>
         <input_file_ref idref="fl-f"/>
      </object_component>
      <object_component id="oc-1cb">
         <name>.text:ADCIntStatus</name>
         <load_address>0x376c</load_address>
         <run_address>0x376c</run_address>
         <size>0x2e</size>
         <input_file_ref idref="fl-15"/>
      </object_component>
      <object_component id="oc-101">
         <name>.text</name>
         <load_address>0x379a</load_address>
         <run_address>0x379a</run_address>
         <size>0x2e</size>
         <input_file_ref idref="fl-14b"/>
      </object_component>
      <object_component id="oc-28a">
         <name>.text:GPIODirModeSet</name>
         <load_address>0x37c8</load_address>
         <run_address>0x37c8</run_address>
         <size>0x2a</size>
         <input_file_ref idref="fl-13"/>
      </object_component>
      <object_component id="oc-215">
         <name>.text:PWMGenConfigure</name>
         <load_address>0x37f2</load_address>
         <run_address>0x37f2</run_address>
         <size>0x22</size>
         <input_file_ref idref="fl-11"/>
      </object_component>
      <object_component id="oc-e2">
         <name>.text</name>
         <load_address>0x3814</load_address>
         <run_address>0x3814</run_address>
         <size>0x20</size>
         <input_file_ref idref="fl-150"/>
      </object_component>
      <object_component id="oc-1d1">
         <name>.text:ADCSequenceDataGet</name>
         <load_address>0x3834</load_address>
         <run_address>0x3834</run_address>
         <size>0x1e</size>
         <input_file_ref idref="fl-15"/>
      </object_component>
      <object_component id="oc-221">
         <name>.text:PWMPulseWidthSet</name>
         <load_address>0x3852</load_address>
         <run_address>0x3852</run_address>
         <size>0x1e</size>
         <input_file_ref idref="fl-11"/>
      </object_component>
      <object_component id="oc-2ae">
         <name>.text:UARTDisable</name>
         <load_address>0x3870</load_address>
         <run_address>0x3870</run_address>
         <size>0x1c</size>
         <input_file_ref idref="fl-d"/>
      </object_component>
      <object_component id="oc-2f3">
         <name>.text</name>
         <load_address>0x388c</load_address>
         <run_address>0x388c</run_address>
         <size>0x1c</size>
         <input_file_ref idref="fl-15d"/>
      </object_component>
      <object_component id="oc-16f">
         <name>.text:GPIOPinTypeGPIOOutput</name>
         <load_address>0x38a8</load_address>
         <run_address>0x38a8</run_address>
         <size>0x18</size>
         <input_file_ref idref="fl-13"/>
      </object_component>
      <object_component id="oc-3d">
         <name>.text</name>
         <load_address>0x38c0</load_address>
         <run_address>0x38c0</run_address>
         <size>0x18</size>
         <input_file_ref idref="fl-155"/>
      </object_component>
      <object_component id="oc-2cd">
         <name>.text</name>
         <load_address>0x38d8</load_address>
         <run_address>0x38d8</run_address>
         <size>0x18</size>
         <input_file_ref idref="fl-15b"/>
      </object_component>
      <object_component id="oc-1c5">
         <name>.text:ADCProcessorTrigger</name>
         <load_address>0x38f0</load_address>
         <run_address>0x38f0</run_address>
         <size>0x16</size>
         <input_file_ref idref="fl-15"/>
      </object_component>
      <object_component id="oc-209">
         <name>.text:SysCtlPWMClockSet</name>
         <load_address>0x3908</load_address>
         <run_address>0x3908</run_address>
         <size>0x14</size>
         <input_file_ref idref="fl-f"/>
      </object_component>
      <object_component id="oc-1f9">
         <name>.text:UARTEnable</name>
         <load_address>0x391c</load_address>
         <run_address>0x391c</run_address>
         <size>0x14</size>
         <input_file_ref idref="fl-d"/>
      </object_component>
      <object_component id="oc-266">
         <name>.text</name>
         <load_address>0x3930</load_address>
         <run_address>0x3930</run_address>
         <size>0x14</size>
         <input_file_ref idref="fl-153"/>
      </object_component>
      <object_component id="oc-2d2">
         <name>.text</name>
         <load_address>0x3944</load_address>
         <run_address>0x3944</run_address>
         <size>0x14</size>
         <input_file_ref idref="fl-15f"/>
      </object_component>
      <object_component id="oc-20f">
         <name>.text:GPIOPinTypePWM</name>
         <load_address>0x3958</load_address>
         <run_address>0x3958</run_address>
         <size>0x12</size>
         <input_file_ref idref="fl-13"/>
      </object_component>
      <object_component id="oc-181">
         <name>.text:GPIOPinTypeSSI</name>
         <load_address>0x396a</load_address>
         <run_address>0x396a</run_address>
         <size>0x12</size>
         <input_file_ref idref="fl-13"/>
      </object_component>
      <object_component id="oc-1e1">
         <name>.text:GPIOPinTypeUART</name>
         <load_address>0x397c</load_address>
         <run_address>0x397c</run_address>
         <size>0x12</size>
         <input_file_ref idref="fl-13"/>
      </object_component>
      <object_component id="oc-22d">
         <name>.text:PWMOutputState</name>
         <load_address>0x398e</load_address>
         <run_address>0x398e</run_address>
         <size>0x12</size>
         <input_file_ref idref="fl-11"/>
      </object_component>
      <object_component id="oc-19f">
         <name>.text:SSIDataGetNonBlocking</name>
         <load_address>0x39a0</load_address>
         <run_address>0x39a0</run_address>
         <size>0x12</size>
         <input_file_ref idref="fl-10"/>
      </object_component>
      <object_component id="oc-8f">
         <name>.text:TimerLoadSet</name>
         <load_address>0x39b2</load_address>
         <run_address>0x39b2</run_address>
         <size>0x12</size>
         <input_file_ref idref="fl-e"/>
      </object_component>
      <object_component id="oc-1c">
         <name>.text:decompress:ZI</name>
         <load_address>0x39c4</load_address>
         <run_address>0x39c4</run_address>
         <size>0x12</size>
         <input_file_ref idref="fl-142"/>
      </object_component>
      <object_component id="oc-2ed">
         <name>.text</name>
         <load_address>0x39d6</load_address>
         <run_address>0x39d6</run_address>
         <size>0x12</size>
         <input_file_ref idref="fl-161"/>
      </object_component>
      <object_component id="oc-21b">
         <name>.text:PWMGenPeriodSet</name>
         <load_address>0x39e8</load_address>
         <run_address>0x39e8</run_address>
         <size>0x10</size>
         <input_file_ref idref="fl-11"/>
      </object_component>
      <object_component id="oc-1b9">
         <name>.text:ADCSequenceEnable</name>
         <load_address>0x39f8</load_address>
         <run_address>0x39f8</run_address>
         <size>0xe</size>
         <input_file_ref idref="fl-15"/>
      </object_component>
      <object_component id="oc-a7">
         <name>.text:TimerEnable</name>
         <load_address>0x3a06</load_address>
         <run_address>0x3a06</run_address>
         <size>0xe</size>
         <input_file_ref idref="fl-e"/>
      </object_component>
      <object_component id="oc-16">
         <name>.text:decompress:none</name>
         <load_address>0x3a14</load_address>
         <run_address>0x3a14</run_address>
         <size>0xe</size>
         <input_file_ref idref="fl-140"/>
      </object_component>
      <object_component id="oc-162">
         <name>.text:CPUcpsie</name>
         <load_address>0x3a22</load_address>
         <run_address>0x3a22</run_address>
         <size>0xc</size>
         <input_file_ref idref="fl-14"/>
      </object_component>
      <object_component id="oc-227">
         <name>.text:PWMGenEnable</name>
         <load_address>0x3a2e</load_address>
         <run_address>0x3a2e</run_address>
         <size>0xc</size>
         <input_file_ref idref="fl-11"/>
      </object_component>
      <object_component id="oc-1a5">
         <name>.text:SSIDataGet</name>
         <load_address>0x3a3a</load_address>
         <run_address>0x3a3a</run_address>
         <size>0xc</size>
         <input_file_ref idref="fl-10"/>
      </object_component>
      <object_component id="oc-1f3">
         <name>.text:UARTFlowControlSet</name>
         <load_address>0x3a46</load_address>
         <run_address>0x3a46</run_address>
         <size>0xc</size>
         <input_file_ref idref="fl-d"/>
      </object_component>
      <object_component id="oc-29">
         <name>.text</name>
         <load_address>0x3a52</load_address>
         <run_address>0x3a52</run_address>
         <size>0xc</size>
         <input_file_ref idref="fl-3"/>
      </object_component>
      <object_component id="oc-1bf">
         <name>.text:ADCIntClear</name>
         <load_address>0x3a5e</load_address>
         <run_address>0x3a5e</run_address>
         <size>0xa</size>
         <input_file_ref idref="fl-15"/>
      </object_component>
      <object_component id="oc-a1">
         <name>.text:IntMasterEnable</name>
         <load_address>0x3a68</load_address>
         <run_address>0x3a68</run_address>
         <size>0xa</size>
         <input_file_ref idref="fl-12"/>
      </object_component>
      <object_component id="oc-193">
         <name>.text:SSIDataPut</name>
         <load_address>0x3a72</load_address>
         <run_address>0x3a72</run_address>
         <size>0xa</size>
         <input_file_ref idref="fl-10"/>
      </object_component>
      <object_component id="oc-18d">
         <name>.text:SSIEnable</name>
         <load_address>0x3a7c</load_address>
         <run_address>0x3a7c</run_address>
         <size>0xa</size>
         <input_file_ref idref="fl-10"/>
      </object_component>
      <object_component id="oc-cb">
         <name>.text:UARTCharGet</name>
         <load_address>0x3a86</load_address>
         <run_address>0x3a86</run_address>
         <size>0xa</size>
         <input_file_ref idref="fl-d"/>
      </object_component>
      <object_component id="oc-1ff">
         <name>.text:UARTCharPut</name>
         <load_address>0x3a90</load_address>
         <run_address>0x3a90</run_address>
         <size>0xa</size>
         <input_file_ref idref="fl-d"/>
      </object_component>
      <object_component id="oc-199">
         <name>.text:SSIBusy</name>
         <load_address>0x3a9a</load_address>
         <run_address>0x3a9a</run_address>
         <size>0x8</size>
         <input_file_ref idref="fl-10"/>
      </object_component>
      <object_component id="oc-9b">
         <name>.text:TimerIntEnable</name>
         <load_address>0x3aa2</load_address>
         <run_address>0x3aa2</run_address>
         <size>0x8</size>
         <input_file_ref idref="fl-e"/>
      </object_component>
      <object_component id="oc-175">
         <name>.text:GPIOPinWrite</name>
         <load_address>0x3aaa</load_address>
         <run_address>0x3aaa</run_address>
         <size>0x6</size>
         <input_file_ref idref="fl-13"/>
      </object_component>
      <object_component id="oc-152">
         <name>.text:SysCtlDelay</name>
         <load_address>0x3ab0</load_address>
         <run_address>0x3ab0</run_address>
         <size>0x6</size>
         <input_file_ref idref="fl-f"/>
      </object_component>
      <object_component id="oc-1e7">
         <name>.text:UARTClockSourceSet</name>
         <load_address>0x3ab6</load_address>
         <run_address>0x3ab6</run_address>
         <size>0x6</size>
         <input_file_ref idref="fl-d"/>
      </object_component>
      <object_component id="oc-22">
         <name>.text:decompress:rle24</name>
         <load_address>0x3abc</load_address>
         <run_address>0x3abc</run_address>
         <size>0x6</size>
         <input_file_ref idref="fl-141"/>
      </object_component>
      <object_component id="oc-6e">
         <name>.text:TimerIntClear</name>
         <load_address>0x3ac2</load_address>
         <run_address>0x3ac2</run_address>
         <size>0x4</size>
         <input_file_ref idref="fl-e"/>
      </object_component>
      <object_component id="oc-33b">
         <name>.const:.string:_ctypes_</name>
         <load_address>0x3ac8</load_address>
         <run_address>0x3ac8</run_address>
         <size>0x102</size>
         <input_file_ref idref="fl-159"/>
      </object_component>
      <object_component id="oc-293">
         <name>.const:g_pui32GPIOBaseAddrs</name>
         <load_address>0x3bcc</load_address>
         <run_address>0x3bcc</run_address>
         <size>0x90</size>
         <input_file_ref idref="fl-13"/>
      </object_component>
      <object_component id="oc-15c">
         <name>.const</name>
         <load_address>0x3c5c</load_address>
         <run_address>0x3c5c</run_address>
         <size>0x70</size>
         <input_file_ref idref="fl-12"/>
      </object_component>
      <object_component id="oc-157">
         <name>.const:g_pui32Xtals</name>
         <load_address>0x3ccc</load_address>
         <run_address>0x3ccc</run_address>
         <size>0x6c</size>
         <input_file_ref idref="fl-f"/>
      </object_component>
      <object_component id="oc-314">
         <name>.const</name>
         <load_address>0x3d38</load_address>
         <run_address>0x3d38</run_address>
         <size>0x30</size>
         <input_file_ref idref="fl-151"/>
      </object_component>
      <object_component id="oc-376">
         <name>.cinit..data.load</name>
         <load_address>0x3d68</load_address>
         <run_address>0x3d68</run_address>
         <size>0x16</size>
      </object_component>
      <object_component id="oc-374">
         <name>__TI_handler_table</name>
         <load_address>0x3d80</load_address>
         <run_address>0x3d80</run_address>
         <size>0xc</size>
      </object_component>
      <object_component id="oc-377">
         <name>.cinit..bss.load</name>
         <load_address>0x3d90</load_address>
         <run_address>0x3d90</run_address>
         <size>0x8</size>
      </object_component>
      <object_component id="oc-375">
         <name>__TI_cinit_table</name>
         <load_address>0x3d98</load_address>
         <run_address>0x3d98</run_address>
         <size>0x10</size>
      </object_component>
      <object_component id="oc-49">
         <name>.data</name>
         <load_address>0x20000cc0</load_address>
         <run_address>0x20000cc0</run_address>
         <size>0x4</size>
         <input_file_ref idref="fl-14f"/>
      </object_component>
      <object_component id="oc-74">
         <name>.data</name>
         <load_address>0x20000c78</load_address>
         <run_address>0x20000c78</run_address>
         <size>0x38</size>
         <input_file_ref idref="fl-2"/>
      </object_component>
      <object_component id="oc-12c">
         <name>.data</name>
         <load_address>0x20000cb0</load_address>
         <run_address>0x20000cb0</run_address>
         <size>0x8</size>
         <input_file_ref idref="fl-153"/>
      </object_component>
      <object_component id="oc-12f">
         <name>.data</name>
         <load_address>0x20000cb8</load_address>
         <run_address>0x20000cb8</run_address>
         <size>0x8</size>
         <input_file_ref idref="fl-143"/>
      </object_component>
      <object_component id="oc-df">
         <name>.bss:setpointValues</name>
         <uninitialized>true</uninitialized>
         <run_address>0x20000800</run_address>
         <size>0x400</size>
         <input_file_ref idref="fl-2"/>
      </object_component>
      <object_component id="oc-10f">
         <name>.common:resistance_sample_real</name>
         <uninitialized>true</uninitialized>
         <run_address>0x20000c68</run_address>
         <size>0x4</size>
      </object_component>
      <object_component id="oc-10d">
         <name>.common:resistance_sample_exp</name>
         <uninitialized>true</uninitialized>
         <run_address>0x20000c64</run_address>
         <size>0x4</size>
      </object_component>
      <object_component id="oc-10b">
         <name>.common:voltage_sample</name>
         <uninitialized>true</uninitialized>
         <run_address>0x20000c70</run_address>
         <size>0x4</size>
      </object_component>
      <object_component id="oc-10c">
         <name>.common:voltage_ref</name>
         <uninitialized>true</uninitialized>
         <run_address>0x20000c6c</run_address>
         <size>0x4</size>
      </object_component>
      <object_component id="oc-10e">
         <name>.common:offset</name>
         <uninitialized>true</uninitialized>
         <run_address>0x20000c60</run_address>
         <size>0x4</size>
      </object_component>
      <object_component id="oc-110">
         <name>.common:buffer</name>
         <uninitialized>true</uninitialized>
         <run_address>0x20000c00</run_address>
         <size>0x20</size>
      </object_component>
      <object_component id="oc-1dc">
         <name>.common:result_sample</name>
         <uninitialized>true</uninitialized>
         <run_address>0x20000c40</run_address>
         <size>0x20</size>
      </object_component>
      <object_component id="oc-1df">
         <name>.common:result_ref</name>
         <uninitialized>true</uninitialized>
         <run_address>0x20000c20</run_address>
         <size>0x20</size>
      </object_component>
      <object_component id="oc-28">
         <name>.stack</name>
         <uninitialized>true</uninitialized>
         <run_address>0x20000000</run_address>
         <size>0x0</size>
         <input_file_ref idref="fl-13f"/>
      </object_component>
      <object_component id="oc-378">
         <name>.stack</name>
         <uninitialized>true</uninitialized>
         <run_address>0x20000000</run_address>
         <size>0x0</size>
      </object_component>
      <object_component id="oc-f">
         <name>.debug_info</name>
         <load_address>0x0</load_address>
         <run_address>0x0</run_address>
         <size>0xe8</size>
         <input_file_ref idref="fl-3"/>
      </object_component>
      <object_component id="oc-12">
         <name>.debug_info</name>
         <load_address>0xe8</load_address>
         <run_address>0xe8</run_address>
         <size>0xf3</size>
         <input_file_ref idref="fl-13f"/>
      </object_component>
      <object_component id="oc-17">
         <name>.debug_info</name>
         <load_address>0x1db</load_address>
         <run_address>0x1db</run_address>
         <size>0x194</size>
         <input_file_ref idref="fl-140"/>
      </object_component>
      <object_component id="oc-1f">
         <name>.debug_info</name>
         <load_address>0x36f</load_address>
         <run_address>0x36f</run_address>
         <size>0x16a</size>
         <input_file_ref idref="fl-142"/>
      </object_component>
      <object_component id="oc-26">
         <name>.debug_info</name>
         <load_address>0x4d9</load_address>
         <run_address>0x4d9</run_address>
         <size>0x18e</size>
         <input_file_ref idref="fl-141"/>
      </object_component>
      <object_component id="oc-2a">
         <name>.debug_info</name>
         <load_address>0x667</load_address>
         <run_address>0x667</run_address>
         <size>0x264</size>
         <input_file_ref idref="fl-3"/>
      </object_component>
      <object_component id="oc-30">
         <name>.debug_info</name>
         <load_address>0x8cb</load_address>
         <run_address>0x8cb</run_address>
         <size>0x78e</size>
         <input_file_ref idref="fl-2"/>
      </object_component>
      <object_component id="oc-37">
         <name>.debug_info</name>
         <load_address>0x1059</load_address>
         <run_address>0x1059</run_address>
         <size>0x12b</size>
         <input_file_ref idref="fl-3"/>
      </object_component>
      <object_component id="oc-39">
         <name>.debug_info</name>
         <load_address>0x1184</load_address>
         <run_address>0x1184</run_address>
         <size>0x13d</size>
         <input_file_ref idref="fl-157"/>
      </object_component>
      <object_component id="oc-3f">
         <name>.debug_info</name>
         <load_address>0x12c1</load_address>
         <run_address>0x12c1</run_address>
         <size>0x11c</size>
         <input_file_ref idref="fl-155"/>
      </object_component>
      <object_component id="oc-44">
         <name>.debug_info</name>
         <load_address>0x13dd</load_address>
         <run_address>0x13dd</run_address>
         <size>0x1c2</size>
         <input_file_ref idref="fl-143"/>
      </object_component>
      <object_component id="oc-4a">
         <name>.debug_info</name>
         <load_address>0x159f</load_address>
         <run_address>0x159f</run_address>
         <size>0xbe</size>
         <input_file_ref idref="fl-14f"/>
      </object_component>
      <object_component id="oc-50">
         <name>.debug_info</name>
         <load_address>0x165d</load_address>
         <run_address>0x165d</run_address>
         <size>0xcc</size>
         <input_file_ref idref="fl-14c"/>
      </object_component>
      <object_component id="oc-53">
         <name>.debug_info</name>
         <load_address>0x1729</load_address>
         <run_address>0x1729</run_address>
         <size>0x46</size>
         <input_file_ref idref="fl-140"/>
      </object_component>
      <object_component id="oc-58">
         <name>.debug_info</name>
         <load_address>0x176f</load_address>
         <run_address>0x176f</run_address>
         <size>0xf2</size>
         <input_file_ref idref="fl-140"/>
      </object_component>
      <object_component id="oc-5a">
         <name>.debug_info</name>
         <load_address>0x1861</load_address>
         <run_address>0x1861</run_address>
         <size>0x46</size>
         <input_file_ref idref="fl-142"/>
      </object_component>
      <object_component id="oc-5f">
         <name>.debug_info</name>
         <load_address>0x18a7</load_address>
         <run_address>0x18a7</run_address>
         <size>0xad</size>
         <input_file_ref idref="fl-142"/>
      </object_component>
      <object_component id="oc-64">
         <name>.debug_info</name>
         <load_address>0x1954</load_address>
         <run_address>0x1954</run_address>
         <size>0x1ef</size>
         <input_file_ref idref="fl-141"/>
      </object_component>
      <object_component id="oc-67">
         <name>.debug_info</name>
         <load_address>0x1b43</load_address>
         <run_address>0x1b43</run_address>
         <size>0xb7</size>
         <input_file_ref idref="fl-141"/>
      </object_component>
      <object_component id="oc-68">
         <name>.debug_info</name>
         <load_address>0x1bfa</load_address>
         <run_address>0x1bfa</run_address>
         <size>0x39</size>
         <input_file_ref idref="fl-141"/>
      </object_component>
      <object_component id="oc-71">
         <name>.debug_info</name>
         <load_address>0x1c33</load_address>
         <run_address>0x1c33</run_address>
         <size>0x1f6</size>
         <input_file_ref idref="fl-e"/>
      </object_component>
      <object_component id="oc-75">
         <name>.debug_info</name>
         <load_address>0x1e29</load_address>
         <run_address>0x1e29</run_address>
         <size>0x274</size>
         <input_file_ref idref="fl-2"/>
      </object_component>
      <object_component id="oc-7a">
         <name>.debug_info</name>
         <load_address>0x209d</load_address>
         <run_address>0x209d</run_address>
         <size>0x363</size>
         <input_file_ref idref="fl-f"/>
      </object_component>
      <object_component id="oc-7e">
         <name>.debug_info</name>
         <load_address>0x2400</load_address>
         <run_address>0x2400</run_address>
         <size>0x1e1</size>
         <input_file_ref idref="fl-f"/>
      </object_component>
      <object_component id="oc-86">
         <name>.debug_info</name>
         <load_address>0x25e1</load_address>
         <run_address>0x25e1</run_address>
         <size>0x1f0</size>
         <input_file_ref idref="fl-e"/>
      </object_component>
      <object_component id="oc-8c">
         <name>.debug_info</name>
         <load_address>0x27d1</load_address>
         <run_address>0x27d1</run_address>
         <size>0x219</size>
         <input_file_ref idref="fl-f"/>
      </object_component>
      <object_component id="oc-92">
         <name>.debug_info</name>
         <load_address>0x29ea</load_address>
         <run_address>0x29ea</run_address>
         <size>0x21e</size>
         <input_file_ref idref="fl-e"/>
      </object_component>
      <object_component id="oc-96">
         <name>.debug_info</name>
         <load_address>0x2c08</load_address>
         <run_address>0x2c08</run_address>
         <size>0x1cc</size>
         <input_file_ref idref="fl-12"/>
      </object_component>
      <object_component id="oc-9e">
         <name>.debug_info</name>
         <load_address>0x2dd4</load_address>
         <run_address>0x2dd4</run_address>
         <size>0x1f8</size>
         <input_file_ref idref="fl-e"/>
      </object_component>
      <object_component id="oc-a2">
         <name>.debug_info</name>
         <load_address>0x2fcc</load_address>
         <run_address>0x2fcc</run_address>
         <size>0x1a2</size>
         <input_file_ref idref="fl-12"/>
      </object_component>
      <object_component id="oc-aa">
         <name>.debug_info</name>
         <load_address>0x316e</load_address>
         <run_address>0x316e</run_address>
         <size>0x1e3</size>
         <input_file_ref idref="fl-e"/>
      </object_component>
      <object_component id="oc-ae">
         <name>.debug_info</name>
         <load_address>0x3351</load_address>
         <run_address>0x3351</run_address>
         <size>0x4db</size>
         <input_file_ref idref="fl-7"/>
      </object_component>
      <object_component id="oc-b4">
         <name>.debug_info</name>
         <load_address>0x382c</load_address>
         <run_address>0x382c</run_address>
         <size>0x6f1</size>
         <input_file_ref idref="fl-4"/>
      </object_component>
      <object_component id="oc-bb">
         <name>.debug_info</name>
         <load_address>0x3f1d</load_address>
         <run_address>0x3f1d</run_address>
         <size>0x3a1</size>
         <input_file_ref idref="fl-8"/>
      </object_component>
      <object_component id="oc-c1">
         <name>.debug_info</name>
         <load_address>0x42be</load_address>
         <run_address>0x42be</run_address>
         <size>0x4d3</size>
         <input_file_ref idref="fl-5"/>
      </object_component>
      <object_component id="oc-c7">
         <name>.debug_info</name>
         <load_address>0x4791</load_address>
         <run_address>0x4791</run_address>
         <size>0x4ab</size>
         <input_file_ref idref="fl-6"/>
      </object_component>
      <object_component id="oc-ce">
         <name>.debug_info</name>
         <load_address>0x4c3c</load_address>
         <run_address>0x4c3c</run_address>
         <size>0x237</size>
         <input_file_ref idref="fl-d"/>
      </object_component>
      <object_component id="oc-d2">
         <name>.debug_info</name>
         <load_address>0x4e73</load_address>
         <run_address>0x4e73</run_address>
         <size>0x2b5</size>
         <input_file_ref idref="fl-14e"/>
      </object_component>
      <object_component id="oc-da">
         <name>.debug_info</name>
         <load_address>0x5128</load_address>
         <run_address>0x5128</run_address>
         <size>0xdf</size>
         <input_file_ref idref="fl-14a"/>
      </object_component>
      <object_component id="oc-dd">
         <name>.debug_info</name>
         <load_address>0x5207</load_address>
         <run_address>0x5207</run_address>
         <size>0x679</size>
         <input_file_ref idref="fl-2"/>
      </object_component>
      <object_component id="oc-e0">
         <name>.debug_info</name>
         <load_address>0x5880</load_address>
         <run_address>0x5880</run_address>
         <size>0xd8</size>
         <input_file_ref idref="fl-2"/>
      </object_component>
      <object_component id="oc-e5">
         <name>.debug_info</name>
         <load_address>0x5958</load_address>
         <run_address>0x5958</run_address>
         <size>0xe1</size>
         <input_file_ref idref="fl-150"/>
      </object_component>
      <object_component id="oc-e8">
         <name>.debug_info</name>
         <load_address>0x5a39</load_address>
         <run_address>0x5a39</run_address>
         <size>0xed</size>
         <input_file_ref idref="fl-147"/>
      </object_component>
      <object_component id="oc-ed">
         <name>.debug_info</name>
         <load_address>0x5b26</load_address>
         <run_address>0x5b26</run_address>
         <size>0xff</size>
         <input_file_ref idref="fl-144"/>
      </object_component>
      <object_component id="oc-f4">
         <name>.debug_info</name>
         <load_address>0x5c25</load_address>
         <run_address>0x5c25</run_address>
         <size>0xe8</size>
         <input_file_ref idref="fl-148"/>
      </object_component>
      <object_component id="oc-f9">
         <name>.debug_info</name>
         <load_address>0x5d0d</load_address>
         <run_address>0x5d0d</run_address>
         <size>0x14f</size>
         <input_file_ref idref="fl-14d"/>
      </object_component>
      <object_component id="oc-fe">
         <name>.debug_info</name>
         <load_address>0x5e5c</load_address>
         <run_address>0x5e5c</run_address>
         <size>0xdb</size>
         <input_file_ref idref="fl-145"/>
      </object_component>
      <object_component id="oc-102">
         <name>.debug_info</name>
         <load_address>0x5f37</load_address>
         <run_address>0x5f37</run_address>
         <size>0xdf</size>
         <input_file_ref idref="fl-14b"/>
      </object_component>
      <object_component id="oc-107">
         <name>.debug_info</name>
         <load_address>0x6016</load_address>
         <run_address>0x6016</run_address>
         <size>0xed</size>
         <input_file_ref idref="fl-146"/>
      </object_component>
      <object_component id="oc-112">
         <name>.debug_info</name>
         <load_address>0x6103</load_address>
         <run_address>0x6103</run_address>
         <size>0x8b</size>
         <input_file_ref idref="fl-2"/>
      </object_component>
      <object_component id="oc-117">
         <name>.debug_info</name>
         <load_address>0x618e</load_address>
         <run_address>0x618e</run_address>
         <size>0x18b</size>
         <input_file_ref idref="fl-2"/>
      </object_component>
      <object_component id="oc-11e">
         <name>.debug_info</name>
         <load_address>0x6319</load_address>
         <run_address>0x6319</run_address>
         <size>0x84</size>
         <input_file_ref idref="fl-3"/>
      </object_component>
      <object_component id="oc-125">
         <name>.debug_info</name>
         <load_address>0x639d</load_address>
         <run_address>0x639d</run_address>
         <size>0x14b</size>
         <input_file_ref idref="fl-158"/>
      </object_component>
      <object_component id="oc-12b">
         <name>.debug_info</name>
         <load_address>0x64e8</load_address>
         <run_address>0x64e8</run_address>
         <size>0x11b</size>
         <input_file_ref idref="fl-155"/>
      </object_component>
      <object_component id="oc-12d">
         <name>.debug_info</name>
         <load_address>0x6603</load_address>
         <run_address>0x6603</run_address>
         <size>0xc8</size>
         <input_file_ref idref="fl-153"/>
      </object_component>
      <object_component id="oc-130">
         <name>.debug_info</name>
         <load_address>0x66cb</load_address>
         <run_address>0x66cb</run_address>
         <size>0xeb</size>
         <input_file_ref idref="fl-143"/>
      </object_component>
      <object_component id="oc-133">
         <name>.debug_info</name>
         <load_address>0x67b6</load_address>
         <run_address>0x67b6</run_address>
         <size>0x146</size>
         <input_file_ref idref="fl-143"/>
      </object_component>
      <object_component id="oc-138">
         <name>.debug_info</name>
         <load_address>0x68fc</load_address>
         <run_address>0x68fc</run_address>
         <size>0x2c</size>
         <input_file_ref idref="fl-140"/>
      </object_component>
      <object_component id="oc-13f">
         <name>.debug_info</name>
         <load_address>0x6928</load_address>
         <run_address>0x6928</run_address>
         <size>0x2c</size>
         <input_file_ref idref="fl-142"/>
      </object_component>
      <object_component id="oc-14a">
         <name>.debug_info</name>
         <load_address>0x6954</load_address>
         <run_address>0x6954</run_address>
         <size>0x18b</size>
         <input_file_ref idref="fl-d"/>
      </object_component>
      <object_component id="oc-14f">
         <name>.debug_info</name>
         <load_address>0x6adf</load_address>
         <run_address>0x6adf</run_address>
         <size>0x1cf</size>
         <input_file_ref idref="fl-e"/>
      </object_component>
      <object_component id="oc-154">
         <name>.debug_info</name>
         <load_address>0x6cae</load_address>
         <run_address>0x6cae</run_address>
         <size>0x226</size>
         <input_file_ref idref="fl-f"/>
      </object_component>
      <object_component id="oc-158">
         <name>.debug_info</name>
         <load_address>0x6ed4</load_address>
         <run_address>0x6ed4</run_address>
         <size>0xff</size>
         <input_file_ref idref="fl-f"/>
      </object_component>
      <object_component id="oc-15d">
         <name>.debug_info</name>
         <load_address>0x6fd3</load_address>
         <run_address>0x6fd3</run_address>
         <size>0x1c2</size>
         <input_file_ref idref="fl-12"/>
      </object_component>
      <object_component id="oc-160">
         <name>.debug_info</name>
         <load_address>0x7195</load_address>
         <run_address>0x7195</run_address>
         <size>0x1ba</size>
         <input_file_ref idref="fl-12"/>
      </object_component>
      <object_component id="oc-163">
         <name>.debug_info</name>
         <load_address>0x734f</load_address>
         <run_address>0x734f</run_address>
         <size>0x176</size>
         <input_file_ref idref="fl-14"/>
      </object_component>
      <object_component id="oc-169">
         <name>.debug_info</name>
         <load_address>0x74c5</load_address>
         <run_address>0x74c5</run_address>
         <size>0x90</size>
         <input_file_ref idref="fl-d"/>
      </object_component>
      <object_component id="oc-170">
         <name>.debug_info</name>
         <load_address>0x7555</load_address>
         <run_address>0x7555</run_address>
         <size>0x1eb</size>
         <input_file_ref idref="fl-13"/>
      </object_component>
      <object_component id="oc-176">
         <name>.debug_info</name>
         <load_address>0x7740</load_address>
         <run_address>0x7740</run_address>
         <size>0x207</size>
         <input_file_ref idref="fl-13"/>
      </object_component>
      <object_component id="oc-17c">
         <name>.debug_info</name>
         <load_address>0x7947</load_address>
         <run_address>0x7947</run_address>
         <size>0x1e4</size>
         <input_file_ref idref="fl-13"/>
      </object_component>
      <object_component id="oc-182">
         <name>.debug_info</name>
         <load_address>0x7b2b</load_address>
         <run_address>0x7b2b</run_address>
         <size>0x1dd</size>
         <input_file_ref idref="fl-13"/>
      </object_component>
      <object_component id="oc-189">
         <name>.debug_info</name>
         <load_address>0x7d08</load_address>
         <run_address>0x7d08</run_address>
         <size>0x3c2</size>
         <input_file_ref idref="fl-10"/>
      </object_component>
      <object_component id="oc-18f">
         <name>.debug_info</name>
         <load_address>0x80ca</load_address>
         <run_address>0x80ca</run_address>
         <size>0x1a6</size>
         <input_file_ref idref="fl-10"/>
      </object_component>
      <object_component id="oc-195">
         <name>.debug_info</name>
         <load_address>0x8270</load_address>
         <run_address>0x8270</run_address>
         <size>0x25f</size>
         <input_file_ref idref="fl-10"/>
      </object_component>
      <object_component id="oc-19b">
         <name>.debug_info</name>
         <load_address>0x84cf</load_address>
         <run_address>0x84cf</run_address>
         <size>0x1a6</size>
         <input_file_ref idref="fl-10"/>
      </object_component>
      <object_component id="oc-1a1">
         <name>.debug_info</name>
         <load_address>0x8675</load_address>
         <run_address>0x8675</run_address>
         <size>0x1fe</size>
         <input_file_ref idref="fl-10"/>
      </object_component>
      <object_component id="oc-1a7">
         <name>.debug_info</name>
         <load_address>0x8873</load_address>
         <run_address>0x8873</run_address>
         <size>0x263</size>
         <input_file_ref idref="fl-10"/>
      </object_component>
      <object_component id="oc-1ac">
         <name>.debug_info</name>
         <load_address>0x8ad6</load_address>
         <run_address>0x8ad6</run_address>
         <size>0x37c</size>
         <input_file_ref idref="fl-7"/>
      </object_component>
      <object_component id="oc-1ae">
         <name>.debug_info</name>
         <load_address>0x8e52</load_address>
         <run_address>0x8e52</run_address>
         <size>0x28a</size>
         <input_file_ref idref="fl-15"/>
      </object_component>
      <object_component id="oc-1b4">
         <name>.debug_info</name>
         <load_address>0x90dc</load_address>
         <run_address>0x90dc</run_address>
         <size>0x297</size>
         <input_file_ref idref="fl-15"/>
      </object_component>
      <object_component id="oc-1ba">
         <name>.debug_info</name>
         <load_address>0x9373</load_address>
         <run_address>0x9373</run_address>
         <size>0x204</size>
         <input_file_ref idref="fl-15"/>
      </object_component>
      <object_component id="oc-1c0">
         <name>.debug_info</name>
         <load_address>0x9577</load_address>
         <run_address>0x9577</run_address>
         <size>0x1f8</size>
         <input_file_ref idref="fl-15"/>
      </object_component>
      <object_component id="oc-1c6">
         <name>.debug_info</name>
         <load_address>0x976f</load_address>
         <run_address>0x976f</run_address>
         <size>0x208</size>
         <input_file_ref idref="fl-15"/>
      </object_component>
      <object_component id="oc-1cc">
         <name>.debug_info</name>
         <load_address>0x9977</load_address>
         <run_address>0x9977</run_address>
         <size>0x245</size>
         <input_file_ref idref="fl-15"/>
      </object_component>
      <object_component id="oc-1d2">
         <name>.debug_info</name>
         <load_address>0x9bbc</load_address>
         <run_address>0x9bbc</run_address>
         <size>0x2fb</size>
         <input_file_ref idref="fl-15"/>
      </object_component>
      <object_component id="oc-1d8">
         <name>.debug_info</name>
         <load_address>0x9eb7</load_address>
         <run_address>0x9eb7</run_address>
         <size>0xec</size>
         <input_file_ref idref="fl-149"/>
      </object_component>
      <object_component id="oc-1dd">
         <name>.debug_info</name>
         <load_address>0x9fa3</load_address>
         <run_address>0x9fa3</run_address>
         <size>0x390</size>
         <input_file_ref idref="fl-4"/>
      </object_component>
      <object_component id="oc-1e2">
         <name>.debug_info</name>
         <load_address>0xa333</load_address>
         <run_address>0xa333</run_address>
         <size>0x1df</size>
         <input_file_ref idref="fl-13"/>
      </object_component>
      <object_component id="oc-1ea">
         <name>.debug_info</name>
         <load_address>0xa512</load_address>
         <run_address>0xa512</run_address>
         <size>0x1f5</size>
         <input_file_ref idref="fl-d"/>
      </object_component>
      <object_component id="oc-1f0">
         <name>.debug_info</name>
         <load_address>0xa707</load_address>
         <run_address>0xa707</run_address>
         <size>0x28a</size>
         <input_file_ref idref="fl-d"/>
      </object_component>
      <object_component id="oc-1f6">
         <name>.debug_info</name>
         <load_address>0xa991</load_address>
         <run_address>0xa991</run_address>
         <size>0x1ed</size>
         <input_file_ref idref="fl-d"/>
      </object_component>
      <object_component id="oc-1fc">
         <name>.debug_info</name>
         <load_address>0xab7e</load_address>
         <run_address>0xab7e</run_address>
         <size>0x1ab</size>
         <input_file_ref idref="fl-d"/>
      </object_component>
      <object_component id="oc-202">
         <name>.debug_info</name>
         <load_address>0xad29</load_address>
         <run_address>0xad29</run_address>
         <size>0x25d</size>
         <input_file_ref idref="fl-d"/>
      </object_component>
      <object_component id="oc-206">
         <name>.debug_info</name>
         <load_address>0xaf86</load_address>
         <run_address>0xaf86</run_address>
         <size>0x2b6</size>
         <input_file_ref idref="fl-8"/>
      </object_component>
      <object_component id="oc-208">
         <name>.debug_info</name>
         <load_address>0xb23c</load_address>
         <run_address>0xb23c</run_address>
         <size>0x15c</size>
         <input_file_ref idref="fl-5"/>
      </object_component>
      <object_component id="oc-20a">
         <name>.debug_info</name>
         <load_address>0xb398</load_address>
         <run_address>0xb398</run_address>
         <size>0x1c7</size>
         <input_file_ref idref="fl-f"/>
      </object_component>
      <object_component id="oc-210">
         <name>.debug_info</name>
         <load_address>0xb55f</load_address>
         <run_address>0xb55f</run_address>
         <size>0x1dd</size>
         <input_file_ref idref="fl-13"/>
      </object_component>
      <object_component id="oc-216">
         <name>.debug_info</name>
         <load_address>0xb73c</load_address>
         <run_address>0xb73c</run_address>
         <size>0x217</size>
         <input_file_ref idref="fl-11"/>
      </object_component>
      <object_component id="oc-21c">
         <name>.debug_info</name>
         <load_address>0xb953</load_address>
         <run_address>0xb953</run_address>
         <size>0x21a</size>
         <input_file_ref idref="fl-11"/>
      </object_component>
      <object_component id="oc-222">
         <name>.debug_info</name>
         <load_address>0xbb6d</load_address>
         <run_address>0xbb6d</run_address>
         <size>0x25a</size>
         <input_file_ref idref="fl-11"/>
      </object_component>
      <object_component id="oc-228">
         <name>.debug_info</name>
         <load_address>0xbdc7</load_address>
         <run_address>0xbdc7</run_address>
         <size>0x1da</size>
         <input_file_ref idref="fl-11"/>
      </object_component>
      <object_component id="oc-22e">
         <name>.debug_info</name>
         <load_address>0xbfa1</load_address>
         <run_address>0xbfa1</run_address>
         <size>0x228</size>
         <input_file_ref idref="fl-11"/>
      </object_component>
      <object_component id="oc-234">
         <name>.debug_info</name>
         <load_address>0xc1c9</load_address>
         <run_address>0xc1c9</run_address>
         <size>0x315</size>
         <input_file_ref idref="fl-6"/>
      </object_component>
      <object_component id="oc-236">
         <name>.debug_info</name>
         <load_address>0xc4de</load_address>
         <run_address>0xc4de</run_address>
         <size>0x1ce</size>
         <input_file_ref idref="fl-d"/>
      </object_component>
      <object_component id="oc-239">
         <name>.debug_info</name>
         <load_address>0xc6ac</load_address>
         <run_address>0xc6ac</run_address>
         <size>0x12c3</size>
         <input_file_ref idref="fl-154"/>
      </object_component>
      <object_component id="oc-23e">
         <name>.debug_info</name>
         <load_address>0xd96f</load_address>
         <run_address>0xd96f</run_address>
         <size>0x170</size>
         <input_file_ref idref="fl-14e"/>
      </object_component>
      <object_component id="oc-23f">
         <name>.debug_info</name>
         <load_address>0xdadf</load_address>
         <run_address>0xdadf</run_address>
         <size>0x4e</size>
         <input_file_ref idref="fl-2"/>
      </object_component>
      <object_component id="oc-250">
         <name>.debug_info</name>
         <load_address>0xdb2d</load_address>
         <run_address>0xdb2d</run_address>
         <size>0x10f</size>
         <input_file_ref idref="fl-152"/>
      </object_component>
      <object_component id="oc-256">
         <name>.debug_info</name>
         <load_address>0xdc3c</load_address>
         <run_address>0xdc3c</run_address>
         <size>0x176</size>
         <input_file_ref idref="fl-151"/>
      </object_component>
      <object_component id="oc-25e">
         <name>.debug_info</name>
         <load_address>0xddb2</load_address>
         <run_address>0xddb2</run_address>
         <size>0x148</size>
         <input_file_ref idref="fl-158"/>
      </object_component>
      <object_component id="oc-261">
         <name>.debug_info</name>
         <load_address>0xdefa</load_address>
         <run_address>0xdefa</run_address>
         <size>0x5e</size>
         <input_file_ref idref="fl-155"/>
      </object_component>
      <object_component id="oc-267">
         <name>.debug_info</name>
         <load_address>0xdf58</load_address>
         <run_address>0xdf58</run_address>
         <size>0x1d4</size>
         <input_file_ref idref="fl-153"/>
      </object_component>
      <object_component id="oc-26e">
         <name>.debug_info</name>
         <load_address>0xe12c</load_address>
         <run_address>0xe12c</run_address>
         <size>0xd9</size>
         <input_file_ref idref="fl-153"/>
      </object_component>
      <object_component id="oc-278">
         <name>.debug_info</name>
         <load_address>0xe205</load_address>
         <run_address>0xe205</run_address>
         <size>0x5f</size>
         <input_file_ref idref="fl-f"/>
      </object_component>
      <object_component id="oc-285">
         <name>.debug_info</name>
         <load_address>0xe264</load_address>
         <run_address>0xe264</run_address>
         <size>0x312</size>
         <input_file_ref idref="fl-13"/>
      </object_component>
      <object_component id="oc-28b">
         <name>.debug_info</name>
         <load_address>0xe576</load_address>
         <run_address>0xe576</run_address>
         <size>0x217</size>
         <input_file_ref idref="fl-13"/>
      </object_component>
      <object_component id="oc-292">
         <name>.debug_info</name>
         <load_address>0xe78d</load_address>
         <run_address>0xe78d</run_address>
         <size>0x1d7</size>
         <input_file_ref idref="fl-13"/>
      </object_component>
      <object_component id="oc-294">
         <name>.debug_info</name>
         <load_address>0xe964</load_address>
         <run_address>0xe964</run_address>
         <size>0x10d</size>
         <input_file_ref idref="fl-13"/>
      </object_component>
      <object_component id="oc-299">
         <name>.debug_info</name>
         <load_address>0xea71</load_address>
         <run_address>0xea71</run_address>
         <size>0x1c3</size>
         <input_file_ref idref="fl-10"/>
      </object_component>
      <object_component id="oc-2a2">
         <name>.debug_info</name>
         <load_address>0xec34</load_address>
         <run_address>0xec34</run_address>
         <size>0x1a8</size>
         <input_file_ref idref="fl-15"/>
      </object_component>
      <object_component id="oc-2b1">
         <name>.debug_info</name>
         <load_address>0xeddc</load_address>
         <run_address>0xeddc</run_address>
         <size>0x233</size>
         <input_file_ref idref="fl-d"/>
      </object_component>
      <object_component id="oc-2bf">
         <name>.debug_info</name>
         <load_address>0xf00f</load_address>
         <run_address>0xf00f</run_address>
         <size>0x194</size>
         <input_file_ref idref="fl-11"/>
      </object_component>
      <object_component id="oc-2c9">
         <name>.debug_info</name>
         <load_address>0xf1a3</load_address>
         <run_address>0xf1a3</run_address>
         <size>0x13a</size>
         <input_file_ref idref="fl-160"/>
      </object_component>
      <object_component id="oc-2cf">
         <name>.debug_info</name>
         <load_address>0xf2dd</load_address>
         <run_address>0xf2dd</run_address>
         <size>0xd5</size>
         <input_file_ref idref="fl-15b"/>
      </object_component>
      <object_component id="oc-2d5">
         <name>.debug_info</name>
         <load_address>0xf3b2</load_address>
         <run_address>0xf3b2</run_address>
         <size>0x153</size>
         <input_file_ref idref="fl-15f"/>
      </object_component>
      <object_component id="oc-2da">
         <name>.debug_info</name>
         <load_address>0xf505</load_address>
         <run_address>0xf505</run_address>
         <size>0xdd</size>
         <input_file_ref idref="fl-145"/>
      </object_component>
      <object_component id="oc-2df">
         <name>.debug_info</name>
         <load_address>0xf5e2</load_address>
         <run_address>0xf5e2</run_address>
         <size>0xe1</size>
         <input_file_ref idref="fl-15a"/>
      </object_component>
      <object_component id="oc-2e4">
         <name>.debug_info</name>
         <load_address>0xf6c3</load_address>
         <run_address>0xf6c3</run_address>
         <size>0x177</size>
         <input_file_ref idref="fl-15c"/>
      </object_component>
      <object_component id="oc-2e9">
         <name>.debug_info</name>
         <load_address>0xf83a</load_address>
         <run_address>0xf83a</run_address>
         <size>0xfc</size>
         <input_file_ref idref="fl-15e"/>
      </object_component>
      <object_component id="oc-2ee">
         <name>.debug_info</name>
         <load_address>0xf936</load_address>
         <run_address>0xf936</run_address>
         <size>0x111</size>
         <input_file_ref idref="fl-161"/>
      </object_component>
      <object_component id="oc-2f5">
         <name>.debug_info</name>
         <load_address>0xfa47</load_address>
         <run_address>0xfa47</run_address>
         <size>0x160</size>
         <input_file_ref idref="fl-15d"/>
      </object_component>
      <object_component id="oc-2fa">
         <name>.debug_info</name>
         <load_address>0xfba7</load_address>
         <run_address>0xfba7</run_address>
         <size>0x126</size>
         <input_file_ref idref="fl-156"/>
      </object_component>
      <object_component id="oc-300">
         <name>.debug_info</name>
         <load_address>0xfccd</load_address>
         <run_address>0xfccd</run_address>
         <size>0x26b</size>
         <input_file_ref idref="fl-154"/>
      </object_component>
      <object_component id="oc-301">
         <name>.debug_info</name>
         <load_address>0xff38</load_address>
         <run_address>0xff38</run_address>
         <size>0x86</size>
         <input_file_ref idref="fl-154"/>
      </object_component>
      <object_component id="oc-306">
         <name>.debug_info</name>
         <load_address>0xffbe</load_address>
         <run_address>0xffbe</run_address>
         <size>0x39</size>
         <input_file_ref idref="fl-154"/>
      </object_component>
      <object_component id="oc-30d">
         <name>.debug_info</name>
         <load_address>0xfff7</load_address>
         <run_address>0xfff7</run_address>
         <size>0x2c</size>
         <input_file_ref idref="fl-14e"/>
      </object_component>
      <object_component id="oc-313">
         <name>.debug_info</name>
         <load_address>0x10023</load_address>
         <run_address>0x10023</run_address>
         <size>0x9a</size>
         <input_file_ref idref="fl-152"/>
      </object_component>
      <object_component id="oc-316">
         <name>.debug_info</name>
         <load_address>0x100bd</load_address>
         <run_address>0x100bd</run_address>
         <size>0x10f</size>
         <input_file_ref idref="fl-151"/>
      </object_component>
      <object_component id="oc-31a">
         <name>.debug_info</name>
         <load_address>0x101cc</load_address>
         <run_address>0x101cc</run_address>
         <size>0xcd</size>
         <input_file_ref idref="fl-158"/>
      </object_component>
      <object_component id="oc-332">
         <name>.debug_info</name>
         <load_address>0x10299</load_address>
         <run_address>0x10299</run_address>
         <size>0x9f</size>
         <input_file_ref idref="fl-15f"/>
      </object_component>
      <object_component id="oc-336">
         <name>.debug_info</name>
         <load_address>0x10338</load_address>
         <run_address>0x10338</run_address>
         <size>0x101</size>
         <input_file_ref idref="fl-15c"/>
      </object_component>
      <object_component id="oc-33a">
         <name>.debug_info</name>
         <load_address>0x10439</load_address>
         <run_address>0x10439</run_address>
         <size>0xa6</size>
         <input_file_ref idref="fl-15d"/>
      </object_component>
      <object_component id="oc-33c">
         <name>.debug_info</name>
         <load_address>0x104df</load_address>
         <run_address>0x104df</run_address>
         <size>0xaf</size>
         <input_file_ref idref="fl-159"/>
      </object_component>
      <object_component id="oc-33f">
         <name>.debug_info</name>
         <load_address>0x1058e</load_address>
         <run_address>0x1058e</run_address>
         <size>0xc5</size>
         <input_file_ref idref="fl-156"/>
      </object_component>
      <object_component id="oc-342">
         <name>.debug_info</name>
         <load_address>0x10653</load_address>
         <run_address>0x10653</run_address>
         <size>0x46</size>
         <input_file_ref idref="fl-154"/>
      </object_component>
      <object_component id="oc-353">
         <name>.debug_info</name>
         <load_address>0x10699</load_address>
         <run_address>0x10699</run_address>
         <size>0xa3</size>
         <input_file_ref idref="fl-159"/>
      </object_component>
      <object_component id="oc-379">
         <name>.debug_info</name>
         <load_address>0x1073c</load_address>
         <run_address>0x1073c</run_address>
         <size>0xa2</size>
      </object_component>
      <object_component id="oc-10">
         <name>.debug_pubnames</name>
         <load_address>0x0</load_address>
         <run_address>0x0</run_address>
         <size>0x23</size>
         <input_file_ref idref="fl-3"/>
      </object_component>
      <object_component id="oc-13">
         <name>.debug_pubnames</name>
         <load_address>0x23</load_address>
         <run_address>0x23</run_address>
         <size>0x1f</size>
         <input_file_ref idref="fl-13f"/>
      </object_component>
      <object_component id="oc-19">
         <name>.debug_pubnames</name>
         <load_address>0x42</load_address>
         <run_address>0x42</run_address>
         <size>0x2b</size>
         <input_file_ref idref="fl-140"/>
      </object_component>
      <object_component id="oc-20">
         <name>.debug_pubnames</name>
         <load_address>0x6d</load_address>
         <run_address>0x6d</run_address>
         <size>0x25</size>
         <input_file_ref idref="fl-142"/>
      </object_component>
      <object_component id="oc-27">
         <name>.debug_pubnames</name>
         <load_address>0x92</load_address>
         <run_address>0x92</run_address>
         <size>0x2c</size>
         <input_file_ref idref="fl-141"/>
      </object_component>
      <object_component id="oc-2b">
         <name>.debug_pubnames</name>
         <load_address>0xbe</load_address>
         <run_address>0xbe</run_address>
         <size>0x4c</size>
         <input_file_ref idref="fl-3"/>
      </object_component>
      <object_component id="oc-32">
         <name>.debug_pubnames</name>
         <load_address>0x10a</load_address>
         <run_address>0x10a</run_address>
         <size>0x30</size>
         <input_file_ref idref="fl-2"/>
      </object_component>
      <object_component id="oc-3a">
         <name>.debug_pubnames</name>
         <load_address>0x13a</load_address>
         <run_address>0x13a</run_address>
         <size>0x37</size>
         <input_file_ref idref="fl-157"/>
      </object_component>
      <object_component id="oc-41">
         <name>.debug_pubnames</name>
         <load_address>0x171</load_address>
         <run_address>0x171</run_address>
         <size>0x21</size>
         <input_file_ref idref="fl-155"/>
      </object_component>
      <object_component id="oc-45">
         <name>.debug_pubnames</name>
         <load_address>0x192</load_address>
         <run_address>0x192</run_address>
         <size>0x35</size>
[...]
         <object_component_ref idref="oc-2f"/>
      </symbol>
      <symbol id="sm-ce">
         <name>value</name>
         <value>0x20000c78</value>
         <object_component_ref idref="oc-74"/>
      </symbol>
      <symbol id="sm-cf">
         <name>flag</name>
         <value>0x20000c80</value>
         <object_component_ref idref="oc-74"/>
      </symbol>
      <symbol id="sm-f0">
         <name>ResetISR</name>
         <value>0x3a53</value>
         <object_component_ref idref="oc-29"/>
      </symbol>
      <symbol id="sm-f1">
         <name>g_pfnVectors</name>
         <value>0x0</value>
         <object_component_ref idref="oc-e"/>
      </symbol>
      <symbol id="sm-111">
         <name>result_sample</name>
         <value>0x20000c40</value>
      </symbol>
      <symbol id="sm-112">
         <name>result_ref</name>
         <value>0x20000c20</value>
      </symbol>
      <symbol id="sm-113">
         <name>ADC_Init</name>
         <value>0x1bb1</value>
         <object_component_ref idref="oc-b3"/>
      </symbol>
      <symbol id="sm-114">
         <name>ADC_VoltageDifference</name>
         <value>0x1caf</value>
         <object_component_ref idref="oc-b3"/>
      </symbol>
      <symbol id="sm-13a">
         <name>LCD_ToggleEnable</name>
         <value>0x2255</value>
         <object_component_ref idref="oc-bf"/>
      </symbol>
      <symbol id="sm-13b">
         <name>LCD_ClearScreen</name>
         <value>0x22a9</value>
         <object_component_ref idref="oc-bf"/>
      </symbol>
      <symbol id="sm-13c">
         <name>LCD_MoveCursor</name>
         <value>0x227b</value>
         <object_component_ref idref="oc-bf"/>
      </symbol>
      <symbol id="sm-13d">
         <name>LCD_Init</name>
         <value>0x22d1</value>
         <object_component_ref idref="oc-bf"/>
      </symbol>
      <symbol id="sm-13e">
         <name>LCD_SendChars</name>
         <value>0x23b7</value>
         <object_component_ref idref="oc-bf"/>
      </symbol>
      <symbol id="sm-161">
         <name>PWM_SetPulse</name>
         <value>0x1e8d</value>
         <object_component_ref idref="oc-c5"/>
      </symbol>
      <symbol id="sm-162">
         <name>PWM_Init</name>
         <value>0x1e21</value>
         <object_component_ref idref="oc-c5"/>
      </symbol>
      <symbol id="sm-163">
         <name>PWM_SetFanVelocity</name>
         <value>0x1e9d</value>
         <object_component_ref idref="oc-c5"/>
      </symbol>
      <symbol id="sm-183">
         <name>SPI_ReadTemperature</name>
         <value>0x26a5</value>
         <object_component_ref idref="oc-ad"/>
      </symbol>
      <symbol id="sm-184">
         <name>SPI_WriteToPotentiometer</name>
         <value>0x2659</value>
         <object_component_ref idref="oc-ad"/>
      </symbol>
      <symbol id="sm-185">
         <name>SPI_Init</name>
         <value>0x25f9</value>
         <object_component_ref idref="oc-ad"/>
      </symbol>
      <symbol id="sm-19f">
         <name>UART_Printf</name>
         <value>0x2de5</value>
         <object_component_ref idref="oc-b9"/>
      </symbol>
      <symbol id="sm-1a0">
         <name>UART_Println</name>
         <value>0x2e05</value>
         <object_component_ref idref="oc-b9"/>
      </symbol>
      <symbol id="sm-1a1">
         <name>UART_Init</name>
         <value>0x2d99</value>
         <object_component_ref idref="oc-b9"/>
      </symbol>
      <symbol id="sm-1f4">
         <name>UARTFlowControlSet</name>
         <value>0x3a47</value>
         <object_component_ref idref="oc-1f3"/>
      </symbol>
      <symbol id="sm-1f5">
         <name>UARTConfigSetExpClk</name>
         <value>0x3683</value>
         <object_component_ref idref="oc-1ed"/>
      </symbol>
      <symbol id="sm-1f6">
         <name>UARTDisable</name>
         <value>0x3871</value>
         <object_component_ref idref="oc-2ae"/>
      </symbol>
      <symbol id="sm-1f7">
         <name>UARTClockSourceSet</name>
         <value>0x3ab7</value>
         <object_component_ref idref="oc-1e7"/>
      </symbol>
      <symbol id="sm-1f8">
         <name>UARTCharPut</name>
         <value>0x3a91</value>
         <object_component_ref idref="oc-1ff"/>
      </symbol>
      <symbol id="sm-1f9">
         <name>UARTEnable</name>
         <value>0x391d</value>
         <object_component_ref idref="oc-1f9"/>
      </symbol>
      <symbol id="sm-1fa">
         <name>UARTCharGet</name>
         <value>0x3a87</value>
         <object_component_ref idref="oc-cb"/>
      </symbol>
      <symbol id="sm-22d">
         <name>TimerLoadSet</name>
         <value>0x39b3</value>
         <object_component_ref idref="oc-8f"/>
      </symbol>
      <symbol id="sm-22e">
         <name>TimerEnable</name>
         <value>0x3a07</value>
         <object_component_ref idref="oc-a7"/>
      </symbol>
      <symbol id="sm-22f">
         <name>TimerIntEnable</name>
         <value>0x3aa3</value>
         <object_component_ref idref="oc-9b"/>
      </symbol>
      <symbol id="sm-230">
         <name>TimerConfigure</name>
         <value>0x3309</value>
         <object_component_ref idref="oc-83"/>
      </symbol>
      <symbol id="sm-231">
         <name>TimerIntClear</name>
         <value>0x3ac3</value>
         <object_component_ref idref="oc-6e"/>
      </symbol>
      <symbol id="sm-296">
         <name>SysCtlClockSet</name>
         <value>0x2be5</value>
         <object_component_ref idref="oc-77"/>
      </symbol>
      <symbol id="sm-297">
         <name>SysCtlDelay</name>
         <value>0x3ab1</value>
         <object_component_ref idref="oc-152"/>
      </symbol>
      <symbol id="sm-298">
         <name>SysCtlPeripheralEnable</name>
         <value>0x3739</value>
         <object_component_ref idref="oc-7d"/>
      </symbol>
      <symbol id="sm-299">
         <name>SysCtlClockGet</name>
         <value>0x29d1</value>
         <object_component_ref idref="oc-89"/>
      </symbol>
      <symbol id="sm-29a">
         <name>SysCtlPWMClockSet</name>
         <value>0x3909</value>
         <object_component_ref idref="oc-209"/>
      </symbol>
      <symbol id="sm-2da">
         <name>SSIDataPut</name>
         <value>0x3a73</value>
         <object_component_ref idref="oc-193"/>
      </symbol>
      <symbol id="sm-2db">
         <name>SSIDataGet</name>
         <value>0x3a3b</value>
         <object_component_ref idref="oc-1a5"/>
      </symbol>
      <symbol id="sm-2dc">
         <name>SSIDataGetNonBlocking</name>
         <value>0x39a1</value>
         <object_component_ref idref="oc-19f"/>
      </symbol>
      <symbol id="sm-2dd">
         <name>SSIConfigSetExpClk</name>
         <value>0x3641</value>
         <object_component_ref idref="oc-187"/>
      </symbol>
      <symbol id="sm-2de">
         <name>SSIEnable</name>
         <value>0x3a7d</value>
         <object_component_ref idref="oc-18d"/>
      </symbol>
      <symbol id="sm-2df">
         <name>SSIBusy</name>
         <value>0x3a9b</value>
         <object_component_ref idref="oc-199"/>
      </symbol>
      <symbol id="sm-30c">
         <name>PWMGenPeriodSet</name>
         <value>0x39e9</value>
         <object_component_ref idref="oc-21b"/>
      </symbol>
      <symbol id="sm-30d">
         <name>PWMPulseWidthSet</name>
         <value>0x3853</value>
         <object_component_ref idref="oc-221"/>
      </symbol>
      <symbol id="sm-30e">
         <name>PWMOutputState</name>
         <value>0x398f</value>
         <object_component_ref idref="oc-22d"/>
      </symbol>
      <symbol id="sm-30f">
         <name>PWMGenEnable</name>
         <value>0x3a2f</value>
         <object_component_ref idref="oc-227"/>
      </symbol>
      <symbol id="sm-310">
         <name>PWMGenConfigure</name>
         <value>0x37f3</value>
         <object_component_ref idref="oc-215"/>
      </symbol>
      <symbol id="sm-33e">
         <name>IntEnable</name>
         <value>0x31e9</value>
         <object_component_ref idref="oc-95"/>
      </symbol>
      <symbol id="sm-33f">
         <name>IntMasterEnable</name>
         <value>0x3a69</value>
         <object_component_ref idref="oc-a1"/>
      </symbol>
      <symbol id="sm-397">
         <name>GPIOPinTypePWM</name>
         <value>0x3959</value>
         <object_component_ref idref="oc-20f"/>
      </symbol>
      <symbol id="sm-398">
         <name>GPIOPinConfigure</name>
         <value>0x3459</value>
         <object_component_ref idref="oc-17b"/>
      </symbol>
      <symbol id="sm-399">
         <name>GPIOPinTypeUART</name>
         <value>0x397d</value>
         <object_component_ref idref="oc-1e1"/>
      </symbol>
      <symbol id="sm-39a">
         <name>GPIOPinTypeGPIOOutput</name>
         <value>0x38a9</value>
         <object_component_ref idref="oc-16f"/>
      </symbol>
      <symbol id="sm-39b">
         <name>GPIODirModeSet</name>
         <value>0x37c9</value>
         <object_component_ref idref="oc-28a"/>
      </symbol>
      <symbol id="sm-39c">
         <name>GPIOPinWrite</name>
         <value>0x3aab</value>
         <object_component_ref idref="oc-175"/>
      </symbol>
      <symbol id="sm-39d">
         <name>GPIOPadConfigSet</name>
         <value>0x289f</value>
         <object_component_ref idref="oc-284"/>
      </symbol>
      <symbol id="sm-39e">
         <name>GPIOPinTypeSSI</name>
         <value>0x396b</value>
         <object_component_ref idref="oc-181"/>
      </symbol>
      <symbol id="sm-3a8">
         <name>CPUcpsie</name>
         <value>0x3a23</value>
         <object_component_ref idref="oc-162"/>
      </symbol>
      <symbol id="sm-3f2">
         <name>ADCProcessorTrigger</name>
         <value>0x38f1</value>
         <object_component_ref idref="oc-1c5"/>
      </symbol>
      <symbol id="sm-3f3">
         <name>ADCSequenceEnable</name>
         <value>0x39f9</value>
         <object_component_ref idref="oc-1b9"/>
      </symbol>
      <symbol id="sm-3f4">
         <name>ADCSequenceConfigure</name>
         <value>0x36c3</value>
         <object_component_ref idref="oc-1ad"/>
      </symbol>
      <symbol id="sm-3f5">
         <name>ADCSequenceStepConfigure</name>
         <value>0x3089</value>
         <object_component_ref idref="oc-1b3"/>
      </symbol>
      <symbol id="sm-3f6">
         <name>ADCIntClear</name>
         <value>0x3a5f</value>
         <object_component_ref idref="oc-1bf"/>
      </symbol>
      <symbol id="sm-3f7">
         <name>ADCIntStatus</name>
         <value>0x376d</value>
         <object_component_ref idref="oc-1cb"/>
      </symbol>
      <symbol id="sm-3f8">
         <name>ADCSequenceDataGet</name>
         <value>0x3835</value>
         <object_component_ref idref="oc-1d1"/>
      </symbol>
      <symbol id="sm-408">
         <name>_c_int00</name>
         <value>0x34a1</value>
         <object_component_ref idref="oc-11"/>
      </symbol>
      <symbol id="sm-409">
         <name>__stack</name>
         <value>0x20000000</value>
         <object_component_ref idref="oc-28"/>
      </symbol>
      <symbol id="sm-420">
         <name>__TI_decompress_none</name>
         <value>0x3a15</value>
         <object_component_ref idref="oc-16"/>
      </symbol>
      <symbol id="sm-444">
         <name>__TI_decompress_rle24</name>
         <value>0x3abd</value>
         <object_component_ref idref="oc-22"/>
      </symbol>
      <symbol id="sm-45d">
         <name>__TI_zero_init</name>
         <value>0x39c5</value>
         <object_component_ref idref="oc-1c"/>
      </symbol>
      <symbol id="sm-47c">
         <name>C$$EXIT</name>
         <value>0x3575</value>
         <object_component_ref idref="oc-43"/>
      </symbol>
      <symbol id="sm-47d">
         <name>abort</name>
         <value>0x3579</value>
         <object_component_ref idref="oc-43"/>
      </symbol>
      <symbol id="sm-47e">
         <name>exit</name>
         <value>0x3581</value>
         <object_component_ref idref="oc-43"/>
      </symbol>
      <symbol id="sm-47f">
         <name>__TI_dtors_ptr</name>
         <value>0x20000cbc</value>
         <object_component_ref idref="oc-12f"/>
      </symbol>
      <symbol id="sm-480">
         <name>__TI_cleanup_ptr</name>
         <value>0x20000cb8</value>
         <object_component_ref idref="oc-12f"/>
      </symbol>
      <symbol id="sm-497">
         <name>__aeabi_dsub</name>
         <value>0x2441</value>
         <object_component_ref idref="oc-ec"/>
      </symbol>
      <symbol id="sm-498">
         <name>__aeabi_dadd</name>
         <value>0x244b</value>
         <object_component_ref idref="oc-ec"/>
      </symbol>
      <symbol id="sm-4ba">
         <name>__aeabi_cdcmpeq</name>
         <value>0x2f7d</value>
         <object_component_ref idref="oc-fc"/>
      </symbol>
      <symbol id="sm-4bb">
         <name>__aeabi_cdcmple</name>
         <value>0x2f7d</value>
         <object_component_ref idref="oc-fc"/>
      </symbol>
      <symbol id="sm-4bc">
         <name>__aeabi_cdrcmple</name>
         <value>0x3003</value>
         <object_component_ref idref="oc-2d8"/>
      </symbol>
      <symbol id="sm-4d0">
         <name>__aeabi_ddiv</name>
         <value>0x2769</value>
         <object_component_ref idref="oc-106"/>
      </symbol>
      <symbol id="sm-4db">
         <name>__aeabi_dmul</name>
         <value>0x2ae9</value>
         <object_component_ref idref="oc-e7"/>
      </symbol>
      <symbol id="sm-4e5">
         <name>__aeabi_d2f</name>
         <value>0x340d</value>
         <object_component_ref idref="oc-f1"/>
      </symbol>
      <symbol id="sm-4ef">
         <name>__aeabi_d2uiz</name>
         <value>0x35b9</value>
         <object_component_ref idref="oc-1d7"/>
      </symbol>
      <symbol id="sm-4fa">
         <name>__aeabi_f2d</name>
         <value>0x3701</value>
         <object_component_ref idref="oc-d7"/>
      </symbol>
      <symbol id="sm-504">
         <name>__aeabi_i2d</name>
         <value>0x379b</value>
         <object_component_ref idref="oc-101"/>
      </symbol>
      <symbol id="sm-51f">
         <name>memcpy</name>
         <value>0x2e4d</value>
         <object_component_ref idref="oc-4d"/>
      </symbol>
      <symbol id="sm-520">
         <name>__aeabi_memcpy</name>
         <value>0x2e4d</value>
         <object_component_ref idref="oc-4d"/>
      </symbol>
      <symbol id="sm-521">
         <name>__aeabi_memcpy8</name>
         <value>0x2e4d</value>
         <object_component_ref idref="oc-4d"/>
      </symbol>
      <symbol id="sm-522">
         <name>__aeabi_memcpy4</name>
         <value>0x2e4d</value>
         <object_component_ref idref="oc-4d"/>
      </symbol>
      <symbol id="sm-532">
         <name>round</name>
         <value>0x3181</value>
         <object_component_ref idref="oc-f6"/>
      </symbol>
      <symbol id="sm-54b">
         <name>sprintf</name>
         <value>0x3249</value>
         <object_component_ref idref="oc-d1"/>
      </symbol>
      <symbol id="sm-553">
         <name>main_func_sp</name>
         <value>0x20000cc0</value>
         <object_component_ref idref="oc-49"/>
      </symbol>
      <symbol id="sm-55d">
         <name>__aeabi_ui2d</name>
         <value>0x3815</value>
         <object_component_ref idref="oc-e2"/>
      </symbol>
      <symbol id="sm-57a">
         <name>_Dint</name>
         <value>0x2cd5</value>
         <object_component_ref idref="oc-253"/>
      </symbol>
      <symbol id="sm-58c">
         <name>_Dtest</name>
         <value>0x35fd</value>
         <object_component_ref idref="oc-24d"/>
      </symbol>
      <symbol id="sm-5a5">
         <name>_nop</name>
         <value>0x393f</value>
         <object_component_ref idref="oc-266"/>
      </symbol>
      <symbol id="sm-5a6">
         <name>_lock</name>
         <value>0x20000cb0</value>
         <object_component_ref idref="oc-12c"/>
      </symbol>
      <symbol id="sm-5a7">
         <name>_unlock</name>
         <value>0x20000cb4</value>
         <object_component_ref idref="oc-12c"/>
      </symbol>
      <symbol id="sm-5a8">
         <name>_register_lock</name>
         <value>0x3937</value>
         <object_component_ref idref="oc-266"/>
      </symbol>
      <symbol id="sm-5a9">
         <name>_register_unlock</name>
         <value>0x3931</value>
         <object_component_ref idref="oc-266"/>
      </symbol>
      <symbol id="sm-695">
         <name>__TI_printfi</name>
         <value>0xe23</value>
         <object_component_ref idref="oc-237"/>
      </symbol>
      <symbol id="sm-6a9">
         <name>_args_main</name>
         <value>0x38c1</value>
         <object_component_ref idref="oc-3d"/>
      </symbol>
      <symbol id="sm-6bf">
         <name>atoi</name>
         <value>0x33c1</value>
         <object_component_ref idref="oc-2f9"/>
      </symbol>
      <symbol id="sm-6dc">
         <name>__TI_auto_init</name>
         <value>0x2ee9</value>
         <object_component_ref idref="oc-38"/>
      </symbol>
      <symbol id="sm-6f5">
         <name>copy_in</name>
         <value>0x3531</value>
         <object_component_ref idref="oc-123"/>
      </symbol>
      <symbol id="sm-700">
         <name>_ctypes_</name>
         <value>0x3ac8</value>
         <object_component_ref idref="oc-33b"/>
      </symbol>
      <symbol id="sm-70a">
         <name>__aeabi_d2iz</name>
         <value>0x34e9</value>
         <object_component_ref idref="oc-2dd"/>
      </symbol>
      <symbol id="sm-713">
         <name>__aeabi_lmul</name>
         <value>0x38d9</value>
         <object_component_ref idref="oc-2cd"/>
      </symbol>
      <symbol id="sm-722">
         <name>ltoa</name>
         <value>0x3365</value>
         <object_component_ref idref="oc-2e2"/>
      </symbol>
      <symbol id="sm-732">
         <name>memccpy</name>
         <value>0x388d</value>
         <object_component_ref idref="oc-2f3"/>
      </symbol>
      <symbol id="sm-741">
         <name>__aeabi_memset</name>
         <value>0x310b</value>
         <object_component_ref idref="oc-2e8"/>
      </symbol>
      <symbol id="sm-742">
         <name>memset</name>
         <value>0x3111</value>
         <object_component_ref idref="oc-2e8"/>
      </symbol>
      <symbol id="sm-743">
         <name>__aeabi_memset8</name>
         <value>0x310b</value>
         <object_component_ref idref="oc-2e8"/>
      </symbol>
      <symbol id="sm-744">
         <name>__aeabi_memset4</name>
         <value>0x310b</value>
         <object_component_ref idref="oc-2e8"/>
      </symbol>
      <symbol id="sm-745">
         <name>__aeabi_memclr8</name>
         <value>0x3109</value>
         <object_component_ref idref="oc-2e8"/>
      </symbol>
      <symbol id="sm-746">
         <name>__aeabi_memclr4</name>
         <value>0x3109</value>
         <object_component_ref idref="oc-2e8"/>
      </symbol>
      <symbol id="sm-747">
         <name>__aeabi_memclr</name>
         <value>0x3109</value>
         <object_component_ref idref="oc-2e8"/>
      </symbol>
      <symbol id="sm-755">
         <name>strlen</name>
         <value>0x3945</value>
         <object_component_ref idref="oc-2d2"/>
      </symbol>
      <symbol id="sm-771">
         <name>__aeabi_uldivmod</name>
         <value>0x2061</value>
         <object_component_ref idref="oc-2c8"/>
      </symbol>
      <symbol id="sm-77b">
         <name>_Dclass</name>
         <value>0x39d7</value>
         <object_component_ref idref="oc-2ed"/>
      </symbol>
      <symbol id="sm-77c">
         <name>__TI_static_base__</name>
         <value>0x0</value>
      </symbol>
      <symbol id="sm-77d">
         <name>__TI_args_main</name>
         <value>0x1</value>
      </symbol>
      <symbol id="sm-77e">
         <name>SHT$$INIT_ARRAY$$Limit</name>
         <value>0x0</value>
      </symbol>
      <symbol id="sm-77f">
         <name>SHT$$INIT_ARRAY$$Base</name>
         <value>0x0</value>
      </symbol>
   </symbol_table>
   <title>Link successful</title>
</link_info>
