<?xml version="1.0"?>
<link_info>
   <banner>TI ARM Linker PC v5.1.6</banner>
   <copyright>Copyright (c) 1996-2014 Texas Instruments Incorporated</copyright>
   <link_time>0x546bfb24</link_time>
   <link_errors>0x0</link_errors>
   <output_file>Integration_Test.out</output_file>
   <entry_point>
      <name>_c_int00</name>
      <address>0x3cc5</address>
   </entry_point>
   <input_file_list>
      <input_file id="fl-2">
         <path>.\</path>
         <kind>object</kind>
         <file>main.obj</file>
         <name>main.obj</name>
      </input_file>
      <input_file id="fl-3">
         <path>.\</path>
         <kind>object</kind>
         <file>tm4c123gh6pm_startup_ccs.obj</file>
         <name>tm4c123gh6pm_startup_ccs.obj</name>
      </input_file>
      <input_file id="fl-4">
         <path>.\user_libs\</path>
         <kind>object</kind>
         <file>adc.obj</file>
         <name>adc.obj</name>
      </input_file>
      <input_file id="fl-5">
         <path>.\user_libs\</path>
         <kind>object</kind>
         <file>lcd.obj</file>
         <name>lcd.obj</name>
      </input_file>
      <input_file id="fl-6">
         <path>.\user_libs\</path>
         <kind>object</kind>
         <file>pwm.obj</file>
         <name>pwm.obj</name>
      </input_file>
      <input_file id="fl-7">
         <path>.\user_libs\</path>
         <kind>object</kind>
         <file>spi.obj</file>
         <name>spi.obj</name>
      </input_file>
      <input_file id="fl-8">
         <path>.\user_libs\</path>
         <kind>object</kind>
         <file>uart.obj</file>
         <name>uart.obj</name>
      </input_file>
      <input_file id="fl-d">
         <path>C:\ti\TivaWare_C_Series-2.1.0.12573\driverlib\ccs\Debug\</path>
         <kind>archive</kind>
         <file>driverlib.lib</file>
         <name>uart.obj</name>
      </input_file>
      <input_file id="fl-e">
         <path>C:\ti\TivaWare_C_Series-2.1.0.12573\driverlib\ccs\Debug\</path>
         <kind>archive</kind>
         <file>driverlib.lib</file>
         <name>timer.obj</name>
      </input_file>
      <input_file id="fl-f">
         <path>C:\ti\TivaWare_C_Series-2.1.0.12573\driverlib\ccs\Debug\</path>
         <kind>archive</kind>
         <file>driverlib.lib</file>
         <name>sysctl.obj</name>
      </input_file>
      <input_file id="fl-10">
         <path>C:\ti\TivaWare_C_Series-2.1.0.12573\driverlib\ccs\Debug\</path>
         <kind>archive</kind>
         <file>driverlib.lib</file>
         <name>ssi.obj</name>
      </input_file>
      <input_file id="fl-11">
         <path>C:\ti\TivaWare_C_Series-2.1.0.12573\driverlib\ccs\Debug\</path>
         <kind>archive</kind>
         <file>driverlib.lib</file>
         <name>pwm.obj</name>
      </input_file>
      <input_file id="fl-12">
         <path>C:\ti\TivaWare_C_Series-2.1.0.12573\driverlib\ccs\Debug\</path>
         <kind>archive</kind>
         <file>driverlib.lib</file>
         <name>interrupt.obj</name>
      </input_file>
      <input_file id="fl-13">
         <path>C:\ti\TivaWare_C_Series-2.1.0.12573\driverlib\ccs\Debug\</path>
         <kind>archive</kind>
         <file>driverlib.lib</file>
         <name>gpio.obj</name>
      </input_file>
      <input_file id="fl-14">
         <path>C:\ti\TivaWare_C_Series-2.1.0.12573\driverlib\ccs\Debug\</path>
         <kind>archive</kind>
         <file>driverlib.lib</file>
         <name>cpu.obj</name>
      </input_file>
      <input_file id="fl-15">
         <path>C:\ti\TivaWare_C_Series-2.1.0.12573\driverlib\ccs\Debug\</path>
         <kind>archive</kind>
         <file>driverlib.lib</file>
         <name>adc.obj</name>
      </input_file>
      <input_file id="fl-13f">
         <path>c:\ti\ccsv6\tools\compiler\arm_5.1.6\lib\</path>
         <kind>archive</kind>
         <file>rtsv7M4_T_le_v4SPD16_eabi.lib</file>
         <name>boot.obj</name>
      </input_file>
      <input_file id="fl-140">
         <path>c:\ti\ccsv6\tools\compiler\arm_5.1.6\lib\</path>
         <kind>archive</kind>
         <file>rtsv7M4_T_le_v4SPD16_eabi.lib</file>
         <name>copy_decompress_none.obj</name>
      </input_file>
      <input_file id="fl-141">
         <path>c:\ti\ccsv6\tools\compiler\arm_5.1.6\lib\</path>
         <kind>archive</kind>
         <file>rtsv7M4_T_le_v4SPD16_eabi.lib</file>
         <name>copy_decompress_rle.obj</name>
      </input_file>
      <input_file id="fl-142">
         <path>c:\ti\ccsv6\tools\compiler\arm_5.1.6\lib\</path>
         <kind>archive</kind>
         <file>rtsv7M4_T_le_v4SPD16_eabi.lib</file>
         <name>copy_zero_init.obj</name>
      </input_file>
      <input_file id="fl-143">
         <path>c:\ti\ccsv6\tools\compiler\arm_5.1.6\lib\</path>
         <kind>archive</kind>
         <file>rtsv7M4_T_le_v4SPD16_eabi.lib</file>
         <name>exit.obj</name>
      </input_file>
      <input_file id="fl-144">
         <path>c:\ti\ccsv6\tools\compiler\arm_5.1.6\lib\</path>
         <kind>archive</kind>
         <file>rtsv7M4_T_le_v4SPD16_eabi.lib</file>
         <name>fd_add_t2.obj</name>
      </input_file>
      <input_file id="fl-145">
         <path>c:\ti\ccsv6\tools\compiler\arm_5.1.6\lib\</path>
         <kind>archive</kind>
         <file>rtsv7M4_T_le_v4SPD16_eabi.lib</file>
         <name>fd_cmp_t2.obj</name>
      </input_file>
      <input_file id="fl-146">
         <path>c:\ti\ccsv6\tools\compiler\arm_5.1.6\lib\</path>
         <kind>archive</kind>
         <file>rtsv7M4_T_le_v4SPD16_eabi.lib</file>
         <name>fd_div_t2.obj</name>
      </input_file>
      <input_file id="fl-147">
         <path>c:\ti\ccsv6\tools\compiler\arm_5.1.6\lib\</path>
         <kind>archive</kind>
         <file>rtsv7M4_T_le_v4SPD16_eabi.lib</file>
         <name>fd_mul_t2.obj</name>
      </input_file>
      <input_file id="fl-148">
         <path>c:\ti\ccsv6\tools\compiler\arm_5.1.6\lib\</path>
         <kind>archive</kind>
         <file>rtsv7M4_T_le_v4SPD16_eabi.lib</file>
         <name>fd_tos_t2.obj</name>
      </input_file>
      <input_file id="fl-149">
         <path>c:\ti\ccsv6\tools\compiler\arm_5.1.6\lib\</path>
         <kind>archive</kind>
         <file>rtsv7M4_T_le_v4SPD16_eabi.lib</file>
         <name>fd_tou_t2.obj</name>
      </input_file>
      <input_file id="fl-14a">
         <path>c:\ti\ccsv6\tools\compiler\arm_5.1.6\lib\</path>
         <kind>archive</kind>
         <file>rtsv7M4_T_le_v4SPD16_eabi.lib</file>
         <name>fs_tod_t2.obj</name>
      </input_file>
      <input_file id="fl-14b">
         <path>c:\ti\ccsv6\tools\compiler\arm_5.1.6\lib\</path>
         <kind>archive</kind>
         <file>rtsv7M4_T_le_v4SPD16_eabi.lib</file>
         <name>i_tofd_t2.obj</name>
      </input_file>
      <input_file id="fl-14c">
         <path>c:\ti\ccsv6\tools\compiler\arm_5.1.6\lib\</path>
         <kind>archive</kind>
         <file>rtsv7M4_T_le_v4SPD16_eabi.lib</file>
         <name>memcpy_t2.obj</name>
      </input_file>
      <input_file id="fl-14d">
         <path>c:\ti\ccsv6\tools\compiler\arm_5.1.6\lib\</path>
         <kind>archive</kind>
         <file>rtsv7M4_T_le_v4SPD16_eabi.lib</file>
         <name>round.obj</name>
      </input_file>
      <input_file id="fl-14e">
         <path>c:\ti\ccsv6\tools\compiler\arm_5.1.6\lib\</path>
         <kind>archive</kind>
         <file>rtsv7M4_T_le_v4SPD16_eabi.lib</file>
         <name>sprintf.obj</name>
      </input_file>
      <input_file id="fl-14f">
         <path>c:\ti\ccsv6\tools\compiler\arm_5.1.6\lib\</path>
         <kind>archive</kind>
         <file>rtsv7M4_T_le_v4SPD16_eabi.lib</file>
         <name>stkdepth_vars.obj</name>
      </input_file>
      <input_file id="fl-150">
         <path>c:\ti\ccsv6\tools\compiler\arm_5.1.6\lib\</path>
         <kind>archive</kind>
         <file>rtsv7M4_T_le_v4SPD16_eabi.lib</file>
         <name>u_tofd_t2.obj</name>
      </input_file>
      <input_file id="fl-151">
         <path>c:\ti\ccsv6\tools\compiler\arm_5.1.6\lib\</path>
         <kind>archive</kind>
         <file>rtsv7M4_T_le_v4SPD16_eabi.lib</file>
         <name>xdint.obj</name>
      </input_file>
      <input_file id="fl-152">
         <path>c:\ti\ccsv6\tools\compiler\arm_5.1.6\lib\</path>
         <kind>archive</kind>
         <file>rtsv7M4_T_le_v4SPD16_eabi.lib</file>
         <name>xdtest.obj</name>
      </input_file>
      <input_file id="fl-153">
         <path>c:\ti\ccsv6\tools\compiler\arm_5.1.6\lib\</path>
         <kind>archive</kind>
         <file>rtsv7M4_T_le_v4SPD16_eabi.lib</file>
         <name>_lock.obj</name>
      </input_file>
      <input_file id="fl-154">
         <path>c:\ti\ccsv6\tools\compiler\arm_5.1.6\lib\</path>
         <kind>archive</kind>
         <file>rtsv7M4_T_le_v4SPD16_eabi.lib</file>
         <name>_printfi.obj</name>
      </input_file>
      <input_file id="fl-155">
         <path>c:\ti\ccsv6\tools\compiler\arm_5.1.6\lib\</path>
         <kind>archive</kind>
         <file>rtsv7M4_T_le_v4SPD16_eabi.lib</file>
         <name>args_main.obj</name>
      </input_file>
      <input_file id="fl-156">
         <path>c:\ti\ccsv6\tools\compiler\arm_5.1.6\lib\</path>
         <kind>archive</kind>
         <file>rtsv7M4_T_le_v4SPD16_eabi.lib</file>
         <name>atoi.obj</name>
      </input_file>
      <input_file id="fl-157">
         <path>c:\ti\ccsv6\tools\compiler\arm_5.1.6\lib\</path>
         <kind>archive</kind>
         <file>rtsv7M4_T_le_v4SPD16_eabi.lib</file>
         <name>auto_init.obj</name>
      </input_file>
      <input_file id="fl-158">
         <path>c:\ti\ccsv6\tools\compiler\arm_5.1.6\lib\</path>
         <kind>archive</kind>
         <file>rtsv7M4_T_le_v4SPD16_eabi.lib</file>
         <name>cpy_tbl.obj</name>
      </input_file>
      <input_file id="fl-159">
         <path>c:\ti\ccsv6\tools\compiler\arm_5.1.6\lib\</path>
         <kind>archive</kind>
         <file>rtsv7M4_T_le_v4SPD16_eabi.lib</file>
         <name>ctype.obj</name>
      </input_file>
      <input_file id="fl-15a">
         <path>c:\ti\ccsv6\tools\compiler\arm_5.1.6\lib\</path>
         <kind>archive</kind>
         <file>rtsv7M4_T_le_v4SPD16_eabi.lib</file>
         <name>fd_toi_t2.obj</name>
      </input_file>
      <input_file id="fl-15b">
         <path>c:\ti\ccsv6\tools\compiler\arm_5.1.6\lib\</path>
         <kind>archive</kind>
         <file>rtsv7M4_T_le_v4SPD16_eabi.lib</file>
         <name>ll_mul_t2.obj</name>
      </input_file>
      <input_file id="fl-15c">
         <path>c:\ti\ccsv6\tools\compiler\arm_5.1.6\lib\</path>
         <kind>archive</kind>
         <file>rtsv7M4_T_le_v4SPD16_eabi.lib</file>
         <name>ltoa.obj</name>
      </input_file>
      <input_file id="fl-15d">
         <path>c:\ti\ccsv6\tools\compiler\arm_5.1.6\lib\</path>
         <kind>archive</kind>
         <file>rtsv7M4_T_le_v4SPD16_eabi.lib</file>
         <name>memccpy.obj</name>
      </input_file>
      <input_file id="fl-15e">
         <path>c:\ti\ccsv6\tools\compiler\arm_5.1.6\lib\</path>
         <kind>archive</kind>
         <file>rtsv7M4_T_le_v4SPD16_eabi.lib</file>
         <name>memset_t2.obj</name>
      </input_file>
      <input_file id="fl-15f">
         <path>c:\ti\ccsv6\tools\compiler\arm_5.1.6\lib\</path>
         <kind>archive</kind>
         <file>rtsv7M4_T_le_v4SPD16_eabi.lib</file>
         <name>strlen.obj</name>
      </input_file>
      <input_file id="fl-160">
         <path>c:\ti\ccsv6\tools\compiler\arm_5.1.6\lib\</path>
         <kind>archive</kind>
         <file>rtsv7M4_T_le_v4SPD16_eabi.lib</file>
         <name>ull_div_t2.obj</name>
      </input_file>
      <input_file id="fl-161">
         <path>c:\ti\ccsv6\tools\compiler\arm_5.1.6\lib\</path>
         <kind>archive</kind>
         <file>rtsv7M4_T_le_v4SPD16_eabi.lib</file>
         <name>xdclass.obj</name>
      </input_file>
   </input_file_list>
   <object_component_list>
      <object_component id="oc-e">
         <name>.intvecs</name>
         <load_address>0x0</load_address>
         <run_address>0x0</run_address>
         <size>0x26c</size>
         <input_file_ref idref="fl-3"/>
      </object_component>
      <object_component id="oc-2f">
         <name>.text</name>
         <load_address>0x26c</load_address>
         <run_address>0x26c</run_address>
         <size>0x10e4</size>
         <input_file_ref idref="fl-2"/>
      </object_component>
      <object_component id="oc-18b">
         <name>.text</name>
         <load_address>0x1350</load_address>
         <run_address>0x1350</run_address>
         <size>0xec0</size>
         <input_file_ref idref="fl-154"/>
      </object_component>
      <object_component id="oc-8c">
         <name>.text</name>
         <load_address>0x2210</load_address>
         <run_address>0x2210</run_address>
         <size>0x2b8</size>
         <input_file_ref idref="fl-5"/>
      </object_component>
      <object_component id="oc-a2">
         <name>.text</name>
         <load_address>0x24c8</load_address>
         <run_address>0x24c8</run_address>
         <size>0x2ac</size>
         <input_file_ref idref="fl-6"/>
      </object_component>
      <object_component id="oc-d2">
         <name>.text</name>
         <load_address>0x2774</load_address>
         <run_address>0x2774</run_address>
         <size>0x268</size>
         <input_file_ref idref="fl-4"/>
      </object_component>
      <object_component id="oc-2ba">
         <name>.text</name>
         <load_address>0x29dc</load_address>
         <run_address>0x29dc</run_address>
         <size>0x1f4</size>
         <input_file_ref idref="fl-160"/>
      </object_component>
      <object_component id="oc-79">
         <name>.text</name>
         <load_address>0x2bd0</load_address>
         <run_address>0x2bd0</run_address>
         <size>0x1b6</size>
         <input_file_ref idref="fl-144"/>
      </object_component>
      <object_component id="oc-cc">
         <name>.text</name>
         <load_address>0x2d88</load_address>
         <run_address>0x2d88</run_address>
         <size>0x15c</size>
         <input_file_ref idref="fl-7"/>
      </object_component>
      <object_component id="oc-9d">
         <name>.text</name>
         <load_address>0x2ee4</load_address>
         <run_address>0x2ee4</run_address>
         <size>0x136</size>
         <input_file_ref idref="fl-146"/>
      </object_component>
      <object_component id="oc-27a">
         <name>.text:GPIOPadConfigSet</name>
         <load_address>0x301a</load_address>
         <run_address>0x301a</run_address>
         <size>0x130</size>
         <input_file_ref idref="fl-13"/>
      </object_component>
      <object_component id="oc-e4">
         <name>.text:SysCtlClockGet</name>
         <load_address>0x314c</load_address>
         <run_address>0x314c</run_address>
         <size>0x118</size>
         <input_file_ref idref="fl-f"/>
      </object_component>
      <object_component id="oc-d8">
         <name>.text</name>
         <load_address>0x3264</load_address>
         <run_address>0x3264</run_address>
         <size>0x108</size>
         <input_file_ref idref="fl-8"/>
      </object_component>
      <object_component id="oc-98">
         <name>.text</name>
         <load_address>0x336c</load_address>
         <run_address>0x336c</run_address>
         <size>0xfc</size>
         <input_file_ref idref="fl-147"/>
      </object_component>
      <object_component id="oc-c0">
         <name>.text:SysCtlClockSet</name>
         <load_address>0x3468</load_address>
         <run_address>0x3468</run_address>
         <size>0xf0</size>
         <input_file_ref idref="fl-f"/>
      </object_component>
      <object_component id="oc-294">
         <name>.text</name>
         <load_address>0x3558</load_address>
         <run_address>0x3558</run_address>
         <size>0xc4</size>
         <input_file_ref idref="fl-151"/>
      </object_component>
      <object_component id="oc-4d">
         <name>.text</name>
         <load_address>0x361c</load_address>
         <run_address>0x361c</run_address>
         <size>0x9c</size>
         <input_file_ref idref="fl-14c"/>
      </object_component>
      <object_component id="oc-38">
         <name>.text</name>
         <load_address>0x36b8</load_address>
         <run_address>0x36b8</run_address>
         <size>0x94</size>
         <input_file_ref idref="fl-157"/>
      </object_component>
      <object_component id="oc-132">
         <name>.text:__aeabi_cdcmple</name>
         <load_address>0x374c</load_address>
         <run_address>0x374c</run_address>
         <size>0x86</size>
         <input_file_ref idref="fl-145"/>
      </object_component>
      <object_component id="oc-2ca">
         <name>.text:__aeabi_cdrcmple</name>
         <load_address>0x37d2</load_address>
         <run_address>0x37d2</run_address>
         <size>0x86</size>
         <input_file_ref idref="fl-145"/>
      </object_component>
      <object_component id="oc-20e">
         <name>.text:ADCSequenceStepConfigure</name>
         <load_address>0x3858</load_address>
         <run_address>0x3858</run_address>
         <size>0x80</size>
         <input_file_ref idref="fl-15"/>
      </object_component>
      <object_component id="oc-2da">
         <name>.text</name>
         <load_address>0x38d8</load_address>
         <run_address>0x38d8</run_address>
         <size>0x78</size>
         <input_file_ref idref="fl-15e"/>
      </object_component>
      <object_component id="oc-12c">
         <name>.text</name>
         <load_address>0x3950</load_address>
         <run_address>0x3950</run_address>
         <size>0x68</size>
         <input_file_ref idref="fl-14d"/>
      </object_component>
      <object_component id="oc-f0">
         <name>.text:IntEnable</name>
         <load_address>0x39b8</load_address>
         <run_address>0x39b8</run_address>
         <size>0x60</size>
         <input_file_ref idref="fl-12"/>
      </object_component>
      <object_component id="oc-92">
         <name>.text</name>
         <load_address>0x3a18</load_address>
         <run_address>0x3a18</run_address>
         <size>0x60</size>
         <input_file_ref idref="fl-14e"/>
      </object_component>
      <object_component id="oc-60">
         <name>.text</name>
         <load_address>0x3a78</load_address>
         <run_address>0x3a78</run_address>
         <size>0x5e</size>
         <input_file_ref idref="fl-141"/>
      </object_component>
      <object_component id="oc-de">
         <name>.text:TimerConfigure</name>
         <load_address>0x3ad8</load_address>
         <run_address>0x3ad8</run_address>
         <size>0x5c</size>
         <input_file_ref idref="fl-e"/>
      </object_component>
      <object_component id="oc-2d4">
         <name>.text</name>
         <load_address>0x3b34</load_address>
         <run_address>0x3b34</run_address>
         <size>0x5a</size>
         <input_file_ref idref="fl-15c"/>
      </object_component>
      <object_component id="oc-102">
         <name>.text:GPIOIntTypeSet</name>
         <load_address>0x3b8e</load_address>
         <run_address>0x3b8e</run_address>
         <size>0x56</size>
         <input_file_ref idref="fl-13"/>
      </object_component>
      <object_component id="oc-2eb">
         <name>.text</name>
         <load_address>0x3be4</load_address>
         <run_address>0x3be4</run_address>
         <size>0x4c</size>
         <input_file_ref idref="fl-156"/>
      </object_component>
      <object_component id="oc-7e">
         <name>.text</name>
         <load_address>0x3c30</load_address>
         <run_address>0x3c30</run_address>
         <size>0x4a</size>
         <input_file_ref idref="fl-148"/>
      </object_component>
      <object_component id="oc-1a0">
         <name>.text:GPIOPinConfigure</name>
         <load_address>0x3c7c</load_address>
         <run_address>0x3c7c</run_address>
         <size>0x48</size>
         <input_file_ref idref="fl-13"/>
      </object_component>
      <object_component id="oc-11">
         <name>.text</name>
         <load_address>0x3cc4</load_address>
         <run_address>0x3cc4</run_address>
         <size>0x48</size>
         <input_file_ref idref="fl-13f"/>
      </object_component>
      <object_component id="oc-2cf">
         <name>.text</name>
         <load_address>0x3d0c</load_address>
         <run_address>0x3d0c</run_address>
         <size>0x48</size>
         <input_file_ref idref="fl-15a"/>
      </object_component>
      <object_component id="oc-154">
         <name>.text</name>
         <load_address>0x3d54</load_address>
         <run_address>0x3d54</run_address>
         <size>0x44</size>
         <input_file_ref idref="fl-158"/>
      </object_component>
      <object_component id="oc-43">
         <name>.text</name>
         <load_address>0x3d98</load_address>
         <run_address>0x3d98</run_address>
         <size>0x44</size>
         <input_file_ref idref="fl-143"/>
      </object_component>
      <object_component id="oc-232">
         <name>.text</name>
         <load_address>0x3ddc</load_address>
         <run_address>0x3ddc</run_address>
         <size>0x44</size>
         <input_file_ref idref="fl-149"/>
      </object_component>
      <object_component id="oc-28e">
         <name>.text</name>
         <load_address>0x3e20</load_address>
         <run_address>0x3e20</run_address>
         <size>0x44</size>
         <input_file_ref idref="fl-152"/>
      </object_component>
      <object_component id="oc-1e2">
         <name>.text:SSIConfigSetExpClk</name>
         <load_address>0x3e64</load_address>
         <run_address>0x3e64</run_address>
         <size>0x42</size>
         <input_file_ref idref="fl-10"/>
      </object_component>
      <object_component id="oc-248">
         <name>.text:UARTConfigSetExpClk</name>
         <load_address>0x3ea6</load_address>
         <run_address>0x3ea6</run_address>
         <size>0x40</size>
         <input_file_ref idref="fl-d"/>
      </object_component>
      <object_component id="oc-208">
         <name>.text:ADCSequenceConfigure</name>
         <load_address>0x3ee6</load_address>
         <run_address>0x3ee6</run_address>
         <size>0x3e</size>
         <input_file_ref idref="fl-15"/>
      </object_component>
      <object_component id="oc-74">
         <name>.text</name>
         <load_address>0x3f24</load_address>
         <run_address>0x3f24</run_address>
         <size>0x38</size>
         <input_file_ref idref="fl-14a"/>
      </object_component>
      <object_component id="oc-c6">
         <name>.text:SysCtlPeripheralEnable</name>
         <load_address>0x3f5c</load_address>
         <run_address>0x3f5c</run_address>
         <size>0x34</size>
         <input_file_ref idref="fl-f"/>
      </object_component>
      <object_component id="oc-226">
         <name>.text:ADCIntStatus</name>
         <load_address>0x3f90</load_address>
         <run_address>0x3f90</run_address>
         <size>0x2e</size>
         <input_file_ref idref="fl-15"/>
      </object_component>
      <object_component id="oc-137">
         <name>.text</name>
         <load_address>0x3fbe</load_address>
         <run_address>0x3fbe</run_address>
         <size>0x2e</size>
         <input_file_ref idref="fl-14b"/>
      </object_component>
      <object_component id="oc-274">
         <name>.text:GPIODirModeSet</name>
         <load_address>0x3fec</load_address>
         <run_address>0x3fec</run_address>
         <size>0x2a</size>
         <input_file_ref idref="fl-13"/>
      </object_component>
      <object_component id="oc-1ac">
         <name>.text:PWMGenConfigure</name>
         <load_address>0x4016</load_address>
         <run_address>0x4016</run_address>
         <size>0x22</size>
         <input_file_ref idref="fl-11"/>
      </object_component>
      <object_component id="oc-127">
         <name>.text</name>
         <load_address>0x4038</load_address>
         <run_address>0x4038</run_address>
         <size>0x20</size>
         <input_file_ref idref="fl-150"/>
      </object_component>
      <object_component id="oc-22c">
         <name>.text:ADCSequenceDataGet</name>
         <load_address>0x4058</load_address>
         <run_address>0x4058</run_address>
         <size>0x1e</size>
         <input_file_ref idref="fl-15"/>
      </object_component>
      <object_component id="oc-1b8">
         <name>.text:PWMPulseWidthSet</name>
         <load_address>0x4076</load_address>
         <run_address>0x4076</run_address>
         <size>0x1e</size>
         <input_file_ref idref="fl-11"/>
      </object_component>
      <object_component id="oc-332">
         <name>.text:UARTDisable</name>
         <load_address>0x4094</load_address>
         <run_address>0x4094</run_address>
         <size>0x1c</size>
         <input_file_ref idref="fl-d"/>
      </object_component>
      <object_component id="oc-2e5">
         <name>.text</name>
         <load_address>0x40b0</load_address>
         <run_address>0x40b0</run_address>
         <size>0x1c</size>
         <input_file_ref idref="fl-15d"/>
      </object_component>
      <object_component id="oc-11a">
         <name>.text:GPIOPinTypeGPIOOutput</name>
         <load_address>0x40cc</load_address>
         <run_address>0x40cc</run_address>
         <size>0x18</size>
         <input_file_ref idref="fl-13"/>
      </object_component>
      <object_component id="oc-3d">
         <name>.text</name>
         <load_address>0x40e4</load_address>
         <run_address>0x40e4</run_address>
         <size>0x18</size>
         <input_file_ref idref="fl-155"/>
      </object_component>
      <object_component id="oc-2bf">
         <name>.text</name>
         <load_address>0x40fc</load_address>
         <run_address>0x40fc</run_address>
         <size>0x18</size>
         <input_file_ref idref="fl-15b"/>
      </object_component>
      <object_component id="oc-220">
         <name>.text:ADCProcessorTrigger</name>
         <load_address>0x4114</load_address>
         <run_address>0x4114</run_address>
         <size>0x16</size>
         <input_file_ref idref="fl-15"/>
      </object_component>
      <object_component id="oc-19a">
         <name>.text:SysCtlPWMClockSet</name>
         <load_address>0x412c</load_address>
         <run_address>0x412c</run_address>
         <size>0x14</size>
         <input_file_ref idref="fl-f"/>
      </object_component>
      <object_component id="oc-254">
         <name>.text:UARTEnable</name>
         <load_address>0x4140</load_address>
         <run_address>0x4140</run_address>
         <size>0x14</size>
         <input_file_ref idref="fl-d"/>
      </object_component>
      <object_component id="oc-2a6">
         <name>.text</name>
         <load_address>0x4154</load_address>
         <run_address>0x4154</run_address>
         <size>0x14</size>
         <input_file_ref idref="fl-153"/>
      </object_component>
      <object_component id="oc-2c4">
         <name>.text</name>
         <load_address>0x4168</load_address>
         <run_address>0x4168</run_address>
         <size>0x14</size>
         <input_file_ref idref="fl-15f"/>
      </object_component>
      <object_component id="oc-fc">
         <name>.text:GPIOPinTypeGPIOInput</name>
         <load_address>0x417c</load_address>
         <run_address>0x417c</run_address>
         <size>0x12</size>
         <input_file_ref idref="fl-13"/>
      </object_component>
      <object_component id="oc-1a6">
         <name>.text:GPIOPinTypePWM</name>
         <load_address>0x418e</load_address>
         <run_address>0x418e</run_address>
         <size>0x12</size>
         <input_file_ref idref="fl-13"/>
      </object_component>
      <object_component id="oc-1dc">
         <name>.text:GPIOPinTypeSSI</name>
         <load_address>0x41a0</load_address>
         <run_address>0x41a0</run_address>
         <size>0x12</size>
         <input_file_ref idref="fl-13"/>
      </object_component>
      <object_component id="oc-23c">
         <name>.text:GPIOPinTypeUART</name>
         <load_address>0x41b2</load_address>
         <run_address>0x41b2</run_address>
         <size>0x12</size>
         <input_file_ref idref="fl-13"/>
      </object_component>
      <object_component id="oc-1c4">
         <name>.text:PWMOutputState</name>
         <load_address>0x41c4</load_address>
         <run_address>0x41c4</run_address>
         <size>0x12</size>
         <input_file_ref idref="fl-11"/>
      </object_component>
      <object_component id="oc-1fa">
         <name>.text:SSIDataGetNonBlocking</name>
         <load_address>0x41d6</load_address>
         <run_address>0x41d6</run_address>
         <size>0x12</size>
         <input_file_ref idref="fl-10"/>
      </object_component>
      <object_component id="oc-ea">
         <name>.text:TimerLoadSet</name>
         <load_address>0x41e8</load_address>
         <run_address>0x41e8</run_address>
         <size>0x12</size>
         <input_file_ref idref="fl-e"/>
      </object_component>
      <object_component id="oc-1c">
         <name>.text:decompress:ZI</name>
         <load_address>0x41fa</load_address>
         <run_address>0x41fa</run_address>
         <size>0x12</size>
         <input_file_ref idref="fl-142"/>
      </object_component>
      <object_component id="oc-2df">
         <name>.text</name>
         <load_address>0x420c</load_address>
         <run_address>0x420c</run_address>
         <size>0x12</size>
         <input_file_ref idref="fl-161"/>
      </object_component>
      <object_component id="oc-1b2">
         <name>.text:PWMGenPeriodSet</name>
         <load_address>0x421e</load_address>
         <run_address>0x421e</run_address>
         <size>0x10</size>
         <input_file_ref idref="fl-11"/>
      </object_component>
      <object_component id="oc-214">
         <name>.text:ADCSequenceEnable</name>
         <load_address>0x422e</load_address>
         <run_address>0x422e</run_address>
         <size>0xe</size>
         <input_file_ref idref="fl-15"/>
      </object_component>
      <object_component id="oc-114">
         <name>.text:TimerEnable</name>
         <load_address>0x423c</load_address>
         <run_address>0x423c</run_address>
         <size>0xe</size>
         <input_file_ref idref="fl-e"/>
      </object_component>
      <object_component id="oc-16">
         <name>.text:decompress:none</name>
         <load_address>0x424a</load_address>
         <run_address>0x424a</run_address>
         <size>0xe</size>
         <input_file_ref idref="fl-140"/>
      </object_component>
      <object_component id="oc-283">
         <name>.text:CPUcpsie</name>
         <load_address>0x4258</load_address>
         <run_address>0x4258</run_address>
         <size>0xc</size>
         <input_file_ref idref="fl-14"/>
      </object_component>
      <object_component id="oc-108">
         <name>.text:GPIOIntEnable</name>
         <load_address>0x4264</load_address>
         <run_address>0x4264</run_address>
         <size>0xc</size>
         <input_file_ref idref="fl-13"/>
      </object_component>
      <object_component id="oc-1be">
         <name>.text:PWMGenEnable</name>
         <load_address>0x4270</load_address>
         <run_address>0x4270</run_address>
         <size>0xc</size>
         <input_file_ref idref="fl-11"/>
      </object_component>
      <object_component id="oc-200">
         <name>.text:SSIDataGet</name>
         <load_address>0x427c</load_address>
         <run_address>0x427c</run_address>
         <size>0xc</size>
         <input_file_ref idref="fl-10"/>
      </object_component>
      <object_component id="oc-24e">
         <name>.text:UARTFlowControlSet</name>
         <load_address>0x4288</load_address>
         <run_address>0x4288</run_address>
         <size>0xc</size>
         <input_file_ref idref="fl-d"/>
      </object_component>
      <object_component id="oc-29">
         <name>.text</name>
         <load_address>0x4294</load_address>
         <run_address>0x4294</run_address>
         <size>0xc</size>
         <input_file_ref idref="fl-3"/>
      </object_component>
      <object_component id="oc-21a">
         <name>.text:ADCIntClear</name>
         <load_address>0x42a0</load_address>
         <run_address>0x42a0</run_address>
         <size>0xa</size>
         <input_file_ref idref="fl-15"/>
      </object_component>
      <object_component id="oc-10e">
         <name>.text:IntMasterEnable</name>
         <load_address>0x42aa</load_address>
         <run_address>0x42aa</run_address>
         <size>0xa</size>
         <input_file_ref idref="fl-12"/>
      </object_component>
      <object_component id="oc-1ee">
         <name>.text:SSIDataPut</name>
         <load_address>0x42b4</load_address>
         <run_address>0x42b4</run_address>
         <size>0xa</size>
         <input_file_ref idref="fl-10"/>
      </object_component>
      <object_component id="oc-1e8">
         <name>.text:SSIEnable</name>
         <load_address>0x42be</load_address>
         <run_address>0x42be</run_address>
         <size>0xa</size>
         <input_file_ref idref="fl-10"/>
      </object_component>
      <object_component id="oc-120">
         <name>.text:UARTCharGet</name>
         <load_address>0x42c8</load_address>
         <run_address>0x42c8</run_address>
         <size>0xa</size>
         <input_file_ref idref="fl-d"/>
      </object_component>
      <object_component id="oc-260">
         <name>.text:UARTCharPut</name>
         <load_address>0x42d2</load_address>
         <run_address>0x42d2</run_address>
         <size>0xa</size>
         <input_file_ref idref="fl-d"/>
      </object_component>
      <object_component id="oc-ae">
         <name>.text:UARTIntStatus</name>
         <load_address>0x42dc</load_address>
         <run_address>0x42dc</run_address>
         <size>0xa</size>
         <input_file_ref idref="fl-d"/>
      </object_component>
      <object_component id="oc-1f4">
         <name>.text:SSIBusy</name>
         <load_address>0x42e6</load_address>
         <run_address>0x42e6</run_address>
         <size>0x8</size>
         <input_file_ref idref="fl-10"/>
      </object_component>
      <object_component id="oc-f6">
         <name>.text:TimerIntEnable</name>
         <load_address>0x42ee</load_address>
         <run_address>0x42ee</run_address>
         <size>0x8</size>
         <input_file_ref idref="fl-e"/>
      </object_component>
      <object_component id="oc-25a">
         <name>.text:UARTIntEnable</name>
         <load_address>0x42f6</load_address>
         <run_address>0x42f6</run_address>
         <size>0x8</size>
         <input_file_ref idref="fl-d"/>
      </object_component>
      <object_component id="oc-6e">
         <name>.text:GPIOIntClear</name>
         <load_address>0x42fe</load_address>
         <run_address>0x42fe</run_address>
         <size>0x6</size>
         <input_file_ref idref="fl-13"/>
      </object_component>
      <object_component id="oc-a8">
         <name>.text:GPIOPinWrite</name>
         <load_address>0x4304</load_address>
         <run_address>0x4304</run_address>
         <size>0x6</size>
         <input_file_ref idref="fl-13"/>
      </object_component>
      <object_component id="oc-188">
         <name>.text:SysCtlDelay</name>
         <load_address>0x430a</load_address>
         <run_address>0x430a</run_address>
         <size>0x6</size>
         <input_file_ref idref="fl-f"/>
      </object_component>
      <object_component id="oc-242">
         <name>.text:UARTClockSourceSet</name>
         <load_address>0x4310</load_address>
         <run_address>0x4310</run_address>
         <size>0x6</size>
         <input_file_ref idref="fl-d"/>
      </object_component>
      <object_component id="oc-22">
         <name>.text:decompress:rle24</name>
         <load_address>0x4316</load_address>
         <run_address>0x4316</run_address>
         <size>0x6</size>
         <input_file_ref idref="fl-141"/>
      </object_component>
      <object_component id="oc-86">
         <name>.text:TimerIntClear</name>
         <load_address>0x431c</load_address>
         <run_address>0x431c</run_address>
         <size>0x4</size>
         <input_file_ref idref="fl-e"/>
      </object_component>
      <object_component id="oc-b4">
         <name>.text:UARTIntClear</name>
         <load_address>0x4320</load_address>
         <run_address>0x4320</run_address>
         <size>0x4</size>
         <input_file_ref idref="fl-d"/>
      </object_component>
      <object_component id="oc-364">
         <name>.const:.string:_ctypes_</name>
         <load_address>0x4324</load_address>
         <run_address>0x4324</run_address>
         <size>0x102</size>
         <input_file_ref idref="fl-159"/>
      </object_component>
      <object_component id="oc-305">
         <name>.const:g_pui32GPIOBaseAddrs</name>
         <load_address>0x4428</load_address>
         <run_address>0x4428</run_address>
         <size>0x90</size>
         <input_file_ref idref="fl-13"/>
      </object_component>
      <object_component id="oc-26e">
         <name>.const</name>
         <load_address>0x44b8</load_address>
         <run_address>0x44b8</run_address>
         <size>0x70</size>
         <input_file_ref idref="fl-12"/>
      </object_component>
      <object_component id="oc-269">
         <name>.const:g_pui32Xtals</name>
         <load_address>0x4528</load_address>
         <run_address>0x4528</run_address>
         <size>0x6c</size>
         <input_file_ref idref="fl-f"/>
      </object_component>
      <object_component id="oc-34a">
         <name>.const</name>
         <load_address>0x4594</load_address>
         <run_address>0x4594</run_address>
         <size>0x30</size>
         <input_file_ref idref="fl-151"/>
      </object_component>
      <object_component id="oc-3a8">
         <name>.cinit..data.load</name>
         <load_address>0x45c8</load_address>
         <run_address>0x45c8</run_address>
         <size>0x1a</size>
      </object_component>
      <object_component id="oc-3a6">
         <name>__TI_handler_table</name>
         <load_address>0x45e4</load_address>
         <run_address>0x45e4</run_address>
         <size>0xc</size>
      </object_component>
      <object_component id="oc-3a9">
         <name>.cinit..bss.load</name>
         <load_address>0x45f0</load_address>
         <run_address>0x45f0</run_address>
         <size>0x8</size>
      </object_component>
      <object_component id="oc-3a7">
         <name>__TI_cinit_table</name>
         <load_address>0x45f8</load_address>
         <run_address>0x45f8</run_address>
         <size>0x10</size>
      </object_component>
      <object_component id="oc-49">
         <name>.data</name>
         <load_address>0x20000cec</load_address>
         <run_address>0x20000cec</run_address>
         <size>0x4</size>
         <input_file_ref idref="fl-14f"/>
      </object_component>
      <object_component id="oc-83">
         <name>.data</name>
         <load_address>0x20000c78</load_address>
         <run_address>0x20000c78</run_address>
         <size>0x64</size>
         <input_file_ref idref="fl-2"/>
      </object_component>
      <object_component id="oc-15d">
         <name>.data</name>
         <load_address>0x20000cdc</load_address>
         <run_address>0x20000cdc</run_address>
         <size>0x8</size>
         <input_file_ref idref="fl-153"/>
      </object_component>
      <object_component id="oc-160">
         <name>.data</name>
         <load_address>0x20000ce4</load_address>
         <run_address>0x20000ce4</run_address>
         <size>0x8</size>
         <input_file_ref idref="fl-143"/>
      </object_component>
      <object_component id="oc-bd">
         <name>.bss:setpointValues</name>
         <uninitialized>true</uninitialized>
         <run_address>0x20000800</run_address>
         <size>0x400</size>
         <input_file_ref idref="fl-2"/>
      </object_component>
      <object_component id="oc-140">
         <name>.common:resistance_sample_real</name>
         <uninitialized>true</uninitialized>
         <run_address>0x20000c68</run_address>
         <size>0x4</size>
      </object_component>
      <object_component id="oc-13e">
         <name>.common:resistance_sample_exp</name>
         <uninitialized>true</uninitialized>
         <run_address>0x20000c64</run_address>
         <size>0x4</size>
      </object_component>
      <object_component id="oc-13c">
         <name>.common:voltage_sample</name>
         <uninitialized>true</uninitialized>
         <run_address>0x20000c70</run_address>
         <size>0x4</size>
      </object_component>
      <object_component id="oc-13d">
         <name>.common:voltage_ref</name>
         <uninitialized>true</uninitialized>
         <run_address>0x20000c6c</run_address>
         <size>0x4</size>
      </object_component>
      <object_component id="oc-13f">
         <name>.common:offset</name>
         <uninitialized>true</uninitialized>
         <run_address>0x20000c60</run_address>
         <size>0x4</size>
      </object_component>
      <object_component id="oc-141">
         <name>.common:buffer</name>
         <uninitialized>true</uninitialized>
         <run_address>0x20000c00</run_address>
         <size>0x20</size>
      </object_component>
      <object_component id="oc-237">
         <name>.common:result_sample</name>
         <uninitialized>true</uninitialized>
         <run_address>0x20000c40</run_address>
         <size>0x20</size>
      </object_component>
      <object_component id="oc-23a">
         <name>.common:result_ref</name>
         <uninitialized>true</uninitialized>
         <run_address>0x20000c20</run_address>
         <size>0x20</size>
      </object_component>
      <object_component id="oc-28">
         <name>.stack</name>
         <uninitialized>true</uninitialized>
         <run_address>0x20000000</run_address>
         <size>0x0</size>
         <input_file_ref idref="fl-13f"/>
      </object_component>
      <object_component id="oc-3aa">
         <name>.stack</name>
         <uninitialized>true</uninitialized>
         <run_address>0x20000000</run_address>
         <size>0x0</size>
      </object_component>
      <object_component id="oc-f">
         <name>.debug_info</name>
         <load_address>0x0</load_address>
         <run_address>0x0</run_address>
         <size>0xe9</size>
         <input_file_ref idref="fl-3"/>
      </object_component>
      <object_component id="oc-12">
         <name>.debug_info</name>
         <load_address>0xe9</load_address>
         <run_address>0xe9</run_address>
         <size>0xf3</size>
         <input_file_ref idref="fl-13f"/>
      </object_component>
      <object_component id="oc-18">
         <name>.debug_info</name>
         <load_address>0x1dc</load_address>
         <run_address>0x1dc</run_address>
         <size>0x194</size>
         <input_file_ref idref="fl-140"/>
      </object_component>
      <object_component id="oc-1e">
         <name>.debug_info</name>
         <load_address>0x370</load_address>
         <run_address>0x370</run_address>
         <size>0x16a</size>
         <input_file_ref idref="fl-142"/>
      </object_component>
      <object_component id="oc-23">
         <name>.debug_info</name>
         <load_address>0x4da</load_address>
         <run_address>0x4da</run_address>
         <size>0x18e</size>
         <input_file_ref idref="fl-141"/>
      </object_component>
      <object_component id="oc-2a">
         <name>.debug_info</name>
         <load_address>0x668</load_address>
         <run_address>0x668</run_address>
         <size>0x265</size>
         <input_file_ref idref="fl-3"/>
      </object_component>
      <object_component id="oc-32">
         <name>.debug_info</name>
         <load_address>0x8cd</load_address>
         <run_address>0x8cd</run_address>
         <size>0xe89</size>
         <input_file_ref idref="fl-2"/>
      </object_component>
      <object_component id="oc-37">
         <name>.debug_info</name>
         <load_address>0x1756</load_address>
         <run_address>0x1756</run_address>
         <size>0x1a0</size>
         <input_file_ref idref="fl-3"/>
      </object_component>
      <object_component id="oc-3b">
         <name>.debug_info</name>
         <load_address>0x18f6</load_address>
         <run_address>0x18f6</run_address>
         <size>0x13d</size>
         <input_file_ref idref="fl-157"/>
      </object_component>
      <object_component id="oc-40">
         <name>.debug_info</name>
         <load_address>0x1a33</load_address>
         <run_address>0x1a33</run_address>
         <size>0x11c</size>
         <input_file_ref idref="fl-155"/>
      </object_component>
      <object_component id="oc-45">
         <name>.debug_info</name>
         <load_address>0x1b4f</load_address>
         <run_address>0x1b4f</run_address>
         <size>0x1c2</size>
         <input_file_ref idref="fl-143"/>
      </object_component>
      <object_component id="oc-4a">
         <name>.debug_info</name>
         <load_address>0x1d11</load_address>
         <run_address>0x1d11</run_address>
         <size>0xbe</size>
         <input_file_ref idref="fl-14f"/>
      </object_component>
      <object_component id="oc-50">
         <name>.debug_info</name>
         <load_address>0x1dcf</load_address>
         <run_address>0x1dcf</run_address>
         <size>0xcc</size>
         <input_file_ref idref="fl-14c"/>
      </object_component>
      <object_component id="oc-53">
         <name>.debug_info</name>
         <load_address>0x1e9b</load_address>
         <run_address>0x1e9b</run_address>
         <size>0x46</size>
         <input_file_ref idref="fl-140"/>
      </object_component>
      <object_component id="oc-58">
         <name>.debug_info</name>
         <load_address>0x1ee1</load_address>
         <run_address>0x1ee1</run_address>
         <size>0xf2</size>
         <input_file_ref idref="fl-140"/>
      </object_component>
      <object_component id="oc-5a">
         <name>.debug_info</name>
         <load_address>0x1fd3</load_address>
         <run_address>0x1fd3</run_address>
         <size>0x46</size>
         <input_file_ref idref="fl-142"/>
      </object_component>
      <object_component id="oc-5f">
         <name>.debug_info</name>
         <load_address>0x2019</load_address>
         <run_address>0x2019</run_address>
         <size>0xad</size>
         <input_file_ref idref="fl-142"/>
      </object_component>
      <object_component id="oc-61">
         <name>.debug_info</name>
         <load_address>0x20c6</load_address>
         <run_address>0x20c6</run_address>
         <size>0x1ef</size>
         <input_file_ref idref="fl-141"/>
      </object_component>
      <object_component id="oc-67">
         <name>.debug_info</name>
         <load_address>0x22b5</load_address>
         <run_address>0x22b5</run_address>
         <size>0xb7</size>
         <input_file_ref idref="fl-141"/>
      </object_component>
      <object_component id="oc-68">
         <name>.debug_info</name>
         <load_address>0x236c</load_address>
         <run_address>0x236c</run_address>
         <size>0x39</size>
         <input_file_ref idref="fl-141"/>
      </object_component>
      <object_component id="oc-6f">
         <name>.debug_info</name>
         <load_address>0x23a5</load_address>
         <run_address>0x23a5</run_address>
         <size>0x1f1</size>
         <input_file_ref idref="fl-13"/>
      </object_component>
      <object_component id="oc-77">
         <name>.debug_info</name>
         <load_address>0x2596</load_address>
         <run_address>0x2596</run_address>
         <size>0xdf</size>
         <input_file_ref idref="fl-14a"/>
      </object_component>
      <object_component id="oc-7a">
         <name>.debug_info</name>
         <load_address>0x2675</load_address>
         <run_address>0x2675</run_address>
         <size>0xff</size>
         <input_file_ref idref="fl-144"/>
      </object_component>
      <object_component id="oc-80">
         <name>.debug_info</name>
         <load_address>0x2774</load_address>
         <run_address>0x2774</run_address>
         <size>0xe8</size>
         <input_file_ref idref="fl-148"/>
      </object_component>
      <object_component id="oc-84">
         <name>.debug_info</name>
         <load_address>0x285c</load_address>
         <run_address>0x285c</run_address>
         <size>0x424</size>
         <input_file_ref idref="fl-2"/>
      </object_component>
      <object_component id="oc-88">
         <name>.debug_info</name>
         <load_address>0x2c80</load_address>
         <run_address>0x2c80</run_address>
         <size>0x1f6</size>
         <input_file_ref idref="fl-e"/>
      </object_component>
      <object_component id="oc-8d">
         <name>.debug_info</name>
         <load_address>0x2e76</load_address>
         <run_address>0x2e76</run_address>
         <size>0x703</size>
         <input_file_ref idref="fl-5"/>
      </object_component>
      <object_component id="oc-93">
         <name>.debug_info</name>
         <load_address>0x3579</load_address>
         <run_address>0x3579</run_address>
         <size>0x2b5</size>
         <input_file_ref idref="fl-14e"/>
      </object_component>
      <object_component id="oc-99">
         <name>.debug_info</name>
         <load_address>0x382e</load_address>
         <run_address>0x382e</run_address>
         <size>0xed</size>
         <input_file_ref idref="fl-147"/>
      </object_component>
      <object_component id="oc-9e">
         <name>.debug_info</name>
         <load_address>0x391b</load_address>
         <run_address>0x391b</run_address>
         <size>0xed</size>
         <input_file_ref idref="fl-146"/>
      </object_component>
      <object_component id="oc-a4">
         <name>.debug_info</name>
         <load_address>0x3a08</load_address>
         <run_address>0x3a08</run_address>
         <size>0x598</size>
         <input_file_ref idref="fl-6"/>
      </object_component>
      <object_component id="oc-a9">
         <name>.debug_info</name>
         <load_address>0x3fa0</load_address>
         <run_address>0x3fa0</run_address>
         <size>0x207</size>
         <input_file_ref idref="fl-13"/>
      </object_component>
      <object_component id="oc-b1">
         <name>.debug_info</name>
         <load_address>0x41a7</load_address>
         <run_address>0x41a7</run_address>
         <size>0x1e3</size>
         <input_file_ref idref="fl-d"/>
      </object_component>
      <object_component id="oc-b7">
         <name>.debug_info</name>
         <load_address>0x438a</load_address>
         <run_address>0x438a</run_address>
         <size>0x1f1</size>
         <input_file_ref idref="fl-d"/>
      </object_component>
      <object_component id="oc-bb">
         <name>.debug_info</name>
         <load_address>0x457b</load_address>
         <run_address>0x457b</run_address>
         <size>0x896</size>
         <input_file_ref idref="fl-2"/>
      </object_component>
      <object_component id="oc-be">
         <name>.debug_info</name>
         <load_address>0x4e11</load_address>
         <run_address>0x4e11</run_address>
         <size>0xd9</size>
         <input_file_ref idref="fl-2"/>
      </object_component>
      <object_component id="oc-c1">
         <name>.debug_info</name>
         <load_address>0x4eea</load_address>
         <run_address>0x4eea</run_address>
         <size>0x363</size>
         <input_file_ref idref="fl-f"/>
      </object_component>
      <object_component id="oc-c7">
         <name>.debug_info</name>
         <load_address>0x524d</load_address>
         <run_address>0x524d</run_address>
         <size>0x1e1</size>
         <input_file_ref idref="fl-f"/>
      </object_component>
      <object_component id="oc-cd">
         <name>.debug_info</name>
         <load_address>0x542e</load_address>
         <run_address>0x542e</run_address>
         <size>0x4a2</size>
         <input_file_ref idref="fl-7"/>
      </object_component>
      <object_component id="oc-d3">
         <name>.debug_info</name>
         <load_address>0x58d0</load_address>
         <run_address>0x58d0</run_address>
         <size>0x6dd</size>
         <input_file_ref idref="fl-4"/>
      </object_component>
      <object_component id="oc-da">
         <name>.debug_info</name>
         <load_address>0x5fad</load_address>
         <run_address>0x5fad</run_address>
         <size>0x472</size>
         <input_file_ref idref="fl-8"/>
      </object_component>
      <object_component id="oc-e0">
         <name>.debug_info</name>
         <load_address>0x641f</load_address>
         <run_address>0x641f</run_address>
         <size>0x1f0</size>
         <input_file_ref idref="fl-e"/>
      </object_component>
      <object_component id="oc-e5">
         <name>.debug_info</name>
         <load_address>0x660f</load_address>
         <run_address>0x660f</run_address>
         <size>0x219</size>
         <input_file_ref idref="fl-f"/>
      </object_component>
      <object_component id="oc-eb">
         <name>.debug_info</name>
         <load_address>0x6828</load_address>
         <run_address>0x6828</run_address>
         <size>0x21e</size>
         <input_file_ref idref="fl-e"/>
      </object_component>
      <object_component id="oc-f1">
         <name>.debug_info</name>
         <load_address>0x6a46</load_address>
         <run_address>0x6a46</run_address>
         <size>0x1cc</size>
         <input_file_ref idref="fl-12"/>
      </object_component>
      <object_component id="oc-f8">
         <name>.debug_info</name>
         <load_address>0x6c12</load_address>
         <run_address>0x6c12</run_address>
         <size>0x1f8</size>
         <input_file_ref idref="fl-e"/>
      </object_component>
      <object_component id="oc-fd">
         <name>.debug_info</name>
         <load_address>0x6e0a</load_address>
         <run_address>0x6e0a</run_address>
         <size>0x1e9</size>
         <input_file_ref idref="fl-13"/>
      </object_component>
      <object_component id="oc-103">
         <name>.debug_info</name>
         <load_address>0x6ff3</load_address>
         <run_address>0x6ff3</run_address>
         <size>0x21f</size>
         <input_file_ref idref="fl-13"/>
      </object_component>
      <object_component id="oc-109">
         <name>.debug_info</name>
         <load_address>0x7212</load_address>
         <run_address>0x7212</run_address>
         <size>0x1f3</size>
         <input_file_ref idref="fl-13"/>
      </object_component>
      <object_component id="oc-110">
         <name>.debug_info</name>
         <load_address>0x7405</load_address>
         <run_address>0x7405</run_address>
         <size>0x1a2</size>
         <input_file_ref idref="fl-12"/>
      </object_component>
      <object_component id="oc-116">
         <name>.debug_info</name>
         <load_address>0x75a7</load_address>
         <run_address>0x75a7</run_address>
         <size>0x1e3</size>
         <input_file_ref idref="fl-e"/>
      </object_component>
      <object_component id="oc-11b">
         <name>.debug_info</name>
         <load_address>0x778a</load_address>
         <run_address>0x778a</run_address>
         <size>0x1eb</size>
         <input_file_ref idref="fl-13"/>
      </object_component>
      <object_component id="oc-123">
         <name>.debug_info</name>
         <load_address>0x7975</load_address>
         <run_address>0x7975</run_address>
         <size>0x237</size>
         <input_file_ref idref="fl-d"/>
      </object_component>
      <object_component id="oc-128">
         <name>.debug_info</name>
         <load_address>0x7bac</load_address>
         <run_address>0x7bac</run_address>
         <size>0xe1</size>
         <input_file_ref idref="fl-150"/>
      </object_component>
      <object_component id="oc-12d">
         <name>.debug_info</name>
         <load_address>0x7c8d</load_address>
         <run_address>0x7c8d</run_address>
         <size>0x14f</size>
         <input_file_ref idref="fl-14d"/>
      </object_component>
      <object_component id="oc-135">
         <name>.debug_info</name>
         <load_address>0x7ddc</load_address>
         <run_address>0x7ddc</run_address>
         <size>0xdb</size>
         <input_file_ref idref="fl-145"/>
      </object_component>
      <object_component id="oc-13a">
         <name>.debug_info</name>
         <load_address>0x7eb7</load_address>
         <run_address>0x7eb7</run_address>
         <size>0xdf</size>
         <input_file_ref idref="fl-14b"/>
      </object_component>
      <object_component id="oc-143">
         <name>.debug_info</name>
         <load_address>0x7f96</load_address>
         <run_address>0x7f96</run_address>
         <size>0x8b</size>
         <input_file_ref idref="fl-2"/>
      </object_component>
      <object_component id="oc-148">
         <name>.debug_info</name>
         <load_address>0x8021</load_address>
         <run_address>0x8021</run_address>
         <size>0x18b</size>
         <input_file_ref idref="fl-2"/>
      </object_component>
      <object_component id="oc-14f">
         <name>.debug_info</name>
         <load_address>0x81ac</load_address>
         <run_address>0x81ac</run_address>
         <size>0x84</size>
         <input_file_ref idref="fl-3"/>
      </object_component>
      <object_component id="oc-156">
         <name>.debug_info</name>
         <load_address>0x8230</load_address>
         <run_address>0x8230</run_address>
         <size>0x14b</size>
         <input_file_ref idref="fl-158"/>
      </object_component>
      <object_component id="oc-15c">
         <name>.debug_info</name>
         <load_address>0x837b</load_address>
         <run_address>0x837b</run_address>
         <size>0x11b</size>
         <input_file_ref idref="fl-155"/>
      </object_component>
      <object_component id="oc-15e">
         <name>.debug_info</name>
         <load_address>0x8496</load_address>
         <run_address>0x8496</run_address>
         <size>0xc8</size>
         <input_file_ref idref="fl-153"/>
      </object_component>
      <object_component id="oc-161">
         <name>.debug_info</name>
         <load_address>0x855e</load_address>
         <run_address>0x855e</run_address>
         <size>0xeb</size>
         <input_file_ref idref="fl-143"/>
      </object_component>
      <object_component id="oc-164">
         <name>.debug_info</name>
         <load_address>0x8649</load_address>
         <run_address>0x8649</run_address>
         <size>0x146</size>
         <input_file_ref idref="fl-143"/>
      </object_component>
      <object_component id="oc-169">
         <name>.debug_info</name>
         <load_address>0x878f</load_address>
         <run_address>0x878f</run_address>
         <size>0x2c</size>
         <input_file_ref idref="fl-140"/>
      </object_component>
      <object_component id="oc-170">
         <name>.debug_info</name>
         <load_address>0x87bb</load_address>
         <run_address>0x87bb</run_address>
         <size>0x2c</size>
         <input_file_ref idref="fl-142"/>
      </object_component>
      <object_component id="oc-17b">
         <name>.debug_info</name>
         <load_address>0x87e7</load_address>
         <run_address>0x87e7</run_address>
         <size>0x18b</size>
         <input_file_ref idref="fl-d"/>
      </object_component>
      <object_component id="oc-180">
         <name>.debug_info</name>
         <load_address>0x8972</load_address>
         <run_address>0x8972</run_address>
         <size>0x1d7</size>
         <input_file_ref idref="fl-13"/>
      </object_component>
      <object_component id="oc-187">
         <name>.debug_info</name>
         <load_address>0x8b49</load_address>
         <run_address>0x8b49</run_address>
         <size>0x1cf</size>
         <input_file_ref idref="fl-e"/>
      </object_component>
      <object_component id="oc-18a">
         <name>.debug_info</name>
         <load_address>0x8d18</load_address>
         <run_address>0x8d18</run_address>
         <size>0x193</size>
         <input_file_ref idref="fl-5"/>
      </object_component>
      <object_component id="oc-18e">
         <name>.debug_info</name>
         <load_address>0x8eab</load_address>
         <run_address>0x8eab</run_address>
         <size>0x12c3</size>
         <input_file_ref idref="fl-154"/>
      </object_component>
      <object_component id="oc-192">
         <name>.debug_info</name>
         <load_address>0xa16e</load_address>
         <run_address>0xa16e</run_address>
         <size>0x170</size>
         <input_file_ref idref="fl-14e"/>
      </object_component>
      <object_component id="oc-193">
         <name>.debug_info</name>
         <load_address>0xa2de</load_address>
         <run_address>0xa2de</run_address>
         <size>0x4e</size>
         <input_file_ref idref="fl-2"/>
      </object_component>
      <object_component id="oc-19b">
         <name>.debug_info</name>
         <load_address>0xa32c</load_address>
         <run_address>0xa32c</run_address>
         <size>0x1c7</size>
         <input_file_ref idref="fl-f"/>
      </object_component>
      <object_component id="oc-1a1">
         <name>.debug_info</name>
         <load_address>0xa4f3</load_address>
         <run_address>0xa4f3</run_address>
         <size>0x1e4</size>
         <input_file_ref idref="fl-13"/>
      </object_component>
      <object_component id="oc-1a7">
         <name>.debug_info</name>
         <load_address>0xa6d7</load_address>
         <run_address>0xa6d7</run_address>
         <size>0x1dd</size>
         <input_file_ref idref="fl-13"/>
      </object_component>
      <object_component id="oc-1ad">
         <name>.debug_info</name>
         <load_address>0xa8b4</load_address>
         <run_address>0xa8b4</run_address>
         <size>0x217</size>
         <input_file_ref idref="fl-11"/>
      </object_component>
      <object_component id="oc-1b5">
         <name>.debug_info</name>
         <load_address>0xaacb</load_address>
         <run_address>0xaacb</run_address>
         <size>0x21a</size>
         <input_file_ref idref="fl-11"/>
      </object_component>
      <object_component id="oc-1bb">
         <name>.debug_info</name>
         <load_address>0xace5</load_address>
         <run_address>0xace5</run_address>
         <size>0x25a</size>
         <input_file_ref idref="fl-11"/>
      </object_component>
      <object_component id="oc-1bf">
         <name>.debug_info</name>
         <load_address>0xaf3f</load_address>
         <run_address>0xaf3f</run_address>
         <size>0x1da</size>
         <input_file_ref idref="fl-11"/>
      </object_component>
      <object_component id="oc-1c7">
         <name>.debug_info</name>
         <load_address>0xb119</load_address>
         <run_address>0xb119</run_address>
         <size>0x228</size>
         <input_file_ref idref="fl-11"/>
      </object_component>
      <object_component id="oc-1cb">
         <name>.debug_info</name>
         <load_address>0xb341</load_address>
         <run_address>0xb341</run_address>
         <size>0x316</size>
         <input_file_ref idref="fl-6"/>
      </object_component>
      <object_component id="oc-1ce">
         <name>.debug_info</name>
         <load_address>0xb657</load_address>
         <run_address>0xb657</run_address>
         <size>0x90</size>
         <input_file_ref idref="fl-d"/>
      </object_component>
      <object_component id="oc-1d3">
         <name>.debug_info</name>
         <load_address>0xb6e7</load_address>
         <run_address>0xb6e7</run_address>
         <size>0x1ce</size>
         <input_file_ref idref="fl-d"/>
      </object_component>
      <object_component id="oc-1da">
         <name>.debug_info</name>
         <load_address>0xb8b5</load_address>
         <run_address>0xb8b5</run_address>
         <size>0x226</size>
         <input_file_ref idref="fl-f"/>
      </object_component>
      <object_component id="oc-1dd">
         <name>.debug_info</name>
         <load_address>0xbadb</load_address>
         <run_address>0xbadb</run_address>
         <size>0x1dd</size>
         <input_file_ref idref="fl-13"/>
      </object_component>
      <object_component id="oc-1e3">
         <name>.debug_info</name>
         <load_address>0xbcb8</load_address>
         <run_address>0xbcb8</run_address>
         <size>0x3c2</size>
         <input_file_ref idref="fl-10"/>
      </object_component>
      <object_component id="oc-1e9">
         <name>.debug_info</name>
         <load_address>0xc07a</load_address>
         <run_address>0xc07a</run_address>
         <size>0x1a6</size>
         <input_file_ref idref="fl-10"/>
      </object_component>
      <object_component id="oc-1ef">
         <name>.debug_info</name>
         <load_address>0xc220</load_address>
         <run_address>0xc220</run_address>
         <size>0x25f</size>
         <input_file_ref idref="fl-10"/>
      </object_component>
      <object_component id="oc-1f5">
         <name>.debug_info</name>
         <load_address>0xc47f</load_address>
         <run_address>0xc47f</run_address>
         <size>0x1a6</size>
         <input_file_ref idref="fl-10"/>
      </object_component>
      <object_component id="oc-1fb">
         <name>.debug_info</name>
         <load_address>0xc625</load_address>
         <run_address>0xc625</run_address>
         <size>0x1fe</size>
         <input_file_ref idref="fl-10"/>
      </object_component>
      <object_component id="oc-201">
         <name>.debug_info</name>
         <load_address>0xc823</load_address>
         <run_address>0xc823</run_address>
         <size>0x263</size>
         <input_file_ref idref="fl-10"/>
      </object_component>
      <object_component id="oc-207">
         <name>.debug_info</name>
         <load_address>0xca86</load_address>
         <run_address>0xca86</run_address>
         <size>0x37d</size>
         <input_file_ref idref="fl-7"/>
      </object_component>
      <object_component id="oc-209">
         <name>.debug_info</name>
         <load_address>0xce03</load_address>
         <run_address>0xce03</run_address>
         <size>0x28a</size>
         <input_file_ref idref="fl-15"/>
      </object_component>
      <object_component id="oc-20f">
         <name>.debug_info</name>
         <load_address>0xd08d</load_address>
         <run_address>0xd08d</run_address>
         <size>0x297</size>
         <input_file_ref idref="fl-15"/>
      </object_component>
      <object_component id="oc-215">
         <name>.debug_info</name>
         <load_address>0xd324</load_address>
         <run_address>0xd324</run_address>
         <size>0x204</size>
         <input_file_ref idref="fl-15"/>
      </object_component>
      <object_component id="oc-21b">
         <name>.debug_info</name>
         <load_address>0xd528</load_address>
         <run_address>0xd528</run_address>
         <size>0x1f8</size>
         <input_file_ref idref="fl-15"/>
      </object_component>
      <object_component id="oc-221">
         <name>.debug_info</name>
         <load_address>0xd720</load_address>
         <run_address>0xd720</run_address>
         <size>0x208</size>
         <input_file_ref idref="fl-15"/>
      </object_component>
      <object_component id="oc-227">
         <name>.debug_info</name>
         <load_address>0xd928</load_address>
         <run_address>0xd928</run_address>
         <size>0x245</size>
         <input_file_ref idref="fl-15"/>
      </object_component>
      <object_component id="oc-22d">
         <name>.debug_info</name>
         <load_address>0xdb6d</load_address>
         <run_address>0xdb6d</run_address>
         <size>0x2fb</size>
         <input_file_ref idref="fl-15"/>
      </object_component>
      <object_component id="oc-234">
         <name>.debug_info</name>
         <load_address>0xde68</load_address>
         <run_address>0xde68</run_address>
         <size>0xec</size>
         <input_file_ref idref="fl-149"/>
      </object_component>
      <object_component id="oc-238">
         <name>.debug_info</name>
         <load_address>0xdf54</load_address>
         <run_address>0xdf54</run_address>
         <size>0x362</size>
         <input_file_ref idref="fl-4"/>
      </object_component>
      <object_component id="oc-23d">
         <name>.debug_info</name>
         <load_address>0xe2b6</load_address>
         <run_address>0xe2b6</run_address>
         <size>0x1df</size>
         <input_file_ref idref="fl-13"/>
      </object_component>
      <object_component id="oc-245">
         <name>.debug_info</name>
         <load_address>0xe495</load_address>
         <run_address>0xe495</run_address>
         <size>0x1f5</size>
         <input_file_ref idref="fl-d"/>
      </object_component>
      <object_component id="oc-24b">
         <name>.debug_info</name>
         <load_address>0xe68a</load_address>
         <run_address>0xe68a</run_address>
         <size>0x28a</size>
         <input_file_ref idref="fl-d"/>
      </object_component>
      <object_component id="oc-251">
         <name>.debug_info</name>
         <load_address>0xe914</load_address>
         <run_address>0xe914</run_address>
         <size>0x1ed</size>
         <input_file_ref idref="fl-d"/>
      </object_component>
      <object_component id="oc-257">
         <name>.debug_info</name>
         <load_address>0xeb01</load_address>
         <run_address>0xeb01</run_address>
         <size>0x1ab</size>
         <input_file_ref idref="fl-d"/>
      </object_component>
      <object_component id="oc-25d">
         <name>.debug_info</name>
         <load_address>0xecac</load_address>
         <run_address>0xecac</run_address>
         <size>0x1f3</size>
         <input_file_ref idref="fl-d"/>
      </object_component>
      <object_component id="oc-263">
         <name>.debug_info</name>
         <load_address>0xee9f</load_address>
         <run_address>0xee9f</run_address>
         <size>0x25d</size>
         <input_file_ref idref="fl-d"/>
      </object_component>
      <object_component id="oc-267">
         <name>.debug_info</name>
         <load_address>0xf0fc</load_address>
         <run_address>0xf0fc</run_address>
         <size>0x30c</size>
         <input_file_ref idref="fl-8"/>
      </object_component>
      <object_component id="oc-26a">
         <name>.debug_info</name>
         <load_address>0xf408</load_address>
         <run_address>0xf408</run_address>
         <size>0xff</size>
         <input_file_ref idref="fl-f"/>
      </object_component>
      <object_component id="oc-26f">
         <name>.debug_info</name>
         <load_address>0xf507</load_address>
         <run_address>0xf507</run_address>
         <size>0x1c2</size>
         <input_file_ref idref="fl-12"/>
      </object_component>
      <object_component id="oc-272">
         <name>.debug_info</name>
         <load_address>0xf6c9</load_address>
         <run_address>0xf6c9</run_address>
         <size>0x1ba</size>
         <input_file_ref idref="fl-12"/>
      </object_component>
      <object_component id="oc-275">
         <name>.debug_info</name>
         <load_address>0xf883</load_address>
         <run_address>0xf883</run_address>
         <size>0x217</size>
         <input_file_ref idref="fl-13"/>
      </object_component>
      <object_component id="oc-27b">
         <name>.debug_info</name>
         <load_address>0xfa9a</load_address>
         <run_address>0xfa9a</run_address>
         <size>0x312</size>
         <input_file_ref idref="fl-13"/>
      </object_component>
      <object_component id="oc-284">
         <name>.debug_info</name>
         <load_address>0xfdac</load_address>
         <run_address>0xfdac</run_address>
         <size>0x176</size>
         <input_file_ref idref="fl-14"/>
      </object_component>
      <object_component id="oc-28f">
         <name>.debug_info</name>
         <load_address>0xff22</load_address>
         <run_address>0xff22</run_address>
         <size>0x10f</size>
         <input_file_ref idref="fl-152"/>
      </object_component>
      <object_component id="oc-295">
         <name>.debug_info</name>
         <load_address>0x10031</load_address>
         <run_address>0x10031</run_address>
         <size>0x176</size>
         <input_file_ref idref="fl-151"/>
      </object_component>
      <object_component id="oc-29e">
         <name>.debug_info</name>
         <load_address>0x101a7</load_address>
         <run_address>0x101a7</run_address>
         <size>0x148</size>
         <input_file_ref idref="fl-158"/>
      </object_component>
      <object_component id="oc-2a1">
         <name>.debug_info</name>
         <load_address>0x102ef</load_address>
         <run_address>0x102ef</run_address>
         <size>0x5e</size>
         <input_file_ref idref="fl-155"/>
      </object_component>
      <object_component id="oc-2a8">
         <name>.debug_info</name>
         <load_address>0x1034d</load_address>
         <run_address>0x1034d</run_address>
         <size>0x1d4</size>
         <input_file_ref idref="fl-153"/>
      </object_component>
      <object_component id="oc-2ae">
         <name>.debug_info</name>
         <load_address>0x10521</load_address>
         <run_address>0x10521</run_address>
         <size>0xd9</size>
         <input_file_ref idref="fl-153"/>
      </object_component>
      <object_component id="oc-2bb">
         <name>.debug_info</name>
         <load_address>0x105fa</load_address>
         <run_address>0x105fa</run_address>
         <size>0x13a</size>
         <input_file_ref idref="fl-160"/>
      </object_component>
      <object_component id="oc-2c0">
         <name>.debug_info</name>
         <load_address>0x10734</load_address>
         <run_address>0x10734</run_address>
         <size>0xd5</size>
         <input_file_ref idref="fl-15b"/>
      </object_component>
      <object_component id="oc-2c6">
         <name>.debug_info</name>
         <load_address>0x10809</load_address>
         <run_address>0x10809</run_address>
         <size>0x153</size>
         <input_file_ref idref="fl-15f"/>
      </object_component>
      <object_component id="oc-2cc">
         <name>.debug_info</name>
         <load_address>0x1095c</load_address>
         <run_address>0x1095c</run_address>
         <size>0xdd</size>
         <input_file_ref idref="fl-145"/>
      </object_component>
      <object_component id="oc-2d1">
         <name>.debug_info</name>
         <load_address>0x10a39</load_address>
         <run_address>0x10a39</run_address>
         <size>0xe1</size>
         <input_file_ref idref="fl-15a"/>
      </object_component>
      <object_component id="oc-2d5">
         <name>.debug_info</name>
         <load_address>0x10b1a</load_address>
         <run_address>0x10b1a</run_address>
         <size>0x177</size>
         <input_file_ref idref="fl-15c"/>
      </object_component>
      <object_component id="oc-2db">
         <name>.debug_info</name>
         <load_address>0x10c91</load_address>
         <run_address>0x10c91</run_address>
         <size>0xfc</size>
         <input_file_ref idref="fl-15e"/>
      </object_component>
      <object_component id="oc-2e0">
         <name>.debug_info</name>
         <load_address>0x10d8d</load_address>
         <run_address>0x10d8d</run_address>
         <size>0x111</size>
         <input_file_ref idref="fl-161"/>
      </object_component>
      <object_component id="oc-2e6">
         <name>.debug_info</name>
         <load_address>0x10e9e</load_address>
         <run_address>0x10e9e</run_address>
         <size>0x160</size>
         <input_file_ref idref="fl-15d"/>
      </object_component>
      <object_component id="oc-2ec">
         <name>.debug_info</name>
         <load_address>0x10ffe</load_address>
         <run_address>0x10ffe</run_address>
         <size>0x126</size>
         <input_file_ref idref="fl-156"/>
      </object_component>
      <object_component id="oc-2f2">
         <name>.debug_info</name>
         <load_address>0x11124</load_address>
         <run_address>0x11124</run_address>
         <size>0x26b</size>
         <input_file_ref idref="fl-154"/>
      </object_component>
      <object_component id="oc-2f3">
         <name>.debug_info</name>
         <load_address>0x1138f</load_address>
         <run_address>0x1138f</run_address>
         <size>0x86</size>
         <input_file_ref idref="fl-154"/>
      </object_component>
      <object_component id="oc-2f8">
         <name>.debug_info</name>
         <load_address>0x11415</load_address>
         <run_address>0x11415</run_address>
         <size>0x39</size>
         <input_file_ref idref="fl-154"/>
      </object_component>
      <object_component id="oc-2ff">
         <name>.debug_info</name>
         <load_address>0x1144e</load_address>
         <run_address>0x1144e</run_address>
         <size>0x2c</size>
         <input_file_ref idref="fl-14e"/>
      </object_component>
      <object_component id="oc-306">
         <name>.debug_info</name>
         <load_address>0x1147a</load_address>
         <run_address>0x1147a</run_address>
         <size>0x10d</size>
         <input_file_ref idref="fl-13"/>
      </object_component>
      <object_component id="oc-30b">
         <name>.debug_info</name>
         <load_address>0x11587</load_address>
         <run_address>0x11587</run_address>
         <size>0x194</size>
         <input_file_ref idref="fl-11"/>
      </object_component>
      <object_component id="oc-316">
         <name>.debug_info</name>
         <load_address>0x1171b</load_address>
         <run_address>0x1171b</run_address>
         <size>0x5f</size>
         <input_file_ref idref="fl-f"/>
      </object_component>
      <object_component id="oc-31d">
         <name>.debug_info</name>
         <load_address>0x1177a</load_address>
         <run_address>0x1177a</run_address>
         <size>0x1c3</size>
         <input_file_ref idref="fl-10"/>
      </object_component>
      <object_component id="oc-326">
         <name>.debug_info</name>
         <load_address>0x1193d</load_address>
         <run_address>0x1193d</run_address>
         <size>0x1a8</size>
         <input_file_ref idref="fl-15"/>
      </object_component>
      <object_component id="oc-335">
         <name>.debug_info</name>
         <load_address>0x11ae5</load_address>
         <run_address>0x11ae5</run_address>
         <size>0x233</size>
         <input_file_ref idref="fl-d"/>
      </object_component>
      <object_component id="oc-349">
         <name>.debug_info</name>
         <load_address>0x11d18</load_address>
         <run_address>0x11d18</run_address>
         <size>0x9a</size>
         <input_file_ref idref="fl-152"/>
      </object_component>
      <object_component id="oc-34c">
         <name>.debug_info</name>
         <load_address>0x11db2</load_address>
         <run_address>0x11db2</run_address>
         <size>0x10f</size>
         <input_file_ref idref="fl-151"/>
      </object_component>
      <object_component id="oc-350">
         <name>.debug_info</name>
         <load_address>0x11ec1</load_address>
         <run_address>0x11ec1</run_address>
         <size>0xcd</size>
         <input_file_ref idref="fl-158"/>
      </object_component>
      <object_component id="oc-35b">
         <name>.debug_info</name>
         <load_address>0x11f8e</load_address>
         <run_address>0x11f8e</run_address>
         <size>0x9f</size>
         <input_file_ref idref="fl-15f"/>
      </object_component>
      <object_component id="oc-35f">
         <name>.debug_info</name>
         <load_address>0x1202d</load_address>
         <run_address>0x1202d</run_address>
         <size>0x101</size>
         <input_file_ref idref="fl-15c"/>
      </object_component>
      <object_component id="oc-363">
         <name>.debug_info</name>
         <load_address>0x1212e</load_address>
         <run_address>0x1212e</run_address>
         <size>0xa6</size>
         <input_file_ref idref="fl-15d"/>
      </object_component>
      <object_component id="oc-365">
         <name>.debug_info</name>
[...]
         <value>0x2775</value>
         <object_component_ref idref="oc-d2"/>
      </symbol>
      <symbol id="sm-18c">
         <name>ADC_VoltageDifference</name>
         <value>0x286d</value>
         <object_component_ref idref="oc-d2"/>
      </symbol>
      <symbol id="sm-1ab">
         <name>LCD_Init</name>
         <value>0x23bb</value>
         <object_component_ref idref="oc-8c"/>
      </symbol>
      <symbol id="sm-1ac">
         <name>LCD_Command</name>
         <value>0x2329</value>
         <object_component_ref idref="oc-8c"/>
      </symbol>
      <symbol id="sm-1ad">
         <name>LCD_Write</name>
         <value>0x2211</value>
         <object_component_ref idref="oc-8c"/>
      </symbol>
      <symbol id="sm-1ae">
         <name>LCD_WriteText</name>
         <value>0x22a3</value>
         <object_component_ref idref="oc-8c"/>
      </symbol>
      <symbol id="sm-1d2">
         <name>PWM_SetPulse</name>
         <value>0x256b</value>
         <object_component_ref idref="oc-a2"/>
      </symbol>
      <symbol id="sm-1d3">
         <name>PWM_Init</name>
         <value>0x24c9</value>
         <object_component_ref idref="oc-a2"/>
      </symbol>
      <symbol id="sm-1d4">
         <name>PWM_SetFanVelocity</name>
         <value>0x257f</value>
         <object_component_ref idref="oc-a2"/>
      </symbol>
      <symbol id="sm-1f2">
         <name>SPI_ReadTemperature</name>
         <value>0x2e29</value>
         <object_component_ref idref="oc-cc"/>
      </symbol>
      <symbol id="sm-1f3">
         <name>SPI_WriteToPotentiometer</name>
         <value>0x2ddd</value>
         <object_component_ref idref="oc-cc"/>
      </symbol>
      <symbol id="sm-1f4">
         <name>SPI_Init</name>
         <value>0x2d89</value>
         <object_component_ref idref="oc-cc"/>
      </symbol>
      <symbol id="sm-20f">
         <name>UART_Printf</name>
         <value>0x3301</value>
         <object_component_ref idref="oc-d8"/>
      </symbol>
      <symbol id="sm-210">
         <name>UART_Println</name>
         <value>0x3321</value>
         <object_component_ref idref="oc-d8"/>
      </symbol>
      <symbol id="sm-211">
         <name>UART_Init</name>
         <value>0x3265</value>
         <object_component_ref idref="oc-d8"/>
      </symbol>
      <symbol id="sm-27c">
         <name>UARTFlowControlSet</name>
         <value>0x4289</value>
         <object_component_ref idref="oc-24e"/>
      </symbol>
      <symbol id="sm-27d">
         <name>UARTConfigSetExpClk</name>
         <value>0x3ea7</value>
         <object_component_ref idref="oc-248"/>
      </symbol>
      <symbol id="sm-27e">
         <name>UARTDisable</name>
         <value>0x4095</value>
         <object_component_ref idref="oc-332"/>
      </symbol>
      <symbol id="sm-27f">
         <name>UARTIntEnable</name>
         <value>0x42f7</value>
         <object_component_ref idref="oc-25a"/>
      </symbol>
      <symbol id="sm-280">
         <name>UARTClockSourceSet</name>
         <value>0x4311</value>
         <object_component_ref idref="oc-242"/>
      </symbol>
      <symbol id="sm-281">
         <name>UARTCharPut</name>
         <value>0x42d3</value>
         <object_component_ref idref="oc-260"/>
      </symbol>
      <symbol id="sm-282">
         <name>UARTEnable</name>
         <value>0x4141</value>
         <object_component_ref idref="oc-254"/>
      </symbol>
      <symbol id="sm-283">
         <name>UARTIntClear</name>
         <value>0x4321</value>
         <object_component_ref idref="oc-b4"/>
      </symbol>
      <symbol id="sm-284">
         <name>UARTIntStatus</name>
         <value>0x42dd</value>
         <object_component_ref idref="oc-ae"/>
      </symbol>
      <symbol id="sm-285">
         <name>UARTCharGet</name>
         <value>0x42c9</value>
         <object_component_ref idref="oc-120"/>
      </symbol>
      <symbol id="sm-2b8">
         <name>TimerLoadSet</name>
         <value>0x41e9</value>
         <object_component_ref idref="oc-ea"/>
      </symbol>
      <symbol id="sm-2b9">
         <name>TimerEnable</name>
         <value>0x423d</value>
         <object_component_ref idref="oc-114"/>
      </symbol>
      <symbol id="sm-2ba">
         <name>TimerIntEnable</name>
         <value>0x42ef</value>
         <object_component_ref idref="oc-f6"/>
      </symbol>
      <symbol id="sm-2bb">
         <name>TimerConfigure</name>
         <value>0x3ad9</value>
         <object_component_ref idref="oc-de"/>
      </symbol>
      <symbol id="sm-2bc">
         <name>TimerIntClear</name>
         <value>0x431d</value>
         <object_component_ref idref="oc-86"/>
      </symbol>
      <symbol id="sm-321">
         <name>SysCtlClockSet</name>
         <value>0x3469</value>
         <object_component_ref idref="oc-c0"/>
      </symbol>
      <symbol id="sm-322">
         <name>SysCtlDelay</name>
         <value>0x430b</value>
         <object_component_ref idref="oc-188"/>
      </symbol>
      <symbol id="sm-323">
         <name>SysCtlPeripheralEnable</name>
         <value>0x3f5d</value>
         <object_component_ref idref="oc-c6"/>
      </symbol>
      <symbol id="sm-324">
         <name>SysCtlClockGet</name>
         <value>0x314d</value>
         <object_component_ref idref="oc-e4"/>
      </symbol>
      <symbol id="sm-325">
         <name>SysCtlPWMClockSet</name>
         <value>0x412d</value>
         <object_component_ref idref="oc-19a"/>
      </symbol>
      <symbol id="sm-365">
         <name>SSIDataPut</name>
         <value>0x42b5</value>
         <object_component_ref idref="oc-1ee"/>
      </symbol>
      <symbol id="sm-366">
         <name>SSIDataGet</name>
         <value>0x427d</value>
         <object_component_ref idref="oc-200"/>
      </symbol>
      <symbol id="sm-367">
         <name>SSIDataGetNonBlocking</name>
         <value>0x41d7</value>
         <object_component_ref idref="oc-1fa"/>
      </symbol>
      <symbol id="sm-368">
         <name>SSIConfigSetExpClk</name>
         <value>0x3e65</value>
         <object_component_ref idref="oc-1e2"/>
      </symbol>
      <symbol id="sm-369">
         <name>SSIEnable</name>
         <value>0x42bf</value>
         <object_component_ref idref="oc-1e8"/>
      </symbol>
      <symbol id="sm-36a">
         <name>SSIBusy</name>
         <value>0x42e7</value>
         <object_component_ref idref="oc-1f4"/>
      </symbol>
      <symbol id="sm-397">
         <name>PWMGenPeriodSet</name>
         <value>0x421f</value>
         <object_component_ref idref="oc-1b2"/>
      </symbol>
      <symbol id="sm-398">
         <name>PWMPulseWidthSet</name>
         <value>0x4077</value>
         <object_component_ref idref="oc-1b8"/>
      </symbol>
      <symbol id="sm-399">
         <name>PWMOutputState</name>
         <value>0x41c5</value>
         <object_component_ref idref="oc-1c4"/>
      </symbol>
      <symbol id="sm-39a">
         <name>PWMGenEnable</name>
         <value>0x4271</value>
         <object_component_ref idref="oc-1be"/>
      </symbol>
      <symbol id="sm-39b">
         <name>PWMGenConfigure</name>
         <value>0x4017</value>
         <object_component_ref idref="oc-1ac"/>
      </symbol>
      <symbol id="sm-3c9">
         <name>IntEnable</name>
         <value>0x39b9</value>
         <object_component_ref idref="oc-f0"/>
      </symbol>
      <symbol id="sm-3ca">
         <name>IntMasterEnable</name>
         <value>0x42ab</value>
         <object_component_ref idref="oc-10e"/>
      </symbol>
      <symbol id="sm-442">
         <name>GPIOPinTypePWM</name>
         <value>0x418f</value>
         <object_component_ref idref="oc-1a6"/>
      </symbol>
      <symbol id="sm-443">
         <name>GPIOPinConfigure</name>
         <value>0x3c7d</value>
         <object_component_ref idref="oc-1a0"/>
      </symbol>
      <symbol id="sm-444">
         <name>GPIOIntEnable</name>
         <value>0x4265</value>
         <object_component_ref idref="oc-108"/>
      </symbol>
      <symbol id="sm-445">
         <name>GPIOIntTypeSet</name>
         <value>0x3b8f</value>
         <object_component_ref idref="oc-102"/>
      </symbol>
      <symbol id="sm-446">
         <name>GPIOPinTypeGPIOInput</name>
         <value>0x417d</value>
         <object_component_ref idref="oc-fc"/>
      </symbol>
      <symbol id="sm-447">
         <name>GPIOIntClear</name>
         <value>0x42ff</value>
         <object_component_ref idref="oc-6e"/>
      </symbol>
      <symbol id="sm-448">
         <name>GPIOPinTypeUART</name>
         <value>0x41b3</value>
         <object_component_ref idref="oc-23c"/>
      </symbol>
      <symbol id="sm-449">
         <name>GPIOPinTypeGPIOOutput</name>
         <value>0x40cd</value>
         <object_component_ref idref="oc-11a"/>
      </symbol>
      <symbol id="sm-44a">
         <name>GPIODirModeSet</name>
         <value>0x3fed</value>
         <object_component_ref idref="oc-274"/>
      </symbol>
      <symbol id="sm-44b">
         <name>GPIOPinWrite</name>
         <value>0x4305</value>
         <object_component_ref idref="oc-a8"/>
      </symbol>
      <symbol id="sm-44c">
         <name>GPIOPadConfigSet</name>
         <value>0x301b</value>
         <object_component_ref idref="oc-27a"/>
      </symbol>
      <symbol id="sm-44d">
         <name>GPIOPinTypeSSI</name>
         <value>0x41a1</value>
         <object_component_ref idref="oc-1dc"/>
      </symbol>
      <symbol id="sm-457">
         <name>CPUcpsie</name>
         <value>0x4259</value>
         <object_component_ref idref="oc-283"/>
      </symbol>
      <symbol id="sm-4a1">
         <name>ADCProcessorTrigger</name>
         <value>0x4115</value>
         <object_component_ref idref="oc-220"/>
      </symbol>
      <symbol id="sm-4a2">
         <name>ADCSequenceEnable</name>
         <value>0x422f</value>
         <object_component_ref idref="oc-214"/>
      </symbol>
      <symbol id="sm-4a3">
         <name>ADCSequenceConfigure</name>
         <value>0x3ee7</value>
         <object_component_ref idref="oc-208"/>
      </symbol>
      <symbol id="sm-4a4">
         <name>ADCSequenceStepConfigure</name>
         <value>0x3859</value>
         <object_component_ref idref="oc-20e"/>
      </symbol>
      <symbol id="sm-4a5">
         <name>ADCIntClear</name>
         <value>0x42a1</value>
         <object_component_ref idref="oc-21a"/>
      </symbol>
      <symbol id="sm-4a6">
         <name>ADCIntStatus</name>
         <value>0x3f91</value>
         <object_component_ref idref="oc-226"/>
      </symbol>
      <symbol id="sm-4a7">
         <name>ADCSequenceDataGet</name>
         <value>0x4059</value>
         <object_component_ref idref="oc-22c"/>
      </symbol>
      <symbol id="sm-4b7">
         <name>_c_int00</name>
         <value>0x3cc5</value>
         <object_component_ref idref="oc-11"/>
      </symbol>
      <symbol id="sm-4b8">
         <name>__stack</name>
         <value>0x20000000</value>
         <object_component_ref idref="oc-28"/>
      </symbol>
      <symbol id="sm-4cf">
         <name>__TI_decompress_none</name>
         <value>0x424b</value>
         <object_component_ref idref="oc-16"/>
      </symbol>
      <symbol id="sm-4f3">
         <name>__TI_decompress_rle24</name>
         <value>0x4317</value>
         <object_component_ref idref="oc-22"/>
      </symbol>
      <symbol id="sm-50c">
         <name>__TI_zero_init</name>
         <value>0x41fb</value>
         <object_component_ref idref="oc-1c"/>
      </symbol>
      <symbol id="sm-52b">
         <name>C$$EXIT</name>
         <value>0x3d99</value>
         <object_component_ref idref="oc-43"/>
      </symbol>
      <symbol id="sm-52c">
         <name>abort</name>
         <value>0x3d9d</value>
         <object_component_ref idref="oc-43"/>
      </symbol>
      <symbol id="sm-52d">
         <name>exit</name>
         <value>0x3da5</value>
         <object_component_ref idref="oc-43"/>
      </symbol>
      <symbol id="sm-52e">
         <name>__TI_dtors_ptr</name>
         <value>0x20000ce8</value>
         <object_component_ref idref="oc-160"/>
      </symbol>
      <symbol id="sm-52f">
         <name>__TI_cleanup_ptr</name>
         <value>0x20000ce4</value>
         <object_component_ref idref="oc-160"/>
      </symbol>
      <symbol id="sm-546">
         <name>__aeabi_dsub</name>
         <value>0x2bd1</value>
         <object_component_ref idref="oc-79"/>
      </symbol>
      <symbol id="sm-547">
         <name>__aeabi_dadd</name>
         <value>0x2bdb</value>
         <object_component_ref idref="oc-79"/>
      </symbol>
      <symbol id="sm-569">
         <name>__aeabi_cdcmpeq</name>
         <value>0x374d</value>
         <object_component_ref idref="oc-132"/>
      </symbol>
      <symbol id="sm-56a">
         <name>__aeabi_cdcmple</name>
         <value>0x374d</value>
         <object_component_ref idref="oc-132"/>
      </symbol>
      <symbol id="sm-56b">
         <name>__aeabi_cdrcmple</name>
         <value>0x37d3</value>
         <object_component_ref idref="oc-2ca"/>
      </symbol>
      <symbol id="sm-57f">
         <name>__aeabi_ddiv</name>
         <value>0x2ee5</value>
         <object_component_ref idref="oc-9d"/>
      </symbol>
      <symbol id="sm-58a">
         <name>__aeabi_dmul</name>
         <value>0x336d</value>
         <object_component_ref idref="oc-98"/>
      </symbol>
      <symbol id="sm-594">
         <name>__aeabi_d2f</name>
         <value>0x3c31</value>
         <object_component_ref idref="oc-7e"/>
      </symbol>
      <symbol id="sm-59e">
         <name>__aeabi_d2uiz</name>
         <value>0x3ddd</value>
         <object_component_ref idref="oc-232"/>
      </symbol>
      <symbol id="sm-5a9">
         <name>__aeabi_f2d</name>
         <value>0x3f25</value>
         <object_component_ref idref="oc-74"/>
      </symbol>
      <symbol id="sm-5b3">
         <name>__aeabi_i2d</name>
         <value>0x3fbf</value>
         <object_component_ref idref="oc-137"/>
      </symbol>
      <symbol id="sm-5ce">
         <name>memcpy</name>
         <value>0x361d</value>
         <object_component_ref idref="oc-4d"/>
      </symbol>
      <symbol id="sm-5cf">
         <name>__aeabi_memcpy</name>
         <value>0x361d</value>
         <object_component_ref idref="oc-4d"/>
      </symbol>
      <symbol id="sm-5d0">
         <name>__aeabi_memcpy8</name>
         <value>0x361d</value>
         <object_component_ref idref="oc-4d"/>
      </symbol>
      <symbol id="sm-5d1">
         <name>__aeabi_memcpy4</name>
         <value>0x361d</value>
         <object_component_ref idref="oc-4d"/>
      </symbol>
      <symbol id="sm-5e1">
         <name>round</name>
         <value>0x3951</value>
         <object_component_ref idref="oc-12c"/>
      </symbol>
      <symbol id="sm-5fa">
         <name>sprintf</name>
         <value>0x3a19</value>
         <object_component_ref idref="oc-92"/>
      </symbol>
      <symbol id="sm-602">
         <name>main_func_sp</name>
         <value>0x20000cec</value>
         <object_component_ref idref="oc-49"/>
      </symbol>
      <symbol id="sm-60c">
         <name>__aeabi_ui2d</name>
         <value>0x4039</value>
         <object_component_ref idref="oc-127"/>
      </symbol>
      <symbol id="sm-629">
         <name>_Dint</name>
         <value>0x3559</value>
         <object_component_ref idref="oc-294"/>
      </symbol>
      <symbol id="sm-63b">
         <name>_Dtest</name>
         <value>0x3e21</value>
         <object_component_ref idref="oc-28e"/>
      </symbol>
      <symbol id="sm-654">
         <name>_nop</name>
         <value>0x4163</value>
         <object_component_ref idref="oc-2a6"/>
      </symbol>
      <symbol id="sm-655">
         <name>_lock</name>
         <value>0x20000cdc</value>
         <object_component_ref idref="oc-15d"/>
      </symbol>
      <symbol id="sm-656">
         <name>_unlock</name>
         <value>0x20000ce0</value>
         <object_component_ref idref="oc-15d"/>
      </symbol>
      <symbol id="sm-657">
         <name>_register_lock</name>
         <value>0x415b</value>
         <object_component_ref idref="oc-2a6"/>
      </symbol>
      <symbol id="sm-658">
         <name>_register_unlock</name>
         <value>0x4155</value>
         <object_component_ref idref="oc-2a6"/>
      </symbol>
      <symbol id="sm-744">
         <name>__TI_printfi</name>
         <value>0x1f07</value>
         <object_component_ref idref="oc-18b"/>
      </symbol>
      <symbol id="sm-758">
         <name>_args_main</name>
         <value>0x40e5</value>
         <object_component_ref idref="oc-3d"/>
      </symbol>
      <symbol id="sm-76e">
         <name>atoi</name>
         <value>0x3be5</value>
         <object_component_ref idref="oc-2eb"/>
      </symbol>
      <symbol id="sm-78b">
         <name>__TI_auto_init</name>
         <value>0x36b9</value>
         <object_component_ref idref="oc-38"/>
      </symbol>
      <symbol id="sm-7a4">
         <name>copy_in</name>
         <value>0x3d55</value>
         <object_component_ref idref="oc-154"/>
      </symbol>
      <symbol id="sm-7af">
         <name>_ctypes_</name>
         <value>0x4324</value>
         <object_component_ref idref="oc-364"/>
      </symbol>
      <symbol id="sm-7b9">
         <name>__aeabi_d2iz</name>
         <value>0x3d0d</value>
         <object_component_ref idref="oc-2cf"/>
      </symbol>
      <symbol id="sm-7c2">
         <name>__aeabi_lmul</name>
         <value>0x40fd</value>
         <object_component_ref idref="oc-2bf"/>
      </symbol>
      <symbol id="sm-7d1">
         <name>ltoa</name>
         <value>0x3b35</value>
         <object_component_ref idref="oc-2d4"/>
      </symbol>
      <symbol id="sm-7e1">
         <name>memccpy</name>
         <value>0x40b1</value>
         <object_component_ref idref="oc-2e5"/>
      </symbol>
      <symbol id="sm-7f0">
         <name>__aeabi_memset</name>
         <value>0x38db</value>
         <object_component_ref idref="oc-2da"/>
      </symbol>
      <symbol id="sm-7f1">
         <name>memset</name>
         <value>0x38e1</value>
         <object_component_ref idref="oc-2da"/>
      </symbol>
      <symbol id="sm-7f2">
         <name>__aeabi_memset8</name>
         <value>0x38db</value>
         <object_component_ref idref="oc-2da"/>
      </symbol>
      <symbol id="sm-7f3">
         <name>__aeabi_memset4</name>
         <value>0x38db</value>
         <object_component_ref idref="oc-2da"/>
      </symbol>
      <symbol id="sm-7f4">
         <name>__aeabi_memclr8</name>
         <value>0x38d9</value>
         <object_component_ref idref="oc-2da"/>
      </symbol>
      <symbol id="sm-7f5">
         <name>__aeabi_memclr4</name>
         <value>0x38d9</value>
         <object_component_ref idref="oc-2da"/>
      </symbol>
      <symbol id="sm-7f6">
         <name>__aeabi_memclr</name>
         <value>0x38d9</value>
         <object_component_ref idref="oc-2da"/>
      </symbol>
      <symbol id="sm-804">
         <name>strlen</name>
         <value>0x4169</value>
         <object_component_ref idref="oc-2c4"/>
      </symbol>
      <symbol id="sm-820">
         <name>__aeabi_uldivmod</name>
         <value>0x29dd</value>
         <object_component_ref idref="oc-2ba"/>
      </symbol>
      <symbol id="sm-82a">
         <name>_Dclass</name>
         <value>0x420d</value>
         <object_component_ref idref="oc-2df"/>
      </symbol>
      <symbol id="sm-82b">
         <name>__TI_static_base__</name>
         <value>0x0</value>
      </symbol>
      <symbol id="sm-82c">
         <name>__TI_args_main</name>
         <value>0x1</value>
      </symbol>
      <symbol id="sm-82d">
         <name>SHT$$INIT_ARRAY$$Limit</name>
         <value>0x0</value>
      </symbol>
      <symbol id="sm-82e">
         <name>SHT$$INIT_ARRAY$$Base</name>
         <value>0x0</value>
      </symbol>
   </symbol_table>
   <title>Link successful</title>
</link_info>
