******************************************************************************
                  TI ARM Linker PC v5.1.6                      
******************************************************************************
>> Linked Sun Nov 09 02:10:05 2014

OUTPUT FILE NAME:   <Integration_Test.out>
ENTRY POINT SYMBOL: "_c_int00"  address: 000034a1


MEMORY CONFIGURATION

         name            origin    length      used     unused   attr    fill
----------------------  --------  ---------  --------  --------  ----  --------
  FLASH                 00000000   00040000  00003da6  0003c25a  R  X
  SRAM                  20000000   00008000  00000cc0  00007340  RW X


SEGMENT ALLOCATION MAP

run origin  load origin   length   init length attrs members
----------  ----------- ---------- ----------- ----- -------
00000000    00000000    00003da8   00003da8    r-x
  00000000    00000000    0000026c   0000026c    r-- .intvecs
  0000026c    0000026c    0000385a   0000385a    r-x .text
  00003ac8    00003ac8    000002a0   000002a0    r-- .const
  00003d68    00003d68    00000040   00000040    r-- .cinit
20000000    20000000    00000cc4   00000000    rw-
  20000000    20000000    00000800   00000000    rw- .stack
  20000800    20000800    00000474   00000000    rw- .bss
  20000c78    20000c78    0000004c   00000000    rw- .data


SECTION ALLOCATION MAP

 output                                  attributes/
section   page    origin      length       input sections
--------  ----  ----------  ----------   ----------------
.intvecs   0    00000000    0000026c     
                  00000000    0000026c     tm4c123gh6pm_startup_ccs.obj (.intvecs)

.init_array 
*          0    00000000    00000000     UNINITIALIZED

.text      0    0000026c    0000385a     
                  0000026c    00000ec0     rtsv7M4_T_le_v4SPD16_eabi.lib : _printfi.obj (.text)
                  0000112c    00000a84     main.obj (.text)
                  00001bb0    00000270     adc.obj (.text)
                  00001e20    00000240     pwm.obj (.text)
                  00002060    000001f4     rtsv7M4_T_le_v4SPD16_eabi.lib : ull_div_t2.obj (.text)
                  00002254    000001ec     lcd.obj (.text)
                  00002440    000001b6     rtsv7M4_T_le_v4SPD16_eabi.lib : fd_add_t2.obj (.text)
                  000025f6    00000002     --HOLE-- [fill = 0]
                  000025f8    00000170     spi.obj (.text)
                  00002768    00000136     rtsv7M4_T_le_v4SPD16_eabi.lib : fd_div_t2.obj (.text)
                  0000289e    00000130     driverlib.lib : gpio.obj (.text:GPIOPadConfigSet)
                  000029ce    00000002     --HOLE-- [fill = 0]
                  000029d0    00000118                   : sysctl.obj (.text:SysCtlClockGet)
                  00002ae8    000000fc     rtsv7M4_T_le_v4SPD16_eabi.lib : fd_mul_t2.obj (.text)
                  00002be4    000000f0     driverlib.lib : sysctl.obj (.text:SysCtlClockSet)
                  00002cd4    000000c4     rtsv7M4_T_le_v4SPD16_eabi.lib : xdint.obj (.text)
                  00002d98    000000b4     uart.obj (.text)
                  00002e4c    0000009c     rtsv7M4_T_le_v4SPD16_eabi.lib : memcpy_t2.obj (.text)
                  00002ee8    00000094                                   : auto_init.obj (.text)
                  00002f7c    00000086                                   : fd_cmp_t2.obj (.text:__aeabi_cdcmple)
                  00003002    00000086                                   : fd_cmp_t2.obj (.text:__aeabi_cdrcmple)
                  00003088    00000080     driverlib.lib : adc.obj (.text:ADCSequenceStepConfigure)
                  00003108    00000078     rtsv7M4_T_le_v4SPD16_eabi.lib : memset_t2.obj (.text)
                  00003180    00000068                                   : round.obj (.text)
                  000031e8    00000060     driverlib.lib : interrupt.obj (.text:IntEnable)
                  00003248    00000060     rtsv7M4_T_le_v4SPD16_eabi.lib : sprintf.obj (.text)
                  000032a8    0000005e                                   : copy_decompress_rle.obj (.text)
                  00003306    00000002     --HOLE-- [fill = 0]
                  00003308    0000005c     driverlib.lib : timer.obj (.text:TimerConfigure)
                  00003364    0000005a     rtsv7M4_T_le_v4SPD16_eabi.lib : ltoa.obj (.text)
                  000033be    00000002     --HOLE-- [fill = 0]
                  000033c0    0000004c                                   : atoi.obj (.text)
                  0000340c    0000004a                                   : fd_tos_t2.obj (.text)
                  00003456    00000002     --HOLE-- [fill = 0]
                  00003458    00000048     driverlib.lib : gpio.obj (.text:GPIOPinConfigure)
                  000034a0    00000048     rtsv7M4_T_le_v4SPD16_eabi.lib : boot.obj (.text)
                  000034e8    00000048                                   : fd_toi_t2.obj (.text)
                  00003530    00000044                                   : cpy_tbl.obj (.text)
                  00003574    00000044                                   : exit.obj (.text)
                  000035b8    00000044                                   : fd_tou_t2.obj (.text)
                  000035fc    00000044                                   : xdtest.obj (.text)
                  00003640    00000042     driverlib.lib : ssi.obj (.text:SSIConfigSetExpClk)
                  00003682    00000040                   : uart.obj (.text:UARTConfigSetExpClk)
                  000036c2    0000003e                   : adc.obj (.text:ADCSequenceConfigure)
                  00003700    00000038     rtsv7M4_T_le_v4SPD16_eabi.lib : fs_tod_t2.obj (.text)
                  00003738    00000034     driverlib.lib : sysctl.obj (.text:SysCtlPeripheralEnable)
                  0000376c    0000002e                   : adc.obj (.text:ADCIntStatus)
                  0000379a    0000002e     rtsv7M4_T_le_v4SPD16_eabi.lib : i_tofd_t2.obj (.text)
                  000037c8    0000002a     driverlib.lib : gpio.obj (.text:GPIODirModeSet)
                  000037f2    00000022                   : pwm.obj (.text:PWMGenConfigure)
                  00003814    00000020     rtsv7M4_T_le_v4SPD16_eabi.lib : u_tofd_t2.obj (.text)
                  00003834    0000001e     driverlib.lib : adc.obj (.text:ADCSequenceDataGet)
                  00003852    0000001e                   : pwm.obj (.text:PWMPulseWidthSet)
                  00003870    0000001c                   : uart.obj (.text:UARTDisable)
                  0000388c    0000001c     rtsv7M4_T_le_v4SPD16_eabi.lib : memccpy.obj (.text)
                  000038a8    00000018     driverlib.lib : gpio.obj (.text:GPIOPinTypeGPIOOutput)
                  000038c0    00000018     rtsv7M4_T_le_v4SPD16_eabi.lib : args_main.obj (.text)
                  000038d8    00000018                                   : ll_mul_t2.obj (.text)
                  000038f0    00000016     driverlib.lib : adc.obj (.text:ADCProcessorTrigger)
                  00003906    00000002     --HOLE-- [fill = 0]
                  00003908    00000014                   : sysctl.obj (.text:SysCtlPWMClockSet)
                  0000391c    00000014                   : uart.obj (.text:UARTEnable)
                  00003930    00000014     rtsv7M4_T_le_v4SPD16_eabi.lib : _lock.obj (.text)
                  00003944    00000014                                   : strlen.obj (.text)
                  00003958    00000012     driverlib.lib : gpio.obj (.text:GPIOPinTypePWM)
                  0000396a    00000012                   : gpio.obj (.text:GPIOPinTypeSSI)
                  0000397c    00000012                   : gpio.obj (.text:GPIOPinTypeUART)
                  0000398e    00000012                   : pwm.obj (.text:PWMOutputState)
                  000039a0    00000012                   : ssi.obj (.text:SSIDataGetNonBlocking)
                  000039b2    00000012                   : timer.obj (.text:TimerLoadSet)
                  000039c4    00000012     rtsv7M4_T_le_v4SPD16_eabi.lib : copy_zero_init.obj (.text:decompress:ZI)
                  000039d6    00000012                                   : xdclass.obj (.text)
                  000039e8    00000010     driverlib.lib : pwm.obj (.text:PWMGenPeriodSet)
                  000039f8    0000000e                   : adc.obj (.text:ADCSequenceEnable)
                  00003a06    0000000e                   : timer.obj (.text:TimerEnable)
                  00003a14    0000000e     rtsv7M4_T_le_v4SPD16_eabi.lib : copy_decompress_none.obj (.text:decompress:none)
                  00003a22    0000000c     driverlib.lib : cpu.obj (.text:CPUcpsie)
                  00003a2e    0000000c                   : pwm.obj (.text:PWMGenEnable)
                  00003a3a    0000000c                   : ssi.obj (.text:SSIDataGet)
                  00003a46    0000000c                   : uart.obj (.text:UARTFlowControlSet)
                  00003a52    0000000c     tm4c123gh6pm_startup_ccs.obj (.text)
                  00003a5e    0000000a     driverlib.lib : adc.obj (.text:ADCIntClear)
                  00003a68    0000000a                   : interrupt.obj (.text:IntMasterEnable)
                  00003a72    0000000a                   : ssi.obj (.text:SSIDataPut)
                  00003a7c    0000000a                   : ssi.obj (.text:SSIEnable)
                  00003a86    0000000a                   : uart.obj (.text:UARTCharGet)
                  00003a90    0000000a                   : uart.obj (.text:UARTCharPut)
                  00003a9a    00000008                   : ssi.obj (.text:SSIBusy)
                  00003aa2    00000008                   : timer.obj (.text:TimerIntEnable)
                  00003aaa    00000006                   : gpio.obj (.text:GPIOPinWrite)
                  00003ab0    00000006                   : sysctl.obj (.text:SysCtlDelay)
                  00003ab6    00000006                   : uart.obj (.text:UARTClockSourceSet)
                  00003abc    00000006     rtsv7M4_T_le_v4SPD16_eabi.lib : copy_decompress_rle.obj (.text:decompress:rle24)
                  00003ac2    00000004     driverlib.lib : timer.obj (.text:TimerIntClear)

.const     0    00003ac8    000002a0     
                  00003ac8    00000102     rtsv7M4_T_le_v4SPD16_eabi.lib : ctype.obj (.const:.string:_ctypes_)
                  00003bca    00000002     --HOLE-- [fill = 0]
                  00003bcc    00000090     driverlib.lib : gpio.obj (.const:g_pui32GPIOBaseAddrs)
                  00003c5c    00000070                   : interrupt.obj (.const)
                  00003ccc    0000006c                   : sysctl.obj (.const:g_pui32Xtals)
                  00003d38    00000030     rtsv7M4_T_le_v4SPD16_eabi.lib : xdint.obj (.const)

.cinit     0    00003d68    00000040     
                  00003d68    00000016     (.cinit..data.load) [load image, compression = rle]
                  00003d7e    00000002     --HOLE-- [fill = 0]
                  00003d80    0000000c     (__TI_handler_table)
                  00003d8c    00000004     --HOLE-- [fill = 0]
                  00003d90    00000008     (.cinit..bss.load) [load image, compression = zero_init]
                  00003d98    00000010     (__TI_cinit_table)

.stack     0    20000000    00000800     UNINITIALIZED
                  20000000    00000800     --HOLE--

.bss       0    20000800    00000474     UNINITIALIZED
                  20000800    00000400     main.obj (.bss:setpointValues)
                  20000c00    00000020     (.common:buffer)
                  20000c20    00000020     (.common:result_ref)
                  20000c40    00000020     (.common:result_sample)
                  20000c60    00000004     (.common:offset)
                  20000c64    00000004     (.common:resistance_sample_exp)
                  20000c68    00000004     (.common:resistance_sample_real)
                  20000c6c    00000004     (.common:voltage_ref)
                  20000c70    00000004     (.common:voltage_sample)

.data      0    20000c78    0000004c     UNINITIALIZED
                  20000c78    00000038     main.obj (.data)
                  20000cb0    00000008     rtsv7M4_T_le_v4SPD16_eabi.lib : _lock.obj (.data)
                  20000cb8    00000008                                   : exit.obj (.data)
                  20000cc0    00000004                                   : stkdepth_vars.obj (.data)


LINKER GENERATED COPY TABLES

__TI_cinit_table @ 00003d98 records: 2, size/record: 8, table size: 16
	.data: load addr=00003d68, load size=00000016 bytes, run addr=20000c78, run size=0000004c bytes, compression=rle
	.bss: load addr=00003d90, load size=00000008 bytes, run addr=20000800, run size=00000474 bytes, compression=zero_init


LINKER GENERATED HANDLER TABLE

__TI_handler_table @ 00003d80 records: 3, size/record: 4, table size: 12
	index: 0, handler: __TI_decompress_rle24
	index: 1, handler: __TI_decompress_none
	index: 2, handler: __TI_zero_init


GLOBAL SYMBOLS: SORTED ALPHABETICALLY BY Name 

address    name
--------   ----
00003a5f   ADCIntClear
0000376d   ADCIntStatus
000038f1   ADCProcessorTrigger
000036c3   ADCSequenceConfigure
00003835   ADCSequenceDataGet
000039f9   ADCSequenceEnable
00003089   ADCSequenceStepConfigure
00001bb1   ADC_Init
00001caf   ADC_VoltageDifference
00003575   C$$EXIT
00003a23   CPUcpsie
000037c9   GPIODirModeSet
0000289f   GPIOPadConfigSet
00003459   GPIOPinConfigure
000038a9   GPIOPinTypeGPIOOutput
00003959   GPIOPinTypePWM
0000396b   GPIOPinTypeSSI
0000397d   GPIOPinTypeUART
00003aab   GPIOPinWrite
000031e9   IntEnable
00003a69   IntMasterEnable
000022a9   LCD_ClearScreen
000022d1   LCD_Init
0000227b   LCD_MoveCursor
000023b7   LCD_SendChars
00002255   LCD_ToggleEnable
000037f3   PWMGenConfigure
00003a2f   PWMGenEnable
000039e9   PWMGenPeriodSet
0000398f   PWMOutputState
00003853   PWMPulseWidthSet
00001e21   PWM_Init
00001e9d   PWM_SetFanVelocity
00001e8d   PWM_SetPulse
00003a53   ResetISR
UNDEFED    SHT$$INIT_ARRAY$$Base
UNDEFED    SHT$$INIT_ARRAY$$Limit
000025f9   SPI_Init
000026a5   SPI_ReadTemperature
00002659   SPI_WriteToPotentiometer
00003a9b   SSIBusy
00003641   SSIConfigSetExpClk
00003a3b   SSIDataGet
000039a1   SSIDataGetNonBlocking
00003a73   SSIDataPut
00003a7d   SSIEnable
000029d1   SysCtlClockGet
00002be5   SysCtlClockSet
00003ab1   SysCtlDelay
00003909   SysCtlPWMClockSet
00003739   SysCtlPeripheralEnable
0000112d   Timer0IntHandler
00003309   TimerConfigure
00003a07   TimerEnable
00003ac3   TimerIntClear
00003aa3   TimerIntEnable
000039b3   TimerLoadSet
00003a87   UARTCharGet
00003a91   UARTCharPut
00003ab7   UARTClockSourceSet
00003683   UARTConfigSetExpClk
00003871   UARTDisable
0000391d   UARTEnable
00003a47   UARTFlowControlSet
00002d99   UART_Init
00002de5   UART_Printf
00002e05   UART_Println
000039d7   _Dclass
00002cd5   _Dint
000035fd   _Dtest
20000800   __STACK_END
00000800   __STACK_SIZE
20000800   __STACK_TOP
00003d98   __TI_CINIT_Base
00003da8   __TI_CINIT_Limit
00003d80   __TI_Handler_Table_Base
00003d8c   __TI_Handler_Table_Limit
00000001   __TI_args_main
00002ee9   __TI_auto_init
20000cb8   __TI_cleanup_ptr
00003a15   __TI_decompress_none
00003abd   __TI_decompress_rle24
20000cbc   __TI_dtors_ptr
00000e23   __TI_printfi
00000000   __TI_static_base__
000039c5   __TI_zero_init
00002f7d   __aeabi_cdcmpeq
00002f7d   __aeabi_cdcmple
00003003   __aeabi_cdrcmple
0000340d   __aeabi_d2f
000034e9   __aeabi_d2iz
000035b9   __aeabi_d2uiz
0000244b   __aeabi_dadd
00002769   __aeabi_ddiv
00002ae9   __aeabi_dmul
00002441   __aeabi_dsub
00003701   __aeabi_f2d
0000379b   __aeabi_i2d
000038d9   __aeabi_lmul
00003109   __aeabi_memclr
00003109   __aeabi_memclr4
00003109   __aeabi_memclr8
00002e4d   __aeabi_memcpy
00002e4d   __aeabi_memcpy4
00002e4d   __aeabi_memcpy8
0000310b   __aeabi_memset
0000310b   __aeabi_memset4
0000310b   __aeabi_memset8
00003815   __aeabi_ui2d
00002061   __aeabi_uldivmod
ffffffff   __binit__
ffffffff   __c_args__
20000000   __stack
000038c1   _args_main
000034a1   _c_int00
00003ac8   _ctypes_
20000cb0   _lock
0000393f   _nop
00003937   _register_lock
00003931   _register_unlock
20000cb4   _unlock
00003579   abort
000033c1   atoi
ffffffff   binit
20000c00   buffer
20000c7c   command
00003531   copy_in
00003581   exit
20000c80   flag
00000000   g_pfnVectors
20000ca4   hours
00003365   ltoa
00001181   main
20000cc0   main_func_sp
0000388d   memccpy
00002e4d   memcpy
00003111   memset
20000ca8   minutes
20000c84   nop
20000c60   offset
20000c88   resistance_pot
20000c64   resistance_sample_exp
20000c68   resistance_sample_real
20000c20   result_ref
20000c40   result_sample
00003181   round
20000cac   seconds
20000c94   setpointTemp
20000800   setpointValues
20000ca0   setpoints
00003249   sprintf
00003945   strlen
20000c98   tempF
20000c78   value
20000c8c   voltage_difference
20000c90   voltage_difference_old
20000c6c   voltage_ref
20000c70   voltage_sample


GLOBAL SYMBOLS: SORTED BY Symbol Address 

address    name
--------   ----
00000000   __TI_static_base__
00000000   g_pfnVectors
00000001   __TI_args_main
00000800   __STACK_SIZE
00000e23   __TI_printfi
0000112d   Timer0IntHandler
00001181   main
00001bb1   ADC_Init
00001caf   ADC_VoltageDifference
00001e21   PWM_Init
00001e8d   PWM_SetPulse
00001e9d   PWM_SetFanVelocity
00002061   __aeabi_uldivmod
00002255   LCD_ToggleEnable
0000227b   LCD_MoveCursor
000022a9   LCD_ClearScreen
000022d1   LCD_Init
000023b7   LCD_SendChars
00002441   __aeabi_dsub
0000244b   __aeabi_dadd
000025f9   SPI_Init
00002659   SPI_WriteToPotentiometer
000026a5   SPI_ReadTemperature
00002769   __aeabi_ddiv
0000289f   GPIOPadConfigSet
000029d1   SysCtlClockGet
00002ae9   __aeabi_dmul
00002be5   SysCtlClockSet
00002cd5   _Dint
00002d99   UART_Init
00002de5   UART_Printf
00002e05   UART_Println
00002e4d   __aeabi_memcpy
00002e4d   __aeabi_memcpy4
00002e4d   __aeabi_memcpy8
00002e4d   memcpy
00002ee9   __TI_auto_init
00002f7d   __aeabi_cdcmpeq
00002f7d   __aeabi_cdcmple
00003003   __aeabi_cdrcmple
00003089   ADCSequenceStepConfigure
00003109   __aeabi_memclr
00003109   __aeabi_memclr4
00003109   __aeabi_memclr8
0000310b   __aeabi_memset
0000310b   __aeabi_memset4
0000310b   __aeabi_memset8
00003111   memset
00003181   round
000031e9   IntEnable
00003249   sprintf
00003309   TimerConfigure
00003365   ltoa
000033c1   atoi
0000340d   __aeabi_d2f
00003459   GPIOPinConfigure
000034a1   _c_int00
000034e9   __aeabi_d2iz
00003531   copy_in
00003575   C$$EXIT
00003579   abort
00003581   exit
000035b9   __aeabi_d2uiz
000035fd   _Dtest
00003641   SSIConfigSetExpClk
00003683   UARTConfigSetExpClk
000036c3   ADCSequenceConfigure
00003701   __aeabi_f2d
00003739   SysCtlPeripheralEnable
0000376d   ADCIntStatus
0000379b   __aeabi_i2d
000037c9   GPIODirModeSet
000037f3   PWMGenConfigure
00003815   __aeabi_ui2d
00003835   ADCSequenceDataGet
00003853   PWMPulseWidthSet
00003871   UARTDisable
0000388d   memccpy
000038a9   GPIOPinTypeGPIOOutput
000038c1   _args_main
000038d9   __aeabi_lmul
000038f1   ADCProcessorTrigger
00003909   SysCtlPWMClockSet
0000391d   UARTEnable
00003931   _register_unlock
00003937   _register_lock
0000393f   _nop
00003945   strlen
00003959   GPIOPinTypePWM
0000396b   GPIOPinTypeSSI
0000397d   GPIOPinTypeUART
0000398f   PWMOutputState
000039a1   SSIDataGetNonBlocking
000039b3   TimerLoadSet
000039c5   __TI_zero_init
000039d7   _Dclass
000039e9   PWMGenPeriodSet
000039f9   ADCSequenceEnable
00003a07   TimerEnable
00003a15   __TI_decompress_none
00003a23   CPUcpsie
00003a2f   PWMGenEnable
00003a3b   SSIDataGet
00003a47   UARTFlowControlSet
00003a53   ResetISR
00003a5f   ADCIntClear
00003a69   IntMasterEnable
00003a73   SSIDataPut
00003a7d   SSIEnable
00003a87   UARTCharGet
00003a91   UARTCharPut
00003a9b   SSIBusy
00003aa3   TimerIntEnable
00003aab   GPIOPinWrite
00003ab1   SysCtlDelay
00003ab7   UARTClockSourceSet
00003abd   __TI_decompress_rle24
00003ac3   TimerIntClear
00003ac8   _ctypes_
00003d80   __TI_Handler_Table_Base
00003d8c   __TI_Handler_Table_Limit
00003d98   __TI_CINIT_Base
00003da8   __TI_CINIT_Limit
20000000   __stack
20000800   __STACK_END
20000800   __STACK_TOP
20000800   setpointValues
20000c00   buffer
20000c20   result_ref
20000c40   result_sample
20000c60   offset
20000c64   resistance_sample_exp
20000c68   resistance_sample_real
20000c6c   voltage_ref
20000c70   voltage_sample
20000c78   value
20000c7c   command
20000c80   flag
20000c84   nop
20000c88   resistance_pot
20000c8c   voltage_difference
20000c90   voltage_difference_old
20000c94   setpointTemp
20000c98   tempF
20000ca0   setpoints
20000ca4   hours
20000ca8   minutes
20000cac   seconds
20000cb0   _lock
20000cb4   _unlock
20000cb8   __TI_cleanup_ptr
20000cbc   __TI_dtors_ptr
20000cc0   main_func_sp
ffffffff   __binit__
ffffffff   __c_args__
ffffffff   binit
UNDEFED    SHT$$INIT_ARRAY$$Base
UNDEFED    SHT$$INIT_ARRAY$$Limit

[158 symbols]
